Archive member included because of file (symbol)

c:/freescale/kds_v3/toolchain/bin/../lib/gcc/arm-none-eabi/4.8.4/../../../../arm-none-eabi/lib/armv7e-m/fpu\libg_s.a(lib_a-errno.o)
                              ./utilities/fsl_sbrk.o (__errno)
c:/freescale/kds_v3/toolchain/bin/../lib/gcc/arm-none-eabi/4.8.4/../../../../arm-none-eabi/lib/armv7e-m/fpu\libg_s.a(lib_a-exit.o)
                              c:/freescale/kds_v3/toolchain/bin/../lib/gcc/arm-none-eabi/4.8.4/../../../../arm-none-eabi/lib/armv7e-m/fpu/rdimon-crt0.o (exit)
c:/freescale/kds_v3/toolchain/bin/../lib/gcc/arm-none-eabi/4.8.4/../../../../arm-none-eabi/lib/armv7e-m/fpu\libg_s.a(lib_a-impure.o)
                              c:/freescale/kds_v3/toolchain/bin/../lib/gcc/arm-none-eabi/4.8.4/../../../../arm-none-eabi/lib/armv7e-m/fpu\libg_s.a(lib_a-exit.o) (_global_impure_ptr)
c:/freescale/kds_v3/toolchain/bin/../lib/gcc/arm-none-eabi/4.8.4/../../../../arm-none-eabi/lib/armv7e-m/fpu\libg_s.a(lib_a-init.o)
                              c:/freescale/kds_v3/toolchain/bin/../lib/gcc/arm-none-eabi/4.8.4/../../../../arm-none-eabi/lib/armv7e-m/fpu/rdimon-crt0.o (__libc_init_array)
c:/freescale/kds_v3/toolchain/bin/../lib/gcc/arm-none-eabi/4.8.4/../../../../arm-none-eabi/lib/armv7e-m/fpu\libg_s.a(lib_a-malloc.o)
                              ./freertos/Source/portable/MemMang/heap_3.o (malloc)
c:/freescale/kds_v3/toolchain/bin/../lib/gcc/arm-none-eabi/4.8.4/../../../../arm-none-eabi/lib/armv7e-m/fpu\libg_s.a(lib_a-memcmp.o)
                              ./sources/E131.o (memcmp)
c:/freescale/kds_v3/toolchain/bin/../lib/gcc/arm-none-eabi/4.8.4/../../../../arm-none-eabi/lib/armv7e-m/fpu\libg_s.a(lib_a-memcpy-stub.o)
                              ./lwip/src/core/ipv4/etharp.o (memcpy)
c:/freescale/kds_v3/toolchain/bin/../lib/gcc/arm-none-eabi/4.8.4/../../../../arm-none-eabi/lib/armv7e-m/fpu\libg_s.a(lib_a-memset.o)
                              c:/freescale/kds_v3/toolchain/bin/../lib/gcc/arm-none-eabi/4.8.4/../../../../arm-none-eabi/lib/armv7e-m/fpu/rdimon-crt0.o (memset)
c:/freescale/kds_v3/toolchain/bin/../lib/gcc/arm-none-eabi/4.8.4/../../../../arm-none-eabi/lib/armv7e-m/fpu\libg_s.a(lib_a-nano-freer.o)
                              c:/freescale/kds_v3/toolchain/bin/../lib/gcc/arm-none-eabi/4.8.4/../../../../arm-none-eabi/lib/armv7e-m/fpu\libg_s.a(lib_a-malloc.o) (_free_r)
c:/freescale/kds_v3/toolchain/bin/../lib/gcc/arm-none-eabi/4.8.4/../../../../arm-none-eabi/lib/armv7e-m/fpu\libg_s.a(lib_a-nano-mallocr.o)
                              c:/freescale/kds_v3/toolchain/bin/../lib/gcc/arm-none-eabi/4.8.4/../../../../arm-none-eabi/lib/armv7e-m/fpu\libg_s.a(lib_a-malloc.o) (_malloc_r)
c:/freescale/kds_v3/toolchain/bin/../lib/gcc/arm-none-eabi/4.8.4/../../../../arm-none-eabi/lib/armv7e-m/fpu\libg_s.a(lib_a-sbrkr.o)
                              c:/freescale/kds_v3/toolchain/bin/../lib/gcc/arm-none-eabi/4.8.4/../../../../arm-none-eabi/lib/armv7e-m/fpu\libg_s.a(lib_a-nano-mallocr.o) (_sbrk_r)
c:/freescale/kds_v3/toolchain/bin/../lib/gcc/arm-none-eabi/4.8.4/../../../../arm-none-eabi/lib/armv7e-m/fpu\libg_s.a(lib_a-sprintf.o)
                              ./freertos/Source/tasks.o (sprintf)
c:/freescale/kds_v3/toolchain/bin/../lib/gcc/arm-none-eabi/4.8.4/../../../../arm-none-eabi/lib/armv7e-m/fpu\libg_s.a(lib_a-strcpy.o)
                              ./freertos/Source/tasks.o (strcpy)
c:/freescale/kds_v3/toolchain/bin/../lib/gcc/arm-none-eabi/4.8.4/../../../../arm-none-eabi/lib/armv7e-m/fpu\libg_s.a(lib_a-strlen.o)
                              ./utilities/fsl_debug_console.o (strlen)
c:/freescale/kds_v3/toolchain/bin/../lib/gcc/arm-none-eabi/4.8.4/../../../../arm-none-eabi/lib/armv7e-m/fpu\libg_s.a(lib_a-svfprintf.o)
                              c:/freescale/kds_v3/toolchain/bin/../lib/gcc/arm-none-eabi/4.8.4/../../../../arm-none-eabi/lib/armv7e-m/fpu\libg_s.a(lib_a-sprintf.o) (_svfprintf_r)
c:/freescale/kds_v3/toolchain/bin/../lib/gcc/arm-none-eabi/4.8.4/../../../../arm-none-eabi/lib/armv7e-m/fpu\libg_s.a(lib_a-vfprintf_i.o)
                              c:/freescale/kds_v3/toolchain/bin/../lib/gcc/arm-none-eabi/4.8.4/../../../../arm-none-eabi/lib/armv7e-m/fpu\libg_s.a(lib_a-svfprintf.o) (_printf_i)
c:/freescale/kds_v3/toolchain/bin/../lib/gcc/arm-none-eabi/4.8.4/../../../../arm-none-eabi/lib/armv7e-m/fpu\libg_s.a(lib_a-memchr-stub.o)
                              c:/freescale/kds_v3/toolchain/bin/../lib/gcc/arm-none-eabi/4.8.4/../../../../arm-none-eabi/lib/armv7e-m/fpu\libg_s.a(lib_a-svfprintf.o) (memchr)
c:/freescale/kds_v3/toolchain/bin/../lib/gcc/arm-none-eabi/4.8.4/../../../../arm-none-eabi/lib/armv7e-m/fpu\libg_s.a(lib_a-memmove.o)
                              c:/freescale/kds_v3/toolchain/bin/../lib/gcc/arm-none-eabi/4.8.4/../../../../arm-none-eabi/lib/armv7e-m/fpu\libg_s.a(lib_a-svfprintf.o) (memmove)
c:/freescale/kds_v3/toolchain/bin/../lib/gcc/arm-none-eabi/4.8.4/../../../../arm-none-eabi/lib/armv7e-m/fpu\libg_s.a(lib_a-nano-reallocr.o)
[...]
Memory Configuration

Name             Origin             Length             Attributes
m_interrupts     0x00000000         0x00000400         xr
m_flash_config   0x00000400         0x00000010         xr
m_text           0x00000410         0x000ffbf0         xr
m_data           0x1fff0000         0x00010000         rw
m_data_2         0x20000000         0x00030000         rw
*default*        0x00000000         0xffffffff

Linker script and memory map

LOAD c:/freescale/kds_v3/toolchain/bin/../lib/gcc/arm-none-eabi/4.8.4/armv7e-m/fpu/crti.o
LOAD c:/freescale/kds_v3/toolchain/bin/../lib/gcc/arm-none-eabi/4.8.4/armv7e-m/fpu/crtbegin.o
LOAD c:/freescale/kds_v3/toolchain/bin/../lib/gcc/arm-none-eabi/4.8.4/../../../../arm-none-eabi/lib/armv7e-m/fpu/rdimon-crt0.o
START GROUP
LOAD ./utilities/fsl_debug_console.o
LOAD ./utilities/fsl_sbrk.o
LOAD ./sources/E131.o
LOAD ./sources/board.o
LOAD ./sources/clock_config.o
LOAD ./sources/fsl_phy.o
LOAD ./sources/main.o
LOAD ./sources/pin_mux.o
LOAD ./lwip/src/netif/ppp/auth.o
LOAD ./lwip/src/netif/ppp/ccp.o
LOAD ./lwip/src/netif/ppp/chap-md5.o
LOAD ./lwip/src/netif/ppp/chap-new.o
LOAD ./lwip/src/netif/ppp/chap_ms.o
LOAD ./lwip/src/netif/ppp/demand.o
LOAD ./lwip/src/netif/ppp/eap.o
LOAD ./lwip/src/netif/ppp/eui64.o
LOAD ./lwip/src/netif/ppp/fsm.o
LOAD ./lwip/src/netif/ppp/ipcp.o
LOAD ./lwip/src/netif/ppp/ipv6cp.o
LOAD ./lwip/src/netif/ppp/lcp.o
LOAD ./lwip/src/netif/ppp/lwip_ecp.o
LOAD ./lwip/src/netif/ppp/magic.o
LOAD ./lwip/src/netif/ppp/mppe.o
LOAD ./lwip/src/netif/ppp/multilink.o
LOAD ./lwip/src/netif/ppp/ppp.o
LOAD ./lwip/src/netif/ppp/pppapi.o
LOAD ./lwip/src/netif/ppp/pppcrypt.o
LOAD ./lwip/src/netif/ppp/pppoe.o
LOAD ./lwip/src/netif/ppp/pppol2tp.o
LOAD ./lwip/src/netif/ppp/pppos.o
LOAD ./lwip/src/netif/ppp/upap.o
LOAD ./lwip/src/netif/ppp/utils.o
LOAD ./lwip/src/netif/ppp/vj.o
LOAD ./lwip/src/netif/ethernet.o
LOAD ./lwip/src/netif/lowpan6.o
LOAD ./lwip/src/netif/slipif.o
LOAD ./lwip/src/core/ipv6/dhcp6.o
LOAD ./lwip/src/core/ipv6/ethip6.o
LOAD ./lwip/src/core/ipv6/icmp6.o
LOAD ./lwip/src/core/ipv6/inet6.o
LOAD ./lwip/src/core/ipv6/ip6.o
LOAD ./lwip/src/core/ipv6/ip6_addr.o
LOAD ./lwip/src/core/ipv6/ip6_frag.o
LOAD ./lwip/src/core/ipv6/mld6.o
LOAD ./lwip/src/core/ipv6/nd6.o
LOAD ./lwip/src/core/ipv4/autoip.o
LOAD ./lwip/src/core/ipv4/dhcp.o
LOAD ./lwip/src/core/ipv4/etharp.o
LOAD ./lwip/src/core/ipv4/icmp.o
LOAD ./lwip/src/core/ipv4/igmp.o
LOAD ./lwip/src/core/ipv4/ip4.o
LOAD ./lwip/src/core/ipv4/ip4_addr.o
LOAD ./lwip/src/core/ipv4/ip4_frag.o
LOAD ./lwip/src/core/def.o
LOAD ./lwip/src/core/dns.o
LOAD ./lwip/src/core/inet_chksum.o
LOAD ./lwip/src/core/init.o
LOAD ./lwip/src/core/ip.o
LOAD ./lwip/src/core/mem.o
LOAD ./lwip/src/core/memp.o
LOAD ./lwip/src/core/netif.o
LOAD ./lwip/src/core/pbuf.o
LOAD ./lwip/src/core/raw.o
LOAD ./lwip/src/core/stats.o
LOAD ./lwip/src/core/sys.o
LOAD ./lwip/src/core/tcp.o
LOAD ./lwip/src/core/tcp_in.o
LOAD ./lwip/src/core/tcp_out.o
LOAD ./lwip/src/core/timeouts.o
LOAD ./lwip/src/core/udp.o
LOAD ./lwip/src/api/api_lib.o
LOAD ./lwip/src/api/api_msg.o
LOAD ./lwip/src/api/err.o
LOAD ./lwip/src/api/netbuf.o
LOAD ./lwip/src/api/netdb.o
LOAD ./lwip/src/api/netifapi.o
LOAD ./lwip/src/api/sockets.o
LOAD ./lwip/src/api/tcpip.o
LOAD ./lwip/port/ethernetif.o
LOAD ./lwip/port/sys_arch.o
LOAD ./lwip/contrib/apps/udpecho/udpecho.o
LOAD ./freertos/Source/portable/MemMang/heap_3.o
LOAD ./freertos/Source/portable/GCC/ARM_CM4F/fsl_tickless_systick.o
LOAD ./freertos/Source/portable/GCC/ARM_CM4F/port.o
LOAD ./freertos/Source/croutine.o
LOAD ./freertos/Source/event_groups.o
LOAD ./freertos/Source/list.o
LOAD ./freertos/Source/queue.o
LOAD ./freertos/Source/tasks.o
LOAD ./freertos/Source/timers.o
LOAD ./drivers/fsl_clock.o
LOAD ./drivers/fsl_common.o
LOAD ./drivers/fsl_enet.o
LOAD ./drivers/fsl_flash.o
LOAD ./drivers/fsl_ftm.o
LOAD ./drivers/fsl_gpio.o
LOAD ./drivers/fsl_sim.o
LOAD ./drivers/fsl_smc.o
LOAD ./drivers/fsl_uart.o
LOAD ./devices/gcc/startup_MK64F12.o
LOAD ./devices/system_MK64F12.o
LOAD c:/freescale/kds_v3/toolchain/bin/../lib/gcc/arm-none-eabi/4.8.4/../../../../arm-none-eabi/lib/armv7e-m/fpu\libg_s.a
LOAD c:/freescale/kds_v3/toolchain/bin/../lib/gcc/arm-none-eabi/4.8.4/armv7e-m/fpu\libgcc.a
LOAD c:/freescale/kds_v3/toolchain/bin/../lib/gcc/arm-none-eabi/4.8.4/../../../../arm-none-eabi/lib/armv7e-m/fpu\libnosys.a
END GROUP
LOAD c:/freescale/kds_v3/toolchain/bin/../lib/gcc/arm-none-eabi/4.8.4/../../../../arm-none-eabi/lib/armv7e-m/fpu\libstdc++_s.a
LOAD c:/freescale/kds_v3/toolchain/bin/../lib/gcc/arm-none-eabi/4.8.4/../../../../arm-none-eabi/lib/armv7e-m/fpu\libm.a
START GROUP
LOAD c:/freescale/kds_v3/toolchain/bin/../lib/gcc/arm-none-eabi/4.8.4/armv7e-m/fpu\libgcc.a
LOAD c:/freescale/kds_v3/toolchain/bin/../lib/gcc/arm-none-eabi/4.8.4/../../../../arm-none-eabi/lib/armv7e-m/fpu\libg_s.a
LOAD c:/freescale/kds_v3/toolchain/bin/../lib/gcc/arm-none-eabi/4.8.4/../../../../arm-none-eabi/lib/armv7e-m/fpu\libc_s.a
END GROUP
START GROUP
LOAD c:/freescale/kds_v3/toolchain/bin/../lib/gcc/arm-none-eabi/4.8.4/armv7e-m/fpu\libgcc.a
LOAD c:/freescale/kds_v3/toolchain/bin/../lib/gcc/arm-none-eabi/4.8.4/../../../../arm-none-eabi/lib/armv7e-m/fpu\libc_s.a
LOAD c:/freescale/kds_v3/toolchain/bin/../lib/gcc/arm-none-eabi/4.8.4/../../../../arm-none-eabi/lib/armv7e-m/fpu\librdimon_s.a
END GROUP
START GROUP
LOAD c:/freescale/kds_v3/toolchain/bin/../lib/gcc/arm-none-eabi/4.8.4/armv7e-m/fpu\libgcc.a
LOAD c:/freescale/kds_v3/toolchain/bin/../lib/gcc/arm-none-eabi/4.8.4/../../../../arm-none-eabi/lib/armv7e-m/fpu\libc_s.a
LOAD c:/freescale/kds_v3/toolchain/bin/../lib/gcc/arm-none-eabi/4.8.4/../../../../arm-none-eabi/lib/armv7e-m/fpu\librdimon_s.a
END GROUP
LOAD c:/freescale/kds_v3/toolchain/bin/../lib/gcc/arm-none-eabi/4.8.4/armv7e-m/fpu/crtend.o
LOAD c:/freescale/kds_v3/toolchain/bin/../lib/gcc/arm-none-eabi/4.8.4/armv7e-m/fpu/crtn.o
                0x00006000                HEAP_SIZE = DEFINED (__heap_size__)?__heap_size__:0x6000
                0x000003e8                STACK_SIZE = DEFINED (__stack_size__)?__stack_size__:0x3e8
                0x00000000                M_VECTOR_RAM_SIZE = DEFINED (__ram_vector_table__)?0x400:0x0

.interrupts     0x00000000      0x400
                0x00000000                __VECTOR_TABLE = .
                0x00000000                . = ALIGN (0x4)
 *(.isr_vector)
 .isr_vector    0x00000000      0x400 ./devices/gcc/startup_MK64F12.o
                0x00000000                __isr_vector
                0x00000400                . = ALIGN (0x4)

.flash_config   0x00000400       0x10
                0x00000400                . = ALIGN (0x4)
 *(.FlashConfig)
 .FlashConfig   0x00000400       0x10 ./devices/gcc/startup_MK64F12.o
                0x00000410                . = ALIGN (0x4)

.text           0x00000410    0x173c8
                0x00000410                . = ALIGN (0x4)
 *(.text)
 .text          0x00000410       0x54 c:/freescale/kds_v3/toolchain/bin/../lib/gcc/arm-none-eabi/4.8.4/armv7e-m/fpu/crtbegin.o
 .text          0x00000464       0xdc c:/freescale/kds_v3/toolchain/bin/../lib/gcc/arm-none-eabi/4.8.4/../../../../arm-none-eabi/lib/armv7e-m/fpu/rdimon-crt0.o
                0x00000464                _start
                0x00000464                _mainCRTStartup
 .text          0x00000540      0x1fc ./devices/gcc/startup_MK64F12.o
                0x00000540                Reset_Handler
                0x0000059c                DebugMon_Handler
                0x0000059c                PORTC_IRQHandler
                0x0000059c                DMA0_DriverIRQHandler
                0x0000059c                DMA12_DriverIRQHandler
                0x0000059c                RNG_IRQHandler
                0x0000059c                SPI1_DriverIRQHandler
                0x0000059c                DMA_Error_DriverIRQHandler
                0x0000059c                CMP0_IRQHandler
                0x0000059c                UART0_LON_DriverIRQHandler
                0x0000059c                DMA7_DriverIRQHandler
                0x0000059c                I2C0_DriverIRQHandler
                0x0000059c                ENET_Transmit_DriverIRQHandler
                0x0000059c                DMA2_DriverIRQHandler
                0x0000059c                SDHC_DriverIRQHandler
                0x0000059c                PIT0_IRQHandler
                0x0000059c                UART1_ERR_DriverIRQHandler
                0x0000059c                CMP2_IRQHandler
                0x0000059c                LLWU_IRQHandler
                0x0000059c                I2S0_Tx_DriverIRQHandler
                0x0000059c                DMA6_DriverIRQHandler
                0x0000059c                BusFault_Handler
                0x0000059c                LPTMR0_IRQHandler
                0x0000059c                ENET_1588_Timer_DriverIRQHandler
                0x0000059c                I2C2_DriverIRQHandler
                0x0000059c                SWI_IRQHandler
                0x0000059c                ADC0_IRQHandler
                0x0000059c                UsageFault_Handler
                0x0000059c                FTM2_IRQHandler
                0x0000059c                CMT_IRQHandler
                0x0000059c                PORTE_IRQHandler
                0x0000059c                FTM3_IRQHandler
                0x0000059c                DefaultISR
                0x0000059c                CAN0_DriverIRQHandler
                0x0000059c                UART5_ERR_DriverIRQHandler
                0x0000059c                MCM_IRQHandler
                0x0000059c                DMA11_DriverIRQHandler
                0x0000059c                CMP1_IRQHandler
                0x0000059c                Reserved71_IRQHandler
                0x0000059c                PORTD_IRQHandler
                0x0000059c                PORTB_IRQHandler
                0x0000059c                DMA10_DriverIRQHandler
                0x0000059c                DAC1_IRQHandler
                0x0000059c                UART2_ERR_DriverIRQHandler
                0x0000059c                SPI2_DriverIRQHandler
                0x0000059c                ADC1_IRQHandler
                0x0000059c                DMA5_DriverIRQHandler
                0x0000059c                DMA4_DriverIRQHandler
                0x0000059c                PORTA_IRQHandler
                0x0000059c                PIT2_IRQHandler
                0x0000059c                LVD_LVW_IRQHandler
                0x0000059c                PIT1_IRQHandler
                0x0000059c                RTC_IRQHandler
                0x0000059c                UART3_ERR_DriverIRQHandler
                0x0000059c                PDB0_IRQHandler
                0x0000059c                FTFE_IRQHandler
                0x0000059c                FTM1_IRQHandler
                0x0000059c                SPI0_DriverIRQHandler
                0x0000059c                DMA15_DriverIRQHandler
                0x0000059c                DMA3_DriverIRQHandler
                0x0000059c                PIT3_IRQHandler
                0x0000059c                ENET_Error_DriverIRQHandler
                0x0000059c                RTC_Seconds_IRQHandler
                0x0000059c                MCG_IRQHandler
                0x0000059c                MemManage_Handler
                0x0000059c                DMA9_DriverIRQHandler
                0x0000059c                DMA8_DriverIRQHandler
                0x0000059c                UART0_ERR_DriverIRQHandler
                0x0000059c                DMA13_DriverIRQHandler
                0x0000059c                DAC0_IRQHandler
                0x0000059c                ENET_Receive_DriverIRQHandler
                0x0000059c                Read_Collision_IRQHandler
                0x0000059c                DMA14_DriverIRQHandler
                0x0000059c                I2C1_DriverIRQHandler
                0x0000059c                USBDCD_IRQHandler
                0x0000059c                I2S0_Rx_DriverIRQHandler
                0x0000059c                USB0_IRQHandler
                0x0000059c                WDOG_EWM_IRQHandler
                0x0000059c                UART4_ERR_DriverIRQHandler
                0x0000059c                DMA1_DriverIRQHandler
                0x000005a0                NMI_Handler
                0x000005a4                HardFault_Handler
                0x000005b4                DMA0_IRQHandler
                0x000005b8                DMA1_IRQHandler
                0x000005bc                DMA2_IRQHandler
                0x000005c0                DMA3_IRQHandler
                0x000005c4                DMA4_IRQHandler
                0x000005c8                DMA5_IRQHandler
                0x000005cc                DMA6_IRQHandler
                0x000005d0                DMA7_IRQHandler
                0x000005d4                DMA8_IRQHandler
                0x000005d8                DMA9_IRQHandler
                0x000005dc                DMA10_IRQHandler
                0x000005e0                DMA11_IRQHandler
                0x000005e4                DMA12_IRQHandler
                0x000005e8                DMA13_IRQHandler
                0x000005ec                DMA14_IRQHandler
                0x000005f0                DMA15_IRQHandler
                0x000005f4                DMA_Error_IRQHandler
                0x000005f8                I2C0_IRQHandler
                0x000005fc                I2C1_IRQHandler
                0x00000600                SPI0_IRQHandler
                0x00000604                SPI1_IRQHandler
                0x00000608                I2S0_Tx_IRQHandler
                0x0000060c                I2S0_Rx_IRQHandler
                0x00000610                UART0_LON_IRQHandler
                0x00000614                UART0_RX_TX_IRQHandler
                0x00000618                UART0_ERR_IRQHandler
                0x0000061c                UART1_RX_TX_IRQHandler
                0x00000620                UART1_ERR_IRQHandler
                0x00000624                UART2_RX_TX_IRQHandler
                0x00000628                UART2_ERR_IRQHandler
                0x0000062c                UART3_RX_TX_IRQHandler
                0x00000630                UART3_ERR_IRQHandler
                0x00000634                SPI2_IRQHandler
                0x00000638                UART4_RX_TX_IRQHandler
                0x0000063c                UART4_ERR_IRQHandler
                0x00000640                UART5_RX_TX_IRQHandler
                0x00000644                UART5_ERR_IRQHandler
                0x00000648                I2C2_IRQHandler
                0x0000064c                CAN0_ORed_Message_buffer_IRQHandler
                0x00000650                CAN0_Bus_Off_IRQHandler
                0x00000654                CAN0_Error_IRQHandler
                0x00000658                CAN0_Tx_Warning_IRQHandler
                0x0000065c                CAN0_Rx_Warning_IRQHandler
                0x00000660                CAN0_Wake_Up_IRQHandler
                0x00000664                SDHC_IRQHandler
                0x00000668                ENET_1588_Timer_IRQHandler
 .text          0x0000073c       0x38 c:/freescale/kds_v3/toolchain/bin/../lib/gcc/arm-none-eabi/4.8.4/armv7e-m/fpu\libgcc.a(_aeabi_ldivmod.o)
                0x0000073c                __aeabi_ldivmod
 .text          0x00000774       0x2c c:/freescale/kds_v3/toolchain/bin/../lib/gcc/arm-none-eabi/4.8.4/armv7e-m/fpu\libgcc.a(_aeabi_uldivmod.o)
                0x00000774                __aeabi_uldivmod
 .text          0x000007a0       0x60 c:/freescale/kds_v3/toolchain/bin/../lib/gcc/arm-none-eabi/4.8.4/armv7e-m/fpu\libgcc.a(bpabi.o)
                0x000007a0                __gnu_ldivmod_helper
                0x000007d0                __gnu_uldivmod_helper
 .text          0x00000800        0x4 c:/freescale/kds_v3/toolchain/bin/../lib/gcc/arm-none-eabi/4.8.4/armv7e-m/fpu\libgcc.a(_dvmd_tls.o)
                0x00000800                __aeabi_idiv0
                0x00000800                __aeabi_ldiv0
 .text          0x00000804      0x298 c:/freescale/kds_v3/toolchain/bin/../lib/gcc/arm-none-eabi/4.8.4/armv7e-m/fpu\libgcc.a(_divdi3.o)
                0x00000804                __divdi3
 .text          0x00000a9c      0x284 c:/freescale/kds_v3/toolchain/bin/../lib/gcc/arm-none-eabi/4.8.4/armv7e-m/fpu\libgcc.a(_udivdi3.o)
                0x00000a9c                __udivdi3
 *(.text*)
 .text.UART_EnableTx
                0x00000d20       0x40 ./utilities/fsl_debug_console.o
 .text.UART_EnableRx
                0x00000d60       0x40 ./utilities/fsl_debug_console.o
 .text.DbgConsole_Init
                0x00000da0       0x90 ./utilities/fsl_debug_console.o
                0x00000da0                DbgConsole_Init
 .text.DbgConsole_Printf
                0x00000e30       0x40 ./utilities/fsl_debug_console.o
                0x00000e30                DbgConsole_Printf
 .text.DbgConsole_Putchar
                0x00000e70       0x38 ./utilities/fsl_debug_console.o
                0x00000e70                DbgConsole_Putchar
 .text.DbgConsole_PrintfPaddingCharacter
                0x00000ea8       0x40 ./utilities/fsl_debug_console.o
 .text.DbgConsole_ConvertRadixNumToString
                0x00000ee8      0x1d8 ./utilities/fsl_debug_console.o
 .text.DbgConsole_PrintfFormattedData
                0x000010c0      0x734 ./utilities/fsl_debug_console.o
 .text._sbrk    0x000017f4       0x5c ./utilities/fsl_sbrk.o
                0x000017f4                _sbrk
 .text.E131_init
                0x00001850       0x5c ./sources/E131.o
                0x00001850                E131_init
 .text.initUnicast
                0x000018ac       0x5c ./sources/E131.o
                0x000018ac                initUnicast
 .text.initMulticast
                0x00001908       0xd8 ./sources/E131.o
                0x00001908                initMulticast
 .text.E131_begin
                0x000019e0       0x34 ./sources/E131.o
                0x000019e0                E131_begin
 .text.E131_parsePacket
                0x00001a14      0x16c ./sources/E131.o
                0x00001a14                E131_parsePacket
 .text.validate
                0x00001b80       0x70 ./sources/E131.o
                0x00001b80                validate
 .text.BOARD_InitDebugConsole
                0x00001bf0       0x24 ./sources/board.o
                0x00001bf0                BOARD_InitDebugConsole
 .text.CLOCK_SetSimSafeDivs
                0x00001c14       0x20 ./sources/clock_config.o
 .text.CLOCK_SetXtal0Freq
                0x00001c34       0x1c ./sources/clock_config.o
 .text.BOARD_BootClockRUN
                0x00001c50       0x64 ./sources/clock_config.o
                0x00001c50                BOARD_BootClockRUN
 .text.BOARD_InitOsc0
                0x00001cb4       0x30 ./sources/clock_config.o
                0x00001cb4                BOARD_InitOsc0
 .text.CLOCK_EnableClock
                0x00001ce4       0x34 ./sources/fsl_phy.o
 .text.ENET_ReadSMIData
                0x00001d18       0x1c ./sources/fsl_phy.o
 .text.ENET_GetInterruptStatus
                0x00001d34       0x18 ./sources/fsl_phy.o
 .text.ENET_ClearInterruptStatus
                0x00001d4c       0x1c ./sources/fsl_phy.o
 .text.PHY_Init
                0x00001d68       0xc4 ./sources/fsl_phy.o
                0x00001d68                PHY_Init
 .text.PHY_Write
                0x00001e2c       0x70 ./sources/fsl_phy.o
                0x00001e2c                PHY_Write
 .text.PHY_Read
                0x00001e9c       0x98 ./sources/fsl_phy.o
                0x00001e9c                PHY_Read
 .text.PHY_GetLinkStatus
                0x00001f34       0x68 ./sources/fsl_phy.o
                0x00001f34                PHY_GetLinkStatus
 .text.PHY_GetLinkSpeedDuplex
                0x00001f9c       0x98 ./sources/fsl_phy.o
                0x00001f9c                PHY_GetLinkSpeedDuplex
 .text.NVIC_EnableIRQ
                0x00002034       0x30 ./sources/main.o
 .text.EnableIRQ
                0x00002064       0x28 ./sources/main.o
 .text.FTM_StartTimer
                0x0000208c       0x38 ./sources/main.o
 .text.FTM0_IRQHandler
                0x000020c4       0x7c ./sources/main.o
                0x000020c4                FTM0_IRQHandler
 .text.main     0x00002140      0x1b4 ./sources/main.o
                0x00002140                main
 .text.CLOCK_EnableClock
                0x000022f4       0x34 ./sources/pin_mux.o
 .text.PORT_SetPinMux
                0x00002328       0x38 ./sources/pin_mux.o
 .text.BOARD_InitPins
                0x00002360      0x100 ./sources/pin_mux.o
                0x00002360                BOARD_InitPins
 .text.ethernet_input
                0x00002460      0x108 ./lwip/src/netif/ethernet.o
                0x00002460                ethernet_input
 .text.dhcp_check
                0x00002568       0x64 ./lwip/src/core/ipv4/dhcp.o
 .text.dhcp_select
                0x000025cc      0x150 ./lwip/src/core/ipv4/dhcp.o
 .text.dhcp_coarse_tmr
                0x0000271c       0xa4 ./lwip/src/core/ipv4/dhcp.o
                0x0000271c                dhcp_coarse_tmr
 .text.dhcp_fine_tmr
                0x000027c0       0x60 ./lwip/src/core/ipv4/dhcp.o
                0x000027c0                dhcp_fine_tmr
 .text.dhcp_timeout
                0x00002820       0x90 ./lwip/src/core/ipv4/dhcp.o
 .text.dhcp_t1_timeout
                0x000028b0       0x60 ./lwip/src/core/ipv4/dhcp.o
 .text.dhcp_t2_timeout
                0x00002910       0x68 ./lwip/src/core/ipv4/dhcp.o
 .text.dhcp_arp_reply
                0x00002978       0x48 ./lwip/src/core/ipv4/dhcp.o
                0x00002978                dhcp_arp_reply
 .text.dhcp_decline
                0x000029c0       0xd8 ./lwip/src/core/ipv4/dhcp.o
 .text.dhcp_discover
                0x00002a98      0x11c ./lwip/src/core/ipv4/dhcp.o
 .text.dhcp_bind
                0x00002bb4      0x1a0 ./lwip/src/core/ipv4/dhcp.o
 .text.dhcp_renew
                0x00002d54      0x110 ./lwip/src/core/ipv4/dhcp.o
                0x00002d54                dhcp_renew
 .text.dhcp_rebind
                0x00002e64      0x110 ./lwip/src/core/ipv4/dhcp.o
 .text.dhcp_reboot
                0x00002f74      0x12c ./lwip/src/core/ipv4/dhcp.o
 .text.dhcp_release
                0x000030a0      0x114 ./lwip/src/core/ipv4/dhcp.o
                0x000030a0                dhcp_release
 .text.dhcp_set_state
                0x000031b4       0x34 ./lwip/src/core/ipv4/dhcp.o
 .text.dhcp_option
                0x000031e8       0x60 ./lwip/src/core/ipv4/dhcp.o
 .text.dhcp_option_byte
                0x00003248       0x3c ./lwip/src/core/ipv4/dhcp.o
 .text.dhcp_option_short
                0x00003284       0x60 ./lwip/src/core/ipv4/dhcp.o
 .text.dhcp_option_long
                0x000032e4       0x9c ./lwip/src/core/ipv4/dhcp.o
 .text.dhcp_create_msg
                0x00003380      0x280 ./lwip/src/core/ipv4/dhcp.o
 .text.dhcp_delete_msg
                0x00003600       0x64 ./lwip/src/core/ipv4/dhcp.o
 .text.dhcp_option_trailer
                0x00003664       0x94 ./lwip/src/core/ipv4/dhcp.o
 .text.dhcp_supplied_address
                0x000036f8       0x3c ./lwip/src/core/ipv4/dhcp.o
                0x000036f8                dhcp_supplied_address
 .text.etharp_free_entry
                0x00003734       0xbc ./lwip/src/core/ipv4/etharp.o
 .text.etharp_tmr
                0x000037f0      0x150 ./lwip/src/core/ipv4/etharp.o
                0x000037f0                etharp_tmr
 .text.etharp_find_entry
                0x00003940      0x258 ./lwip/src/core/ipv4/etharp.o
 .text.etharp_send_ip
                0x00003b98       0x64 ./lwip/src/core/ipv4/etharp.o
 .text.etharp_update_arp_entry
                0x00003bfc      0x134 ./lwip/src/core/ipv4/etharp.o
 .text.etharp_arp_input
                0x00003d30      0x1a0 ./lwip/src/core/ipv4/etharp.o
                0x00003d30                etharp_arp_input
 .text.etharp_output_to_arp_index
                0x00003ed0      0x120 ./lwip/src/core/ipv4/etharp.o
 .text.etharp_output
                0x00003ff0      0x1c0 ./lwip/src/core/ipv4/etharp.o
                0x00003ff0                etharp_output
 .text.etharp_query
                0x000041b0      0x26c ./lwip/src/core/ipv4/etharp.o
                0x000041b0                etharp_query
 .text.etharp_raw
                0x0000441c      0x12c ./lwip/src/core/ipv4/etharp.o
 .text.etharp_request_dst
                0x00004548       0x40 ./lwip/src/core/ipv4/etharp.o
 .text.etharp_request
                0x00004588       0x24 ./lwip/src/core/ipv4/etharp.o
                0x00004588                etharp_request
 .text.icmp_input
                0x000045ac      0x23c ./lwip/src/core/ipv4/icmp.o
                0x000045ac                icmp_input
 .text.icmp_dest_unreach
                0x000047e8       0x20 ./lwip/src/core/ipv4/icmp.o
                0x000047e8                icmp_dest_unreach
 .text.icmp_time_exceeded
                0x00004808       0x20 ./lwip/src/core/ipv4/icmp.o
                0x00004808                icmp_time_exceeded
 .text.icmp_send_response
                0x00004828       0xd4 ./lwip/src/core/ipv4/icmp.o
 .text.igmp_init
                0x000048fc       0x28 ./lwip/src/core/ipv4/igmp.o
                0x000048fc                igmp_init
 .text.igmp_start
                0x00004924       0x54 ./lwip/src/core/ipv4/igmp.o
                0x00004924                igmp_start
 .text.igmp_report_groups
                0x00004978       0x48 ./lwip/src/core/ipv4/igmp.o
                0x00004978                igmp_report_groups
 .text.igmp_lookfor_group
                0x000049c0       0x4c ./lwip/src/core/ipv4/igmp.o
                0x000049c0                igmp_lookfor_group
 .text.igmp_lookup_group
                0x00004a0c       0x78 ./lwip/src/core/ipv4/igmp.o
 .text.igmp_input
                0x00004a84      0x144 ./lwip/src/core/ipv4/igmp.o
                0x00004a84                igmp_input
 .text.igmp_joingroup
                0x00004bc8       0xac ./lwip/src/core/ipv4/igmp.o
                0x00004bc8                igmp_joingroup
 .text.igmp_joingroup_netif
                0x00004c74       0xc4 ./lwip/src/core/ipv4/igmp.o
                0x00004c74                igmp_joingroup_netif
 .text.igmp_tmr
                0x00004d38       0x48 ./lwip/src/core/ipv4/igmp.o
                0x00004d38                igmp_tmr
 .text.igmp_timeout
                0x00004d80       0x30 ./lwip/src/core/ipv4/igmp.o
 .text.igmp_start_timer
                0x00004db0       0x44 ./lwip/src/core/ipv4/igmp.o
 .text.igmp_delaying_member
                0x00004df4       0x48 ./lwip/src/core/ipv4/igmp.o
 .text.igmp_ip_output_if
                0x00004e3c       0x44 ./lwip/src/core/ipv4/igmp.o
 .text.igmp_send
                0x00004e80       0xd8 ./lwip/src/core/ipv4/igmp.o
 .text.ip4_route
                0x00004f58       0xec ./lwip/src/core/ipv4/ip4.o
                0x00004f58                ip4_route
 .text.ip4_input
                0x00005044      0x340 ./lwip/src/core/ipv4/ip4.o
                0x00005044                ip4_input
 .text.ip4_output_if
                0x00005384       0x38 ./lwip/src/core/ipv4/ip4.o
                0x00005384                ip4_output_if
 .text.ip4_output_if_opt
                0x000053bc       0x5c ./lwip/src/core/ipv4/ip4.o
                0x000053bc                ip4_output_if_opt
 .text.ip4_output_if_src
                0x00005418       0x38 ./lwip/src/core/ipv4/ip4.o
                0x00005418                ip4_output_if_src
 .text.ip4_output_if_opt_src
                0x00005450      0x25c ./lwip/src/core/ipv4/ip4.o
                0x00005450                ip4_output_if_opt_src
 .text.ip4_addr_isbroadcast_u32
                0x000056ac       0x84 ./lwip/src/core/ipv4/ip4_addr.o
                0x000056ac                ip4_addr_isbroadcast_u32
 .text.ip_reass_tmr
                0x00005730       0x54 ./lwip/src/core/ipv4/ip4_frag.o
                0x00005730                ip_reass_tmr
 .text.ip_reass_free_complete_datagram
                0x00005784      0x128 ./lwip/src/core/ipv4/ip4_frag.o
 .text.ip_reass_remove_oldest_datagram
                0x000058ac       0xc4 ./lwip/src/core/ipv4/ip4_frag.o
 .text.ip_reass_enqueue_new_datagram
                0x00005970       0x74 ./lwip/src/core/ipv4/ip4_frag.o
 .text.ip_reass_dequeue_datagram
                0x000059e4       0x48 ./lwip/src/core/ipv4/ip4_frag.o
 .text.ip_reass_chain_frag_into_datagram_and_validate
                0x00005a2c      0x274 ./lwip/src/core/ipv4/ip4_frag.o
 .text.ip4_reass
                0x00005ca0      0x264 ./lwip/src/core/ipv4/ip4_frag.o
                0x00005ca0                ip4_reass
 .text.ip_frag_alloc_pbuf_custom_ref
                0x00005f04       0x10 ./lwip/src/core/ipv4/ip4_frag.o
 .text.ip_frag_free_pbuf_custom_ref
                0x00005f14       0x28 ./lwip/src/core/ipv4/ip4_frag.o
 .text.ipfrag_free_pbuf_custom
                0x00005f3c       0x4c ./lwip/src/core/ipv4/ip4_frag.o
 .text.ip4_frag
                0x00005f88      0x208 ./lwip/src/core/ipv4/ip4_frag.o
                0x00005f88                ip4_frag
 .text.lwip_htons
                0x00006190       0x2c ./lwip/src/core/def.o
                0x00006190                lwip_htons
 .text.lwip_ntohs
                0x000061bc       0x1c ./lwip/src/core/def.o
                0x000061bc                lwip_ntohs
 .text.lwip_htonl
                0x000061d8       0x34 ./lwip/src/core/def.o
                0x000061d8                lwip_htonl
 .text.lwip_ntohl
                0x0000620c       0x18 ./lwip/src/core/def.o
                0x0000620c                lwip_ntohl
 .text.lwip_standard_chksum
                0x00006224       0xb8 ./lwip/src/core/inet_chksum.o
                0x00006224                lwip_standard_chksum
 .text.inet_cksum_pseudo_base
                0x000062dc       0xd8 ./lwip/src/core/inet_chksum.o
 .text.inet_chksum_pseudo
                0x000063b4       0x74 ./lwip/src/core/inet_chksum.o
                0x000063b4                inet_chksum_pseudo
 .text.ip_chksum_pseudo
                0x00006428       0x30 ./lwip/src/core/inet_chksum.o
                0x00006428                ip_chksum_pseudo
 .text.inet_chksum
                0x00006458       0x24 ./lwip/src/core/inet_chksum.o
                0x00006458                inet_chksum
 .text.inet_chksum_pbuf
                0x0000647c       0x98 ./lwip/src/core/inet_chksum.o
                0x0000647c                inet_chksum_pbuf
 .text.lwip_init
                0x00006514       0x28 ./lwip/src/core/init.o
                0x00006514                lwip_init
 .text.plug_holes
                0x0000653c      0x108 ./lwip/src/core/mem.o
 .text.mem_init
                0x00006644       0x90 ./lwip/src/core/mem.o
                0x00006644                mem_init
 .text.mem_free
                0x000066d4       0xbc ./lwip/src/core/mem.o
                0x000066d4                mem_free
 .text.mem_trim
                0x00006790      0x1bc ./lwip/src/core/mem.o
                0x00006790                mem_trim
 .text.mem_malloc
                0x0000694c      0x1c4 ./lwip/src/core/mem.o
                0x0000694c                mem_malloc
 .text.memp_init_pool
                0x00006b10       0x5c ./lwip/src/core/memp.o
                0x00006b10                memp_init_pool
 .text.memp_init
                0x00006b6c       0x30 ./lwip/src/core/memp.o
                0x00006b6c                memp_init
 .text.do_memp_malloc_pool
                0x00006b9c       0x54 ./lwip/src/core/memp.o
 .text.memp_malloc
                0x00006bf0       0x3c ./lwip/src/core/memp.o
                0x00006bf0                memp_malloc
 .text.do_memp_free_pool
                0x00006c2c       0x48 ./lwip/src/core/memp.o
 .text.memp_free
                0x00006c74       0x38 ./lwip/src/core/memp.o
                0x00006c74                memp_free
 .text.netif_init
                0x00006cac        0xc ./lwip/src/core/netif.o
                0x00006cac                netif_init
 .text.netif_add
                0x00006cb8       0xbc ./lwip/src/core/netif.o
                0x00006cb8                netif_add
 .text.netif_set_addr
                0x00006d74       0x54 ./lwip/src/core/netif.o
                0x00006d74                netif_set_addr
 .text.netif_set_ipaddr
                0x00006dc8       0x68 ./lwip/src/core/netif.o
                0x00006dc8                netif_set_ipaddr
 .text.netif_set_gw
                0x00006e30       0x28 ./lwip/src/core/netif.o
                0x00006e30                netif_set_gw
 .text.netif_set_netmask
                0x00006e58       0x28 ./lwip/src/core/netif.o
                0x00006e58                netif_set_netmask
 .text.netif_set_default
                0x00006e80       0x1c ./lwip/src/core/netif.o
                0x00006e80                netif_set_default
 .text.netif_set_up
                0x00006e9c       0x44 ./lwip/src/core/netif.o
                0x00006e9c                netif_set_up
 .text.netif_issue_reports
                0x00006ee0       0x54 ./lwip/src/core/netif.o
 .text.pbuf_alloc
                0x00006f34      0x2bc ./lwip/src/core/pbuf.o
                0x00006f34                pbuf_alloc
 .text.pbuf_alloced_custom
                0x000071f0       0xc4 ./lwip/src/core/pbuf.o
                0x000071f0                pbuf_alloced_custom
 .text.pbuf_realloc
                0x000072b4      0x12c ./lwip/src/core/pbuf.o
                0x000072b4                pbuf_realloc
 .text.pbuf_header_impl
                0x000073e0      0x128 ./lwip/src/core/pbuf.o
 .text.pbuf_header
                0x00007508       0x24 ./lwip/src/core/pbuf.o
                0x00007508                pbuf_header
 .text.pbuf_header_force
                0x0000752c       0x24 ./lwip/src/core/pbuf.o
                0x0000752c                pbuf_header_force
 .text.pbuf_free
                0x00007550      0x10c ./lwip/src/core/pbuf.o
                0x00007550                pbuf_free
 .text.pbuf_clen
                0x0000765c       0x30 ./lwip/src/core/pbuf.o
                0x0000765c                pbuf_clen
 .text.pbuf_ref
                0x0000768c       0x2c ./lwip/src/core/pbuf.o
                0x0000768c                pbuf_ref
 .text.pbuf_cat
                0x000076b8       0x8c ./lwip/src/core/pbuf.o
                0x000076b8                pbuf_cat
 .text.pbuf_chain
                0x00007744       0x20 ./lwip/src/core/pbuf.o
                0x00007744                pbuf_chain
 .text.pbuf_copy
                0x00007764      0x15c ./lwip/src/core/pbuf.o
                0x00007764                pbuf_copy
 .text.pbuf_copy_partial
                0x000078c0       0xd8 ./lwip/src/core/pbuf.o
                0x000078c0                pbuf_copy_partial
 .text.tcp_init
                0x00007998        0xc ./lwip/src/core/tcp.o
                0x00007998                tcp_init
 .text.tcp_tmr  0x000079a4       0x2c ./lwip/src/core/tcp.o
                0x000079a4                tcp_tmr
 .text.tcp_remove_listener
                0x000079d0       0x38 ./lwip/src/core/tcp.o
 .text.tcp_listen_closed
                0x00007a08       0x58 ./lwip/src/core/tcp.o
 .text.tcp_backlog_accepted
                0x00007a60       0x60 ./lwip/src/core/tcp.o
                0x00007a60                tcp_backlog_accepted
 .text.tcp_close_shutdown
                0x00007ac0      0x264 ./lwip/src/core/tcp.o
 .text.tcp_close
                0x00007d24       0x30 ./lwip/src/core/tcp.o
                0x00007d24                tcp_close
 .text.tcp_shutdown
                0x00007d54       0x8c ./lwip/src/core/tcp.o
                0x00007d54                tcp_shutdown
 .text.tcp_abandon
                0x00007de0      0x13c ./lwip/src/core/tcp.o
                0x00007de0                tcp_abandon
 .text.tcp_abort
                0x00007f1c       0x18 ./lwip/src/core/tcp.o
                0x00007f1c                tcp_abort
 .text.tcp_bind
                0x00007f34      0x110 ./lwip/src/core/tcp.o
                0x00007f34                tcp_bind
 .text.tcp_update_rcv_ann_wnd
                0x00008044       0x90 ./lwip/src/core/tcp.o
                0x00008044                tcp_update_rcv_ann_wnd
 .text.tcp_recved
                0x000080d4       0x9c ./lwip/src/core/tcp.o
                0x000080d4                tcp_recved
 .text.tcp_new_port
                0x00008170       0x8c ./lwip/src/core/tcp.o
 .text.tcp_slowtmr
                0x000081fc      0x4d8 ./lwip/src/core/tcp.o
                0x000081fc                tcp_slowtmr
 .text.tcp_fasttmr
                0x000086d4       0xa4 ./lwip/src/core/tcp.o
                0x000086d4                tcp_fasttmr
 .text.tcp_process_refused_data
                0x00008778       0xcc ./lwip/src/core/tcp.o
                0x00008778                tcp_process_refused_data
 .text.tcp_segs_free
                0x00008844       0x28 ./lwip/src/core/tcp.o
                0x00008844                tcp_segs_free
 .text.tcp_seg_free
                0x0000886c       0x30 ./lwip/src/core/tcp.o
                0x0000886c                tcp_seg_free
 .text.tcp_recv_null
                0x0000889c       0x48 ./lwip/src/core/tcp.o
                0x0000889c                tcp_recv_null
 .text.tcp_kill_prio
                0x000088e4       0x80 ./lwip/src/core/tcp.o
 .text.tcp_kill_state
                0x00008964       0x84 ./lwip/src/core/tcp.o
 .text.tcp_kill_timewait
                0x000089e8       0x5c ./lwip/src/core/tcp.o
 .text.tcp_alloc
                0x00008a44      0x114 ./lwip/src/core/tcp.o
                0x00008a44                tcp_alloc
 .text.tcp_new  0x00008b58       0x10 ./lwip/src/core/tcp.o
                0x00008b58                tcp_new
 .text.tcp_arg  0x00008b68       0x20 ./lwip/src/core/tcp.o
                0x00008b68                tcp_arg
 .text.tcp_recv
                0x00008b88       0x30 ./lwip/src/core/tcp.o
                0x00008b88                tcp_recv
 .text.tcp_sent
                0x00008bb8       0x30 ./lwip/src/core/tcp.o
                0x00008bb8                tcp_sent
 .text.tcp_err  0x00008be8       0x30 ./lwip/src/core/tcp.o
                0x00008be8                tcp_err
 .text.tcp_accept
                0x00008c18       0x2c ./lwip/src/core/tcp.o
                0x00008c18                tcp_accept
 .text.tcp_poll
                0x00008c44       0x34 ./lwip/src/core/tcp.o
                0x00008c44                tcp_poll
 .text.tcp_pcb_purge
                0x00008c78       0x78 ./lwip/src/core/tcp.o
                0x00008c78                tcp_pcb_purge
 .text.tcp_pcb_remove
                0x00008cf0       0xc4 ./lwip/src/core/tcp.o
                0x00008cf0                tcp_pcb_remove
 .text.tcp_next_iss
                0x00008db4       0x28 ./lwip/src/core/tcp.o
                0x00008db4                tcp_next_iss
 .text.tcp_eff_send_mss_impl
                0x00008ddc       0x48 ./lwip/src/core/tcp.o
                0x00008ddc                tcp_eff_send_mss_impl
 .text.tcp_netif_ipv4_addr_changed_pcblist
                0x00008e24       0x40 ./lwip/src/core/tcp.o
 .text.tcp_netif_ipv4_addr_changed
                0x00008e64       0x7c ./lwip/src/core/tcp.o
                0x00008e64                tcp_netif_ipv4_addr_changed
 .text.tcp_input
                0x00008ee0      0x754 ./lwip/src/core/tcp_in.o
                0x00008ee0                tcp_input
 .text.tcp_listen_input
                0x00009634      0x1dc ./lwip/src/core/tcp_in.o
 .text.tcp_timewait_input
                0x00009810       0xd0 ./lwip/src/core/tcp_in.o
 .text.tcp_process
                0x000098e0      0x724 ./lwip/src/core/tcp_in.o
 .text.tcp_receive
                0x0000a004      0x950 ./lwip/src/core/tcp_in.o
 .text.tcp_getoptbyte
                0x0000a954       0x74 ./lwip/src/core/tcp_in.o
 .text.tcp_parseopt
                0x0000a9c8       0xc8 ./lwip/src/core/tcp_in.o
 .text.tcp_trigger_input_pcb_close
                0x0000aa90       0x20 ./lwip/src/core/tcp_in.o
                0x0000aa90                tcp_trigger_input_pcb_close
 .text.tcp_output_alloc_header
                0x0000aab0       0xe8 ./lwip/src/core/tcp_out.o
 .text.tcp_send_fin
                0x0000ab98       0x80 ./lwip/src/core/tcp_out.o
                0x0000ab98                tcp_send_fin
 .text.tcp_create_segment
                0x0000ac18      0x10c ./lwip/src/core/tcp_out.o
 .text.tcp_pbuf_prealloc
                0x0000ad24       0xb8 ./lwip/src/core/tcp_out.o
 .text.tcp_write_checks
                0x0000addc       0xd0 ./lwip/src/core/tcp_out.o
 .text.tcp_write
                0x0000aeac      0x568 ./lwip/src/core/tcp_out.o
                0x0000aeac                tcp_write
 .text.tcp_enqueue_flags
                0x0000b414      0x1c4 ./lwip/src/core/tcp_out.o
                0x0000b414                tcp_enqueue_flags
 .text.tcp_send_empty_ack
                0x0000b5d8       0xd4 ./lwip/src/core/tcp_out.o
                0x0000b5d8                tcp_send_empty_ack
 .text.tcp_output
                0x0000b6ac      0x340 ./lwip/src/core/tcp_out.o
                0x0000b6ac                tcp_output
 .text.tcp_output_segment
                0x0000b9ec      0x15c ./lwip/src/core/tcp_out.o
 .text.tcp_rst  0x0000bb48       0xf8 ./lwip/src/core/tcp_out.o
                0x0000bb48                tcp_rst
 .text.tcp_rexmit_rto
                0x0000bc40       0x74 ./lwip/src/core/tcp_out.o
                0x0000bc40                tcp_rexmit_rto
 .text.tcp_rexmit
                0x0000bcb4       0x94 ./lwip/src/core/tcp_out.o
                0x0000bcb4                tcp_rexmit
 .text.tcp_rexmit_fast
                0x0000bd48       0xac ./lwip/src/core/tcp_out.o
                0x0000bd48                tcp_rexmit_fast
 .text.tcp_keepalive
                0x0000bdf4       0x98 ./lwip/src/core/tcp_out.o
                0x0000bdf4                tcp_keepalive
 .text.tcp_zero_window_probe
                0x0000be8c      0x130 ./lwip/src/core/tcp_out.o
                0x0000be8c                tcp_zero_window_probe
 .text.tcpip_tcp_timer
                0x0000bfbc       0x44 ./lwip/src/core/timeouts.o
 .text.tcp_timer_needed
                0x0000c000       0x40 ./lwip/src/core/timeouts.o
                0x0000c000                tcp_timer_needed
 .text.cyclic_timer
                0x0000c040       0x2c ./lwip/src/core/timeouts.o
 .text.sys_timeouts_init
                0x0000c06c       0x50 ./lwip/src/core/timeouts.o
                0x0000c06c                sys_timeouts_init
 .text.sys_timeout
                0x0000c0bc      0x134 ./lwip/src/core/timeouts.o
                0x0000c0bc                sys_timeout
 .text.sys_check_timeouts
                0x0000c1f0       0xa0 ./lwip/src/core/timeouts.o
 .text.sys_timeouts_sleeptime
                0x0000c290       0x4c ./lwip/src/core/timeouts.o
 .text.sys_timeouts_mbox_fetch
                0x0000c2dc       0x4c ./lwip/src/core/timeouts.o
                0x0000c2dc                sys_timeouts_mbox_fetch
 .text.udp_init
                0x0000c328        0xc ./lwip/src/core/udp.o
                0x0000c328                udp_init
 .text.udp_new_port
                0x0000c334       0x74 ./lwip/src/core/udp.o
 .text.udp_input_local_match
                0x0000c3a8       0x84 ./lwip/src/core/udp.o
 .text.udp_input
                0x0000c42c      0x1f0 ./lwip/src/core/udp.o
                0x0000c42c                udp_input
 .text.udp_sendto_if
                0x0000c61c       0x78 ./lwip/src/core/udp.o
                0x0000c61c                udp_sendto_if
 .text.udp_sendto_if_src
                0x0000c694      0x18c ./lwip/src/core/udp.o
                0x0000c694                udp_sendto_if_src
 .text.udp_bind
                0x0000c820       0xdc ./lwip/src/core/udp.o
                0x0000c820                udp_bind
 .text.udp_recv
                0x0000c8fc       0x24 ./lwip/src/core/udp.o
                0x0000c8fc                udp_recv
 .text.udp_new  0x0000c920       0x34 ./lwip/src/core/udp.o
                0x0000c920                udp_new
 .text.udp_netif_ipv4_addr_changed
                0x0000c954       0x5c ./lwip/src/core/udp.o
                0x0000c954                udp_netif_ipv4_addr_changed
 .text.netconn_apimsg
                0x0000c9b0       0x40 ./lwip/src/api/api_lib.o
 .text.netconn_new_with_proto_and_callback
                0x0000c9f0       0xbc ./lwip/src/api/api_lib.o
                0x0000c9f0                netconn_new_with_proto_and_callback
 .text.netconn_getaddr
                0x0000caac       0x80 ./lwip/src/api/api_lib.o
                0x0000caac                netconn_getaddr
 .text.netconn_bind
                0x0000cb2c       0x60 ./lwip/src/api/api_lib.o
                0x0000cb2c                netconn_bind
 .text.netconn_recv_data
                0x0000cb8c      0x154 ./lwip/src/api/api_lib.o
 .text.netconn_recv
                0x0000cce0       0xc8 ./lwip/src/api/api_lib.o
                0x0000cce0                netconn_recv
 .text.netconn_close_shutdown
                0x0000cda8       0x4c ./lwip/src/api/api_lib.o
 .text.recv_udp
                0x0000cdf4       0xd0 ./lwip/src/api/api_msg.o
 .text.recv_tcp
                0x0000cec4       0xe8 ./lwip/src/api/api_msg.o
 .text.poll_tcp
                0x0000cfac       0xc4 ./lwip/src/api/api_msg.o
 .text.sent_tcp
                0x0000d070       0xa0 ./lwip/src/api/api_msg.o
 .text.err_tcp  0x0000d110      0x1a4 ./lwip/src/api/api_msg.o
 .text.setup_tcp
                0x0000d2b4       0x50 ./lwip/src/api/api_msg.o
 .text.pcb_new  0x0000d304       0xb8 ./lwip/src/api/api_msg.o
 .text.lwip_netconn_do_newconn
                0x0000d3bc       0x54 ./lwip/src/api/api_msg.o
                0x0000d3bc                lwip_netconn_do_newconn
 .text.netconn_alloc
                0x0000d410       0xd4 ./lwip/src/api/api_msg.o
                0x0000d410                netconn_alloc
 .text.netconn_free
                0x0000d4e4       0x5c ./lwip/src/api/api_msg.o
                0x0000d4e4                netconn_free
 .text.netconn_drain
                0x0000d540       0xdc ./lwip/src/api/api_msg.o
 .text.lwip_netconn_do_close_internal
                0x0000d61c      0x2b0 ./lwip/src/api/api_msg.o
 .text.lwip_netconn_do_bind
                0x0000d8cc       0xc0 ./lwip/src/api/api_msg.o
                0x0000d8cc                lwip_netconn_do_bind
 .text.lwip_netconn_do_recv
                0x0000d98c       0x94 ./lwip/src/api/api_msg.o
                0x0000d98c                lwip_netconn_do_recv
 .text.lwip_netconn_do_writemore
                0x0000da20      0x30c ./lwip/src/api/api_msg.o
 .text.lwip_netconn_do_getaddr
                0x0000dd2c      0x128 ./lwip/src/api/api_msg.o
                0x0000dd2c                lwip_netconn_do_getaddr
 .text.lwip_netconn_do_close
                0x0000de54      0x12c ./lwip/src/api/api_msg.o
                0x0000de54                lwip_netconn_do_close
 .text.netbuf_delete
                0x0000df80       0x3c ./lwip/src/api/netbuf.o
                0x0000df80                netbuf_delete
 .text.tcpip_thread
                0x0000dfbc       0xbc ./lwip/src/api/tcpip.o
 .text.tcpip_inpkt
                0x0000e078       0x74 ./lwip/src/api/tcpip.o
                0x0000e078                tcpip_inpkt
 .text.tcpip_input
                0x0000e0ec       0x44 ./lwip/src/api/tcpip.o
                0x0000e0ec                tcpip_input
 .text.tcpip_send_msg_wait_sem
                0x0000e130       0x30 ./lwip/src/api/tcpip.o
                0x0000e130                tcpip_send_msg_wait_sem
 .text.tcpip_init
                0x0000e160       0x78 ./lwip/src/api/tcpip.o
                0x0000e160                tcpip_init
 .text.NVIC_SetPriority
                0x0000e1d8       0x54 ./lwip/port/ethernetif.o
 .text.ENET_ActiveRead
                0x0000e22c       0x1c ./lwip/port/ethernetif.o
 .text.ethernet_callback
                0x0000e248       0x8c ./lwip/port/ethernetif.o
                0x0000e248                ethernet_callback
 .text.ethernetif_igmp_mac_filter
                0x0000e2d4       0x7c ./lwip/port/ethernetif.o
 .text.low_level_init
                0x0000e350      0x19c ./lwip/port/ethernetif.o
 .text.low_level_output
                0x0000e4ec       0xf8 ./lwip/port/ethernetif.o
 .text.low_level_input
                0x0000e5e4       0x9c ./lwip/port/ethernetif.o
 .text.ethernetif_input
                0x0000e680       0x4c ./lwip/port/ethernetif.o
                0x0000e680                ethernetif_input
 .text.ethernetif_init
                0x0000e6cc       0x8c ./lwip/port/ethernetif.o
                0x0000e6cc                ethernetif_init
 .text.sys_assert
                0x0000e758       0x20 ./lwip/port/sys_arch.o
                0x0000e758                sys_assert
 .text.lwip_rand
                0x0000e778       0x34 ./lwip/port/sys_arch.o
                0x0000e778                lwip_rand
 .text.sys_mbox_new
                0x0000e7ac       0x38 ./lwip/port/sys_arch.o
                0x0000e7ac                sys_mbox_new
 .text.sys_mbox_free
                0x0000e7e4       0x40 ./lwip/port/sys_arch.o
                0x0000e7e4                sys_mbox_free
 .text.sys_mbox_trypost
                0x0000e824       0x94 ./lwip/port/sys_arch.o
                0x0000e824                sys_mbox_trypost
 .text.sys_arch_mbox_fetch
                0x0000e8b8       0x9c ./lwip/port/sys_arch.o
                0x0000e8b8                sys_arch_mbox_fetch
 .text.sys_arch_mbox_tryfetch
                0x0000e954       0x44 ./lwip/port/sys_arch.o
                0x0000e954                sys_arch_mbox_tryfetch
 .text.sys_sem_new
                0x0000e998       0x68 ./lwip/port/sys_arch.o
                0x0000e998                sys_sem_new
 .text.sys_arch_sem_wait
                0x0000ea00       0x88 ./lwip/port/sys_arch.o
                0x0000ea00                sys_arch_sem_wait
 .text.sys_mutex_new
                0x0000ea88       0x30 ./lwip/port/sys_arch.o
                0x0000ea88                sys_mutex_new
 .text.sys_mutex_lock
                0x0000eab8       0x28 ./lwip/port/sys_arch.o
                0x0000eab8                sys_mutex_lock
 .text.sys_mutex_unlock
                0x0000eae0       0x20 ./lwip/port/sys_arch.o
                0x0000eae0                sys_mutex_unlock
 .text.sys_sem_signal
                0x0000eb00       0x20 ./lwip/port/sys_arch.o
                0x0000eb00                sys_sem_signal
 .text.sys_sem_free
                0x0000eb20       0x18 ./lwip/port/sys_arch.o
                0x0000eb20                sys_sem_free
 .text.sys_init
                0x0000eb38        0xc ./lwip/port/sys_arch.o
                0x0000eb38                sys_init
 .text.sys_now  0x0000eb44       0x10 ./lwip/port/sys_arch.o
                0x0000eb44                sys_now
 .text.sys_thread_new
                0x0000eb54       0x44 ./lwip/port/sys_arch.o
                0x0000eb54                sys_thread_new
 .text.sys_arch_protect
                0x0000eb98       0x44 ./lwip/port/sys_arch.o
                0x0000eb98                sys_arch_protect
 .text.sys_arch_unprotect
                0x0000ebdc       0x2c ./lwip/port/sys_arch.o
                0x0000ebdc                sys_arch_unprotect
 .text.udpecho_thread
                0x0000ec08       0x1c ./lwip/contrib/apps/udpecho/udpecho.o
 .text.udpecho_init
                0x0000ec24       0x24 ./lwip/contrib/apps/udpecho/udpecho.o
                0x0000ec24                udpecho_init
 .text.pvPortMalloc
                0x0000ec48       0x24 ./freertos/Source/portable/MemMang/heap_3.o
                0x0000ec48                pvPortMalloc
 .text.vPortFree
                0x0000ec6c       0x24 ./freertos/Source/portable/MemMang/heap_3.o
                0x0000ec6c                vPortFree
 .text.vPortSetupTimerInterrupt
                0x0000ec90       0x30 ./freertos/Source/portable/GCC/ARM_CM4F/fsl_tickless_systick.o
                0x0000ec90                vPortSetupTimerInterrupt
 .text.pxPortInitialiseStack
                0x0000ecc0       0x68 ./freertos/Source/portable/GCC/ARM_CM4F/port.o
                0x0000ecc0                pxPortInitialiseStack
 .text.prvTaskExitError
                0x0000ed28       0x3c ./freertos/Source/portable/GCC/ARM_CM4F/port.o
 *fill*         0x0000ed64        0xc 
 .text.SVC_Handler
                0x0000ed70       0x30 ./freertos/Source/portable/GCC/ARM_CM4F/port.o
                0x0000ed70                SVC_Handler
 .text.prvPortStartFirstTask
                0x0000eda0       0x20 ./freertos/Source/portable/GCC/ARM_CM4F/port.o
 .text.xPortStartScheduler
                0x0000edc0      0x118 ./freertos/Source/portable/GCC/ARM_CM4F/port.o
                0x0000edc0                xPortStartScheduler
 .text.vPortEnterCritical
                0x0000eed8       0x5c ./freertos/Source/portable/GCC/ARM_CM4F/port.o
                0x0000eed8                vPortEnterCritical
 .text.vPortExitCritical
                0x0000ef34       0x4c ./freertos/Source/portable/GCC/ARM_CM4F/port.o
                0x0000ef34                vPortExitCritical
 .text.PendSV_Handler
                0x0000ef80       0x70 ./freertos/Source/portable/GCC/ARM_CM4F/port.o
                0x0000ef80                PendSV_Handler
 .text.SysTick_Handler
                0x0000eff0       0x40 ./freertos/Source/portable/GCC/ARM_CM4F/port.o
                0x0000eff0                SysTick_Handler
 .text.vPortEnableVFP
                0x0000f030       0x14 ./freertos/Source/portable/GCC/ARM_CM4F/port.o
 .text.vPortValidateInterruptPriority
                0x0000f044       0x78 ./freertos/Source/portable/GCC/ARM_CM4F/port.o
                0x0000f044                vPortValidateInterruptPriority
 .text.xEventGroupCreate
                0x0000f0bc       0x30 ./freertos/Source/event_groups.o
                0x0000f0bc                xEventGroupCreate
 .text.xEventGroupWaitBits
                0x0000f0ec      0x194 ./freertos/Source/event_groups.o
                0x0000f0ec                xEventGroupWaitBits
 .text.xEventGroupSetBits
                0x0000f280      0x114 ./freertos/Source/event_groups.o
                0x0000f280                xEventGroupSetBits
 .text.vEventGroupSetBitsCallback
                0x0000f394       0x18 ./freertos/Source/event_groups.o
                0x0000f394                vEventGroupSetBitsCallback
 .text.prvTestWaitCondition
                0x0000f3ac       0x44 ./freertos/Source/event_groups.o
 .text.xEventGroupSetBitsFromISR
                0x0000f3f0       0x28 ./freertos/Source/event_groups.o
                0x0000f3f0                xEventGroupSetBitsFromISR
 .text.vListInitialise
                0x0000f418       0x40 ./freertos/Source/list.o
                0x0000f418                vListInitialise
 .text.vListInitialiseItem
                0x0000f458       0x18 ./freertos/Source/list.o
                0x0000f458                vListInitialiseItem
 .text.vListInsertEnd
                0x0000f470       0x48 ./freertos/Source/list.o
                0x0000f470                vListInsertEnd
 .text.vListInsert
                0x0000f4b8       0x70 ./freertos/Source/list.o
                0x0000f4b8                vListInsert
 .text.uxListRemove
                0x0000f528       0x54 ./freertos/Source/list.o
                0x0000f528                uxListRemove
 .text.xQueueGenericReset
                0x0000f57c       0xd0 ./freertos/Source/queue.o
                0x0000f57c                xQueueGenericReset
 .text.xQueueGenericCreate
                0x0000f64c       0x70 ./freertos/Source/queue.o
                0x0000f64c                xQueueGenericCreate
 .text.prvInitialiseNewQueue
                0x0000f6bc       0x44 ./freertos/Source/queue.o
 .text.prvInitialiseMutex
                0x0000f700       0x34 ./freertos/Source/queue.o
 .text.xQueueCreateMutex
                0x0000f734       0x30 ./freertos/Source/queue.o
                0x0000f734                xQueueCreateMutex
 .text.xQueueGenericSend
                0x0000f764      0x1fc ./freertos/Source/queue.o
                0x0000f764                xQueueGenericSend
 .text.xQueueGenericSendFromISR
                0x0000f960      0x128 ./freertos/Source/queue.o
                0x0000f960                xQueueGenericSendFromISR
 .text.xQueueGenericReceive
                0x0000fa88      0x22c ./freertos/Source/queue.o
                0x0000fa88                xQueueGenericReceive
 .text.uxQueueMessagesWaiting
                0x0000fcb4       0x3c ./freertos/Source/queue.o
                0x0000fcb4                uxQueueMessagesWaiting
 .text.vQueueDelete
                0x0000fcf0       0x38 ./freertos/Source/queue.o
                0x0000fcf0                vQueueDelete
 .text.prvCopyDataToQueue
                0x0000fd28       0xd8 ./freertos/Source/queue.o
 .text.prvCopyDataFromQueue
                0x0000fe00       0x4c ./freertos/Source/queue.o
 .text.prvUnlockQueue
                0x0000fe4c       0xa0 ./freertos/Source/queue.o
 .text.prvIsQueueEmpty
                0x0000feec       0x2c ./freertos/Source/queue.o
 .text.prvIsQueueFull
                0x0000ff18       0x30 ./freertos/Source/queue.o
 .text.xQueueIsQueueFullFromISR
                0x0000ff48       0x48 ./freertos/Source/queue.o
                0x0000ff48                xQueueIsQueueFullFromISR
 .text.vQueueAddToRegistry
                0x0000ff90       0x50 ./freertos/Source/queue.o
                0x0000ff90                vQueueAddToRegistry
 .text.vQueueUnregisterQueue
                0x0000ffe0       0x50 ./freertos/Source/queue.o
                0x0000ffe0                vQueueUnregisterQueue
 .text.vQueueWaitForMessageRestricted
                0x00010030       0x6c ./freertos/Source/queue.o
                0x00010030                vQueueWaitForMessageRestricted
 .text.xTaskCreate
                0x0001009c       0x84 ./freertos/Source/tasks.o
                0x0001009c                xTaskCreate
 .text.prvInitialiseNewTask
                0x00010120      0x108 ./freertos/Source/tasks.o
 .text.prvAddNewTaskToReadyList
                0x00010228       0xdc ./freertos/Source/tasks.o
 .text.vTaskStartScheduler
                0x00010304       0x94 ./freertos/Source/tasks.o
                0x00010304                vTaskStartScheduler
 .text.vTaskSuspendAll
                0x00010398       0x1c ./freertos/Source/tasks.o
                0x00010398                vTaskSuspendAll
 .text.xTaskResumeAll
                0x000103b4      0x138 ./freertos/Source/tasks.o
                0x000103b4                xTaskResumeAll
 .text.xTaskGetTickCount
                0x000104ec       0x20 ./freertos/Source/tasks.o
                0x000104ec                xTaskGetTickCount
 .text.xTaskIncrementTick
                0x0001050c      0x15c ./freertos/Source/tasks.o
                0x0001050c                xTaskIncrementTick
 .text.vTaskSwitchContext
                0x00010668       0xb4 ./freertos/Source/tasks.o
                0x00010668                vTaskSwitchContext
 .text.vTaskPlaceOnEventList
                0x0001071c       0x44 ./freertos/Source/tasks.o
                0x0001071c                vTaskPlaceOnEventList
 .text.vTaskPlaceOnUnorderedEventList
                0x00010760       0x74 ./freertos/Source/tasks.o
                0x00010760                vTaskPlaceOnUnorderedEventList
 .text.vTaskPlaceOnEventListRestricted
                0x000107d4       0x54 ./freertos/Source/tasks.o
                0x000107d4                vTaskPlaceOnEventListRestricted
 .text.xTaskRemoveFromEventList
                0x00010828       0xc4 ./freertos/Source/tasks.o
                0x00010828                xTaskRemoveFromEventList
 .text.xTaskRemoveFromUnorderedEventList
                0x000108ec       0xcc ./freertos/Source/tasks.o
                0x000108ec                xTaskRemoveFromUnorderedEventList
 .text.vTaskSetTimeOutState
                0x000109b8       0x44 ./freertos/Source/tasks.o
                0x000109b8                vTaskSetTimeOutState
 .text.xTaskCheckForTimeOut
                0x000109fc       0xbc ./freertos/Source/tasks.o
                0x000109fc                xTaskCheckForTimeOut
 .text.vTaskMissedYield
                0x00010ab8       0x18 ./freertos/Source/tasks.o
                0x00010ab8                vTaskMissedYield
 .text.prvIdleTask
                0x00010ad0       0x30 ./freertos/Source/tasks.o
 .text.prvInitialiseTaskLists
                0x00010b00       0x7c ./freertos/Source/tasks.o
 .text.prvCheckTasksWaitingTermination
                0x00010b7c       0x74 ./freertos/Source/tasks.o
 .text.prvDeleteTCB
                0x00010bf0       0x20 ./freertos/Source/tasks.o
 .text.prvResetNextTaskUnblockTime
                0x00010c10       0x48 ./freertos/Source/tasks.o
 .text.xTaskGetSchedulerState
                0x00010c58       0x3c ./freertos/Source/tasks.o
                0x00010c58                xTaskGetSchedulerState
 .text.vTaskPriorityInherit
                0x00010c94       0xec ./freertos/Source/tasks.o
                0x00010c94                vTaskPriorityInherit
 .text.xTaskPriorityDisinherit
                0x00010d80      0x108 ./freertos/Source/tasks.o
                0x00010d80                xTaskPriorityDisinherit
 .text.uxTaskResetEventItemValue
                0x00010e88       0x30 ./freertos/Source/tasks.o
                0x00010e88                uxTaskResetEventItemValue
 .text.pvTaskIncrementMutexHeldCount
                0x00010eb8       0x28 ./freertos/Source/tasks.o
                0x00010eb8                pvTaskIncrementMutexHeldCount
 .text.prvAddCurrentTaskToDelayedList
                0x00010ee0       0xc8 ./freertos/Source/tasks.o
 .text.xTimerCreateTimerTask
                0x00010fa8       0x60 ./freertos/Source/timers.o
                0x00010fa8                xTimerCreateTimerTask
 .text.xTimerGenericCommand
                0x00011008       0xa4 ./freertos/Source/timers.o
                0x00011008                xTimerGenericCommand
 .text.prvProcessExpiredTimer
                0x000110ac       0x80 ./freertos/Source/timers.o
 .text.prvTimerTask
                0x0001112c       0x24 ./freertos/Source/timers.o
 .text.prvProcessTimerOrBlockTask
                0x00011150       0x9c ./freertos/Source/timers.o
 .text.prvGetNextExpireTime
                0x000111ec       0x48 ./freertos/Source/timers.o
 .text.prvSampleTimeNow
                0x00011234       0x40 ./freertos/Source/timers.o
 .text.prvInsertTimerInActiveList
                0x00011274       0x84 ./freertos/Source/timers.o
 .text.prvProcessReceivedCommands
                0x000112f8      0x164 ./freertos/Source/timers.o
 .text.prvSwitchTimerLists
                0x0001145c       0xc0 ./freertos/Source/timers.o
 .text.prvCheckForValidListAndQueue
                0x0001151c       0x6c ./freertos/Source/timers.o
 .text.xTimerPendFunctionCallFromISR
                0x00011588       0x44 ./freertos/Source/timers.o
                0x00011588                xTimerPendFunctionCallFromISR
 .text.CLOCK_SetEr32kClock
                0x000115cc       0x2c ./drivers/fsl_clock.o
 .text.CLOCK_SetPllFllSelClock
                0x000115f8       0x38 ./drivers/fsl_clock.o
 .text.OSC_SetExtRefClkConfig
                0x00011630       0x34 ./drivers/fsl_clock.o
 .text.OSC_SetCapLoad
                0x00011664       0x34 ./drivers/fsl_clock.o
 .text.CLOCK_GetMcgExtClkFreq
                0x00011698       0x8c ./drivers/fsl_clock.o
 .text.CLOCK_GetFllExtRefClkFreq
                0x00011724       0xc8 ./drivers/fsl_clock.o
 .text.CLOCK_GetInternalRefClkSelectFreq
                0x000117ec       0x44 ./drivers/fsl_clock.o
 .text.CLOCK_GetFllRefClkFreq
                0x00011830       0x2c ./drivers/fsl_clock.o
 .text.CLOCK_GetPll0RefFreq
                0x0001185c       0x10 ./drivers/fsl_clock.o
 .text.CLOCK_GetOscRangeFromFreq
                0x0001186c       0x3c ./drivers/fsl_clock.o
 .text.CLOCK_GetOsc0ErClkFreq
                0x000118a8       0x48 ./drivers/fsl_clock.o
                0x000118a8                CLOCK_GetOsc0ErClkFreq
 .text.CLOCK_GetEr32kClkFreq
                0x000118f0       0x80 ./drivers/fsl_clock.o
                0x000118f0                CLOCK_GetEr32kClkFreq
 .text.CLOCK_GetPllFllSelClkFreq
                0x00011970       0x54 ./drivers/fsl_clock.o
                0x00011970                CLOCK_GetPllFllSelClkFreq
 .text.CLOCK_GetCoreSysClkFreq
                0x000119c4       0x24 ./drivers/fsl_clock.o
                0x000119c4                CLOCK_GetCoreSysClkFreq
 .text.CLOCK_GetFreq
                0x000119e8      0x144 ./drivers/fsl_clock.o
                0x000119e8                CLOCK_GetFreq
 .text.CLOCK_SetSimConfig
                0x00011b2c       0x34 ./drivers/fsl_clock.o
                0x00011b2c                CLOCK_SetSimConfig
 .text.CLOCK_GetOutClkFreq
                0x00011b60       0x64 ./drivers/fsl_clock.o
                0x00011b60                CLOCK_GetOutClkFreq
 .text.CLOCK_GetFllFreq
                0x00011bc4       0x74 ./drivers/fsl_clock.o
                0x00011bc4                CLOCK_GetFllFreq
 .text.CLOCK_GetInternalRefClkFreq
                0x00011c38       0x24 ./drivers/fsl_clock.o
                0x00011c38                CLOCK_GetInternalRefClkFreq
 .text.CLOCK_GetFixedFreqClkFreq
                0x00011c5c       0x30 ./drivers/fsl_clock.o
                0x00011c5c                CLOCK_GetFixedFreqClkFreq
 .text.CLOCK_GetPll0Freq
                0x00011c8c       0x78 ./drivers/fsl_clock.o
                0x00011c8c                CLOCK_GetPll0Freq
 .text.CLOCK_SetExternalRefClkConfig
                0x00011d04       0x90 ./drivers/fsl_clock.o
                0x00011d04                CLOCK_SetExternalRefClkConfig
 .text.CLOCK_SetInternalRefClkConfig
                0x00011d94      0x104 ./drivers/fsl_clock.o
                0x00011d94                CLOCK_SetInternalRefClkConfig
 .text.CLOCK_EnablePll0
                0x00011e98       0x94 ./drivers/fsl_clock.o
                0x00011e98                CLOCK_EnablePll0
 .text.CLOCK_InitOsc0
                0x00011f2c       0x8c ./drivers/fsl_clock.o
                0x00011f2c                CLOCK_InitOsc0
 .text.CLOCK_SetPbeMode
                0x00011fb8       0xb8 ./drivers/fsl_clock.o
                0x00011fb8                CLOCK_SetPbeMode
 .text.CLOCK_BootToPeeMode
                0x00012070       0x74 ./drivers/fsl_clock.o
                0x00012070                CLOCK_BootToPeeMode
 .text.__assert_func
                0x000120e4       0x28 ./drivers/fsl_common.o
                0x000120e4                __assert_func
 .text.NVIC_EnableIRQ
                0x0001210c       0x30 ./drivers/fsl_enet.o
 .text.CLOCK_EnableClock
                0x0001213c       0x34 ./drivers/fsl_enet.o
 .text.EnableIRQ
                0x00012170       0x28 ./drivers/fsl_enet.o
 .text.ENET_Reset
                0x00012198       0x20 ./drivers/fsl_enet.o
 .text.ENET_GetSMI
                0x000121b8       0x28 ./drivers/fsl_enet.o
 .text.ENET_EnableSleepMode
                0x000121e0       0x38 ./drivers/fsl_enet.o
 .text.ENET_EnableInterrupts
                0x00012218       0x20 ./drivers/fsl_enet.o
 .text.ENET_GetInstance
                0x00012238       0x54 ./drivers/fsl_enet.o
                0x00012238                ENET_GetInstance
 .text.ENET_GetDefaultConfig
                0x0001228c       0x54 ./drivers/fsl_enet.o
                0x0001228c                ENET_GetDefaultConfig
 .text.ENET_Init
                0x000122e0      0x25c ./drivers/fsl_enet.o
                0x000122e0                ENET_Init
 .text.ENET_SetCallback
                0x0001253c       0x40 ./drivers/fsl_enet.o
                0x0001253c                ENET_SetCallback
 .text.ENET_SetMacController
                0x0001257c      0x2b8 ./drivers/fsl_enet.o
 .text.ENET_SetTxBufferDescriptors
                0x00012834       0xa4 ./drivers/fsl_enet.o
 .text.ENET_SetRxBufferDescriptors
                0x000128d8       0xa8 ./drivers/fsl_enet.o
 .text.ENET_SetMacAddr
                0x00012980       0x5c ./drivers/fsl_enet.o
                0x00012980                ENET_SetMacAddr
 .text.ENET_SetSMI
                0x000129dc       0x94 ./drivers/fsl_enet.o
                0x000129dc                ENET_SetSMI
 .text.ENET_StartSMIWrite
                0x00012a70       0x50 ./drivers/fsl_enet.o
                0x00012a70                ENET_StartSMIWrite
 .text.ENET_StartSMIRead
                0x00012ac0       0x48 ./drivers/fsl_enet.o
                0x00012ac0                ENET_StartSMIRead
 .text.ENET_GetRxFrameSize
                0x00012b08       0xec ./drivers/fsl_enet.o
                0x00012b08                ENET_GetRxFrameSize
 .text.ENET_ReadFrame
                0x00012bf4      0x148 ./drivers/fsl_enet.o
                0x00012bf4                ENET_ReadFrame
 .text.ENET_UpdateReadBuffers
                0x00012d3c       0x8c ./drivers/fsl_enet.o
 .text.ENET_SendFrame
                0x00012dc8      0x1ec ./drivers/fsl_enet.o
                0x00012dc8                ENET_SendFrame
 .text.ENET_AddMulticastGroup
                0x00012fb4       0xe0 ./drivers/fsl_enet.o
                0x00012fb4                ENET_AddMulticastGroup
 .text.ENET_TransmitIRQHandler
                0x00013094       0x60 ./drivers/fsl_enet.o
                0x00013094                ENET_TransmitIRQHandler
 .text.ENET_ReceiveIRQHandler
                0x000130f4       0x60 ./drivers/fsl_enet.o
                0x000130f4                ENET_ReceiveIRQHandler
 .text.ENET_ErrorIRQHandler
                0x00013154       0x98 ./drivers/fsl_enet.o
                0x00013154                ENET_ErrorIRQHandler
 .text.ENET_Transmit_IRQHandler
                0x000131ec       0x20 ./drivers/fsl_enet.o
                0x000131ec                ENET_Transmit_IRQHandler
 .text.ENET_Receive_IRQHandler
                0x0001320c       0x20 ./drivers/fsl_enet.o
                0x0001320c                ENET_Receive_IRQHandler
 .text.ENET_Error_IRQHandler
                0x0001322c       0x20 ./drivers/fsl_enet.o
                0x0001322c                ENET_Error_IRQHandler
 .text.CLOCK_EnableClock
                0x0001324c       0x34 ./drivers/fsl_ftm.o
 .text.FTM_GetInstance
                0x00013280       0x60 ./drivers/fsl_ftm.o
 .text.FTM_SetPwmSync
                0x000132e0      0x118 ./drivers/fsl_ftm.o
 .text.FTM_SetReloadPoints
                0x000133f8      0x170 ./drivers/fsl_ftm.o
 .text.FTM_Init
                0x00013568      0x100 ./drivers/fsl_ftm.o
                0x00013568                FTM_Init
 .text.FTM_GetDefaultConfig
                0x00013668       0x78 ./drivers/fsl_ftm.o
                0x00013668                FTM_GetDefaultConfig
 .text.FTM_SetupPwm
                0x000136e0      0x30c ./drivers/fsl_ftm.o
                0x000136e0                FTM_SetupPwm
 .text.FTM_EnableInterrupts
                0x000139ec       0x88 ./drivers/fsl_ftm.o
                0x000139ec                FTM_EnableInterrupts
 .text.FTM_GetStatusFlags
                0x00013a74       0x64 ./drivers/fsl_ftm.o
                0x00013a74                FTM_GetStatusFlags
 .text.FTM_ClearStatusFlags
                0x00013ad8       0x68 ./drivers/fsl_ftm.o
                0x00013ad8                FTM_ClearStatusFlags
 .text.CLOCK_EnableClock
                0x00013b40       0x34 ./drivers/fsl_uart.o
 .text.UART_GetInstance
                0x00013b74       0x60 ./drivers/fsl_uart.o
                0x00013b74                UART_GetInstance
 .text.UART_Init
                0x00013bd4      0x2d8 ./drivers/fsl_uart.o
                0x00013bd4                UART_Init
 .text.UART_GetDefaultConfig
                0x00013eac       0x5c ./drivers/fsl_uart.o
                0x00013eac                UART_GetDefaultConfig
 .text.UART_GetStatusFlags
                0x00013f08       0x48 ./drivers/fsl_uart.o
                0x00013f08                UART_GetStatusFlags
 .text.UART_WriteBlocking
                0x00013f50       0x40 ./drivers/fsl_uart.o
                0x00013f50                UART_WriteBlocking
 .text.UART_ReadBlocking
                0x00013f90       0xa4 ./drivers/fsl_uart.o
                0x00013f90                UART_ReadBlocking
 .text.UART0_DriverIRQHandler
                0x00014034       0x20 ./drivers/fsl_uart.o
                0x00014034                UART0_DriverIRQHandler
 .text.UART0_RX_TX_DriverIRQHandler
                0x00014054        0xc ./drivers/fsl_uart.o
                0x00014054                UART0_RX_TX_DriverIRQHandler
 .text.UART1_DriverIRQHandler
                0x00014060       0x20 ./drivers/fsl_uart.o
                0x00014060                UART1_DriverIRQHandler
 .text.UART1_RX_TX_DriverIRQHandler
                0x00014080        0xc ./drivers/fsl_uart.o
                0x00014080                UART1_RX_TX_DriverIRQHandler
 .text.UART2_DriverIRQHandler
                0x0001408c       0x20 ./drivers/fsl_uart.o
                0x0001408c                UART2_DriverIRQHandler
 .text.UART2_RX_TX_DriverIRQHandler
                0x000140ac        0xc ./drivers/fsl_uart.o
                0x000140ac                UART2_RX_TX_DriverIRQHandler
 .text.UART3_DriverIRQHandler
                0x000140b8       0x20 ./drivers/fsl_uart.o
                0x000140b8                UART3_DriverIRQHandler
 .text.UART3_RX_TX_DriverIRQHandler
                0x000140d8        0xc ./drivers/fsl_uart.o
                0x000140d8                UART3_RX_TX_DriverIRQHandler
 .text.UART4_DriverIRQHandler
                0x000140e4       0x20 ./drivers/fsl_uart.o
                0x000140e4                UART4_DriverIRQHandler
 .text.UART4_RX_TX_DriverIRQHandler
                0x00014104        0xc ./drivers/fsl_uart.o
                0x00014104                UART4_RX_TX_DriverIRQHandler
 .text.UART5_DriverIRQHandler
                0x00014110       0x20 ./drivers/fsl_uart.o
                0x00014110                UART5_DriverIRQHandler
 .text.UART5_RX_TX_DriverIRQHandler
                0x00014130        0xc ./drivers/fsl_uart.o
                0x00014130                UART5_RX_TX_DriverIRQHandler
 .text.SystemInit
                0x0001413c       0x3c ./devices/system_MK64F12.o
                0x0001413c                SystemInit
 .text.__errno  0x00014178        0xc c:/freescale/kds_v3/toolchain/bin/../lib/gcc/arm-none-eabi/4.8.4/../../../../arm-none-eabi/lib/armv7e-m/fpu\libg_s.a(lib_a-errno.o)
                0x00014178                __errno
 .text.exit     0x00014184       0x28 c:/freescale/kds_v3/toolchain/bin/../lib/gcc/arm-none-eabi/4.8.4/../../../../arm-none-eabi/lib/armv7e-m/fpu\libg_s.a(lib_a-exit.o)
                0x00014184                exit
 .text.__libc_init_array
                0x000141ac       0x4c c:/freescale/kds_v3/toolchain/bin/../lib/gcc/arm-none-eabi/4.8.4/../../../../arm-none-eabi/lib/armv7e-m/fpu\libg_s.a(lib_a-init.o)
                0x000141ac                __libc_init_array
 .text.malloc   0x000141f8       0x10 c:/freescale/kds_v3/toolchain/bin/../lib/gcc/arm-none-eabi/4.8.4/../../../../arm-none-eabi/lib/armv7e-m/fpu\libg_s.a(lib_a-malloc.o)
                0x000141f8                malloc
 .text.free     0x00014208       0x10 c:/freescale/kds_v3/toolchain/bin/../lib/gcc/arm-none-eabi/4.8.4/../../../../arm-none-eabi/lib/armv7e-m/fpu\libg_s.a(lib_a-malloc.o)
                0x00014208                free
 .text.memcmp   0x00014218       0x1e c:/freescale/kds_v3/toolchain/bin/../lib/gcc/arm-none-eabi/4.8.4/../../../../arm-none-eabi/lib/armv7e-m/fpu\libg_s.a(lib_a-memcmp.o)
                0x00014218                memcmp
 .text.memcpy   0x00014236       0x12 c:/freescale/kds_v3/toolchain/bin/../lib/gcc/arm-none-eabi/4.8.4/../../../../arm-none-eabi/lib/armv7e-m/fpu\libg_s.a(lib_a-memcpy-stub.o)
                0x00014236                memcpy
 .text.memset   0x00014248       0x10 c:/freescale/kds_v3/toolchain/bin/../lib/gcc/arm-none-eabi/4.8.4/../../../../arm-none-eabi/lib/armv7e-m/fpu\libg_s.a(lib_a-memset.o)
                0x00014248                memset
 .text._free_r  0x00014258       0x88 c:/freescale/kds_v3/toolchain/bin/../lib/gcc/arm-none-eabi/4.8.4/../../../../arm-none-eabi/lib/armv7e-m/fpu\libg_s.a(lib_a-nano-freer.o)
                0x00014258                _free_r
 .text._malloc_r
                0x000142e0       0xa8 c:/freescale/kds_v3/toolchain/bin/../lib/gcc/arm-none-eabi/4.8.4/../../../../arm-none-eabi/lib/armv7e-m/fpu\libg_s.a(lib_a-nano-mallocr.o)
                0x000142e0                _malloc_r
 .text._sbrk_r  0x00014388       0x20 c:/freescale/kds_v3/toolchain/bin/../lib/gcc/arm-none-eabi/4.8.4/../../../../arm-none-eabi/lib/armv7e-m/fpu\libg_s.a(lib_a-sbrkr.o)
                0x00014388                _sbrk_r
 .text.strlen   0x000143a8       0x10 c:/freescale/kds_v3/toolchain/bin/../lib/gcc/arm-none-eabi/4.8.4/../../../../arm-none-eabi/lib/armv7e-m/fpu\libg_s.a(lib_a-strlen.o)
                0x000143a8                strlen
 .text._exit    0x000143b8        0x4 c:/freescale/kds_v3/toolchain/bin/../lib/gcc/arm-none-eabi/4.8.4/../../../../arm-none-eabi/lib/armv7e-m/fpu\libnosys.a(_exit.o)
                0x000143b8                _exit
 .text.initialise_monitor_handles
                0x000143bc       0x9c c:/freescale/kds_v3/toolchain/bin/../lib/gcc/arm-none-eabi/4.8.4/../../../../arm-none-eabi/lib/armv7e-m/fpu\librdimon_s.a(rdimon-syscalls.o)
                0x000143bc                initialise_monitor_handles
 *(.rodata)
 .rodata        0x00014458      0x134 ./sources/E131.o
 .rodata        0x0001458c       0x1c ./sources/clock_config.o
 .rodata        0x000145a8       0x30 ./sources/fsl_phy.o
 .rodata        0x000145d8       0xec ./sources/main.o
 .rodata        0x000146c4      0x494 ./lwip/src/core/ipv4/dhcp.o
 .rodata        0x00014b58      0x208 ./lwip/src/core/ipv4/etharp.o
 .rodata        0x00014d60       0x98 ./lwip/src/core/ipv4/icmp.o
 .rodata        0x00014df8      0x280 ./lwip/src/core/ipv4/igmp.o
 .rodata        0x00015078       0x3c ./lwip/src/core/ipv4/ip4.o
 .rodata        0x000150b4      0x178 ./lwip/src/core/ipv4/ip4_frag.o
 .rodata        0x0001522c      0x1c0 ./lwip/src/core/mem.o
 .rodata        0x000153ec      0x138 ./lwip/src/core/memp.o
 .rodata        0x00015524       0x18 ./lwip/src/core/netif.o
 .rodata        0x0001553c      0x4a0 ./lwip/src/core/pbuf.o
 .rodata        0x000159dc      0x424 ./lwip/src/core/tcp.o
 .rodata        0x00015e00      0x2c8 ./lwip/src/core/tcp_in.o
 .rodata        0x000160c8      0x3e0 ./lwip/src/core/tcp_out.o
 .rodata        0x000164a8       0x40 ./lwip/src/core/timeouts.o
 .rodata        0x000164e8       0x44 ./lwip/src/core/udp.o
 .rodata        0x0001652c      0x2b0 ./lwip/src/api/api_lib.o
 .rodata        0x000167dc      0x49c ./lwip/src/api/api_msg.o
 .rodata        0x00016c78       0x88 ./lwip/src/api/tcpip.o
 .rodata        0x00016d00       0x2c ./lwip/port/ethernetif.o
 .rodata        0x00016d2c        0x4 ./lwip/port/sys_arch.o
 .rodata        0x00016d30       0x10 ./lwip/contrib/apps/udpecho/udpecho.o
 .rodata        0x00016d40       0x18 ./freertos/Source/tasks.o
 .rodata        0x00016d58       0x10 ./freertos/Source/timers.o
 .rodata        0x00016d68       0x48 ./drivers/fsl_clock.o
 .rodata        0x00016db0       0x40 ./drivers/fsl_common.o
 .rodata        0x00016df0      0x2f0 ./drivers/fsl_enet.o
 .rodata        0x000170e0       0xb4 ./drivers/fsl_ftm.o
 .rodata        0x00017194      0x12c ./drivers/fsl_uart.o
 *(.rodata*)
 .rodata.ACN_ID
                0x000172c0        0xc ./sources/E131.o
 .rodata.__func__.6598
                0x000172cc        0xc ./sources/fsl_phy.o
 .rodata.__func__.6616
                0x000172d8       0x14 ./sources/fsl_phy.o
 .rodata.__func__.6625
                0x000172ec       0x18 ./sources/fsl_phy.o
 .rodata.ethbroadcast
                0x00017304        0x8 ./lwip/src/netif/ethernet.o
                0x00017304                ethbroadcast
 .rodata.ethzero
                0x0001730c        0x8 ./lwip/src/netif/ethernet.o
                0x0001730c                ethzero
 .rodata.ip_addr_any
                0x00017314        0x4 ./lwip/src/core/ipv4/ip4_addr.o
                0x00017314                ip_addr_any
 .rodata.ip_addr_broadcast
                0x00017318        0x4 ./lwip/src/core/ipv4/ip4_addr.o
                0x00017318                ip_addr_broadcast
 .rodata.memp_UDP_PCB
                0x0001731c       0x10 ./lwip/src/core/memp.o
                0x0001731c                memp_UDP_PCB
 .rodata.memp_TCP_PCB
                0x0001732c       0x10 ./lwip/src/core/memp.o
                0x0001732c                memp_TCP_PCB
 .rodata.memp_TCP_PCB_LISTEN
                0x0001733c       0x10 ./lwip/src/core/memp.o
                0x0001733c                memp_TCP_PCB_LISTEN
 .rodata.memp_TCP_SEG
                0x0001734c       0x10 ./lwip/src/core/memp.o
                0x0001734c                memp_TCP_SEG
 .rodata.memp_REASSDATA
                0x0001735c       0x10 ./lwip/src/core/memp.o
                0x0001735c                memp_REASSDATA
 .rodata.memp_FRAG_PBUF
                0x0001736c       0x10 ./lwip/src/core/memp.o
                0x0001736c                memp_FRAG_PBUF
 .rodata.memp_NETBUF
                0x0001737c       0x10 ./lwip/src/core/memp.o
                0x0001737c                memp_NETBUF
 .rodata.memp_NETCONN
                0x0001738c       0x10 ./lwip/src/core/memp.o
                0x0001738c                memp_NETCONN
 .rodata.memp_TCPIP_MSG_API
                0x0001739c       0x10 ./lwip/src/core/memp.o
                0x0001739c                memp_TCPIP_MSG_API
 .rodata.memp_TCPIP_MSG_INPKT
                0x000173ac       0x10 ./lwip/src/core/memp.o
                0x000173ac                memp_TCPIP_MSG_INPKT
 .rodata.memp_IGMP_GROUP
                0x000173bc       0x10 ./lwip/src/core/memp.o
                0x000173bc                memp_IGMP_GROUP
 .rodata.memp_SYS_TIMEOUT
                0x000173cc       0x10 ./lwip/src/core/memp.o
                0x000173cc                memp_SYS_TIMEOUT
 .rodata.memp_PBUF
                0x000173dc       0x10 ./lwip/src/core/memp.o
                0x000173dc                memp_PBUF
 .rodata.memp_PBUF_POOL
                0x000173ec       0x10 ./lwip/src/core/memp.o
                0x000173ec                memp_PBUF_POOL
 .rodata.memp_pools
                0x000173fc       0x38 ./lwip/src/core/memp.o
                0x000173fc                memp_pools
 .rodata.tcp_backoff
                0x00017434       0x10 ./lwip/src/core/tcp.o
                0x00017434                tcp_backoff
 .rodata.tcp_persist_backoff
                0x00017444        0x8 ./lwip/src/core/tcp.o
                0x00017444                tcp_persist_backoff
 .rodata.tcp_pcb_lists
                0x0001744c       0x10 ./lwip/src/core/tcp.o
                0x0001744c                tcp_pcb_lists
 .rodata.lwip_cyclic_timers
                0x0001745c       0x30 ./lwip/src/core/timeouts.o
                0x0001745c                lwip_cyclic_timers
 .rodata.__func__.6318
                0x0001748c       0x18 ./drivers/fsl_clock.o
 .rodata.__func__.6363
                0x000174a4       0x18 ./drivers/fsl_clock.o
 .rodata.__func__.6371
                0x000174bc       0x18 ./drivers/fsl_clock.o
 .rodata.fllFactorTable.6446
                0x000174d4       0x10 ./drivers/fsl_clock.o
 .rodata.__func__.6461
                0x000174e4       0x14 ./drivers/fsl_clock.o
 .rodata.__func__.6509
                0x000174f8       0x14 ./drivers/fsl_clock.o
 .rodata.__func__.6645
                0x0001750c       0x14 ./drivers/fsl_clock.o
 .rodata.__func__.6709
                0x00017520       0x14 ./drivers/fsl_clock.o
 .rodata.s_enetClock
                0x00017534        0x4 ./drivers/fsl_enet.o
                0x00017534                s_enetClock
 .rodata.__func__.6565
                0x00017538       0x14 ./drivers/fsl_enet.o
 .rodata.__func__.6569
                0x0001754c       0x18 ./drivers/fsl_enet.o
 .rodata.__func__.6578
                0x00017564        0xc ./drivers/fsl_enet.o
 .rodata.__func__.6588
                0x00017570       0x14 ./drivers/fsl_enet.o
 .rodata.__func__.6608
                0x00017584       0x1c ./drivers/fsl_enet.o
 .rodata.__func__.6621
                0x000175a0       0x1c ./drivers/fsl_enet.o
 .rodata.__func__.6650
                0x000175bc        0xc ./drivers/fsl_enet.o
 .rodata.__func__.6682
                0x000175c8       0x14 ./drivers/fsl_enet.o
 .rodata.__func__.6693
                0x000175dc       0x10 ./drivers/fsl_enet.o
 .rodata.__func__.6709
                0x000175ec       0x18 ./drivers/fsl_enet.o
 .rodata.__func__.6716
                0x00017604       0x10 ./drivers/fsl_enet.o
 .rodata.__func__.6726
                0x00017614       0x18 ./drivers/fsl_enet.o
 .rodata.__func__.6756
                0x0001762c       0x18 ./drivers/fsl_enet.o
 .rodata.__func__.6764
                0x00017644       0x18 ./drivers/fsl_enet.o
 .rodata.__func__.6772
                0x0001765c       0x18 ./drivers/fsl_enet.o
 .rodata.s_ftmBases
                0x00017674       0x10 ./drivers/fsl_ftm.o
 .rodata.s_ftmClocks
                0x00017684       0x10 ./drivers/fsl_ftm.o
 .rodata.__func__.6611
                0x00017694       0x10 ./drivers/fsl_ftm.o
 .rodata.__func__.6635
                0x000176a4        0xc ./drivers/fsl_ftm.o
 .rodata.__func__.6643
                0x000176b0       0x18 ./drivers/fsl_ftm.o
 .rodata.__func__.6652
                0x000176c8       0x10 ./drivers/fsl_ftm.o
 .rodata.s_uartBases
                0x000176d8       0x18 ./drivers/fsl_uart.o
 .rodata.s_uartClock
                0x000176f0       0x18 ./drivers/fsl_uart.o
 .rodata.__func__.6517
                0x00017708       0x14 ./drivers/fsl_uart.o
 .rodata.__func__.6533
                0x0001771c        0xc ./drivers/fsl_uart.o
 .rodata.__func__.6551
                0x00017728       0x18 ./drivers/fsl_uart.o
 .rodata.__func__.6611
                0x00017740       0x14 ./drivers/fsl_uart.o
 .rodata.str1.1
                0x00017754        0x2 c:/freescale/kds_v3/toolchain/bin/../lib/gcc/arm-none-eabi/4.8.4/../../../../arm-none-eabi/lib/armv7e-m/fpu\libg_s.a(lib_a-impure.o)
 *fill*         0x00017756        0x2 
 .rodata._global_impure_ptr
                0x00017758        0x4 c:/freescale/kds_v3/toolchain/bin/../lib/gcc/arm-none-eabi/4.8.4/../../../../arm-none-eabi/lib/armv7e-m/fpu\libg_s.a(lib_a-impure.o)
                0x00017758                _global_impure_ptr
 .rodata.str1.1
                0x0001775c        0x4 c:/freescale/kds_v3/toolchain/bin/../lib/gcc/arm-none-eabi/4.8.4/../../../../arm-none-eabi/lib/armv7e-m/fpu\librdimon_s.a(rdimon-syscalls.o)
 .rodata.__sf_fake_stdin
                0x00017760       0x20 c:/freescale/kds_v3/toolchain/bin/../lib/gcc/arm-none-eabi/4.8.4/../../../../arm-none-eabi/lib/armv7e-m/fpu\libc_s.a(lib_a-findfp.o)
                0x00017760                __sf_fake_stdin
 .rodata.__sf_fake_stdout
                0x00017780       0x20 c:/freescale/kds_v3/toolchain/bin/../lib/gcc/arm-none-eabi/4.8.4/../../../../arm-none-eabi/lib/armv7e-m/fpu\libc_s.a(lib_a-findfp.o)
                0x00017780                __sf_fake_stdout
 .rodata.__sf_fake_stderr
                0x000177a0       0x20 c:/freescale/kds_v3/toolchain/bin/../lib/gcc/arm-none-eabi/4.8.4/../../../../arm-none-eabi/lib/armv7e-m/fpu\libc_s.a(lib_a-findfp.o)
                0x000177a0                __sf_fake_stderr
 *(.glue_7)
 .glue_7        0x00000000        0x0 linker stubs
 *(.glue_7t)
 .glue_7t       0x00000000        0x0 linker stubs
 *(.eh_frame)
 .eh_frame      0x000177c0        0x0 c:/freescale/kds_v3/toolchain/bin/../lib/gcc/arm-none-eabi/4.8.4/armv7e-m/fpu/crtbegin.o
 *(.init)
 .init          0x000177c0        0x4 c:/freescale/kds_v3/toolchain/bin/../lib/gcc/arm-none-eabi/4.8.4/armv7e-m/fpu/crti.o
                0x000177c0                _init
 .init          0x000177c4        0x8 c:/freescale/kds_v3/toolchain/bin/../lib/gcc/arm-none-eabi/4.8.4/armv7e-m/fpu/crtn.o
 *(.fini)
 .fini          0x000177cc        0x4 c:/freescale/kds_v3/toolchain/bin/../lib/gcc/arm-none-eabi/4.8.4/armv7e-m/fpu/crti.o
                0x000177cc                _fini
 .fini          0x000177d0        0x8 c:/freescale/kds_v3/toolchain/bin/../lib/gcc/arm-none-eabi/4.8.4/armv7e-m/fpu/crtn.o
                0x000177d8                . = ALIGN (0x4)

.vfp11_veneer   0x000177d8        0x0
 .vfp11_veneer  0x00000000        0x0 linker stubs

.v4_bx          0x000177d8        0x0
 .v4_bx         0x00000000        0x0 linker stubs

.iplt           0x000177d8        0x0
 .iplt          0x00000000        0x0 c:/freescale/kds_v3/toolchain/bin/../lib/gcc/arm-none-eabi/4.8.4/armv7e-m/fpu/crtbegin.o

.ARM.extab
 *(.ARM.extab* .gnu.linkonce.armextab.*)

.ARM            0x000177d8        0x8
                0x000177d8                __exidx_start = .
 *(.ARM.exidx*)
 .ARM.exidx     0x000177d8        0x8 c:/freescale/kds_v3/toolchain/bin/../lib/gcc/arm-none-eabi/4.8.4/../../../../arm-none-eabi/lib/armv7e-m/fpu/rdimon-crt0.o
 .ARM.exidx     0x000177e0        0x0 c:/freescale/kds_v3/toolchain/bin/../lib/gcc/arm-none-eabi/4.8.4/armv7e-m/fpu\libgcc.a(_divdi3.o)
                                  0x8 (size before relaxing)
 .ARM.exidx     0x000177e0        0x0 c:/freescale/kds_v3/toolchain/bin/../lib/gcc/arm-none-eabi/4.8.4/armv7e-m/fpu\libgcc.a(_udivdi3.o)
                                  0x8 (size before relaxing)
                0x000177e0                __exidx_end = .

.rel.dyn        0x000177e0        0x0
 .rel.iplt      0x00000000        0x0 c:/freescale/kds_v3/toolchain/bin/../lib/gcc/arm-none-eabi/4.8.4/armv7e-m/fpu/crtbegin.o

.ctors          0x000177e0        0x0
                0x000177e0                __CTOR_LIST__ = .
 *crtbegin.o(.ctors)
 *crtbegin?.o(.ctors)
 *(EXCLUDE_FILE(*crtend.o *crtend?.o) .ctors)
 *(SORT(.ctors.*))
 *(.ctors)
                0x000177e0                __CTOR_END__ = .

.dtors          0x000177e0        0x0
                0x000177e0                __DTOR_LIST__ = .
 *crtbegin.o(.dtors)
 *crtbegin?.o(.dtors)
 *(EXCLUDE_FILE(*crtend.o *crtend?.o) .dtors)
 *(SORT(.dtors.*))
 *(.dtors)
                0x000177e0                __DTOR_END__ = .

.preinit_array  0x000177e0        0x0
                0x000177e0                PROVIDE (__preinit_array_start, .)
 *(.preinit_array*)
                0x000177e0                PROVIDE (__preinit_array_end, .)

.init_array     0x000177e0        0x4
                0x000177e0                PROVIDE (__init_array_start, .)
 *(SORT(.init_array.*))
 *(.init_array*)
 .init_array    0x000177e0        0x4 c:/freescale/kds_v3/toolchain/bin/../lib/gcc/arm-none-eabi/4.8.4/armv7e-m/fpu/crtbegin.o
                0x000177e4                PROVIDE (__init_array_end, .)

.fini_array     0x000177e4        0x4
                0x000177e4                PROVIDE (__fini_array_start, .)
 *(SORT(.fini_array.*))
 *(.fini_array*)
 .fini_array    0x000177e4        0x4 c:/freescale/kds_v3/toolchain/bin/../lib/gcc/arm-none-eabi/4.8.4/armv7e-m/fpu/crtbegin.o
                0x000177e8                PROVIDE (__fini_array_end, .)
                0x000177e8                __etext = .
                0x000177e8                __DATA_ROM = .

.interrupts_ram
                0x1fff0000        0x0
                0x1fff0000                . = ALIGN (0x4)
                0x1fff0000                __VECTOR_RAM__ = .
                0x1fff0000                __interrupts_ram_start__ = .
 *(.m_interrupts_ram)
                0x1fff0000                . = (. + M_VECTOR_RAM_SIZE)
                0x1fff0000                . = ALIGN (0x4)
                0x1fff0000                __interrupts_ram_end__ = .
                0x00000000                __VECTOR_RAM = DEFINED (__ram_vector_table__)?__VECTOR_RAM__:ORIGIN (m_interrupts)
                0x00000000                __RAM_VECTOR_TABLE_SIZE_BYTES = DEFINED (__ram_vector_table__)?(__interrupts_ram_end__ - __interrupts_ram_start__):0x0

.data           0x1fff0000      0x19c load address 0x000177e8
                0x1fff0000                . = ALIGN (0x4)
                0x1fff0000                __DATA_RAM = .
                0x1fff0000                __data_start__ = .
 *(.data)
 .data          0x1fff0000      0x110 c:/freescale/kds_v3/toolchain/bin/../lib/gcc/arm-none-eabi/4.8.4/../../../../arm-none-eabi/lib/armv7e-m/fpu/rdimon-crt0.o
                0x1fff0008                __stack_base__
 *(.data*)
 .data.brightnessUp
                0x1fff0110        0x1 ./sources/main.o
                0x1fff0110                brightnessUp
 .data.updatedDutycycle
                0x1fff0111        0x1 ./sources/main.o
                0x1fff0111                updatedDutycycle
 *fill*         0x1fff0112        0x2 
 .data.dhcp_discover_request_options
                0x1fff0114        0x4 ./lwip/src/core/ipv4/dhcp.o
 .data.tcp_port
                0x1fff0118        0x2 ./lwip/src/core/tcp.o
 *fill*         0x1fff011a        0x2 
 .data.iss.7777
                0x1fff011c        0x4 ./lwip/src/core/tcp.o
 .data.udp_port
                0x1fff0120        0x2 ./lwip/src/core/udp.o
 *fill*         0x1fff0122        0x2 
 .data.uxCriticalNesting
                0x1fff0124        0x4 ./freertos/Source/portable/GCC/ARM_CM4F/port.o
 .data.s_slowIrcFreq
                0x1fff0128        0x4 ./drivers/fsl_clock.o
 .data.s_fastIrcFreq
                0x1fff012c        0x4 ./drivers/fsl_clock.o
 .data.SystemCoreClock
                0x1fff0130        0x4 ./devices/system_MK64F12.o
                0x1fff0130                SystemCoreClock
 .data.impure_data
                0x1fff0134       0x60 c:/freescale/kds_v3/toolchain/bin/../lib/gcc/arm-none-eabi/4.8.4/../../../../arm-none-eabi/lib/armv7e-m/fpu\libg_s.a(lib_a-impure.o)
 .data._impure_ptr
                0x1fff0194        0x4 c:/freescale/kds_v3/toolchain/bin/../lib/gcc/arm-none-eabi/4.8.4/../../../../arm-none-eabi/lib/armv7e-m/fpu\libg_s.a(lib_a-impure.o)
                0x1fff0194                _impure_ptr
 *(.jcr*)
 .jcr           0x1fff0198        0x0 c:/freescale/kds_v3/toolchain/bin/../lib/gcc/arm-none-eabi/4.8.4/armv7e-m/fpu/crtbegin.o