Archive member included because of file (symbol)

c:/freescale/kds_v3/toolchain/bin/../lib/gcc/arm-none-eabi/4.8.4/../../../../arm-none-eabi/lib/armv7e-m/fpu\libg_s.a(lib_a-errno.o)
                              ./utilities/fsl_sbrk.o (__errno)
c:/freescale/kds_v3/toolchain/bin/../lib/gcc/arm-none-eabi/4.8.4/../../../../arm-none-eabi/lib/armv7e-m/fpu\libg_s.a(lib_a-exit.o)
                              c:/freescale/kds_v3/toolchain/bin/../lib/gcc/arm-none-eabi/4.8.4/../../../../arm-none-eabi/lib/armv7e-m/fpu/rdimon-crt0.o (exit)
c:/freescale/kds_v3/toolchain/bin/../lib/gcc/arm-none-eabi/4.8.4/../../../../arm-none-eabi/lib/armv7e-m/fpu\libg_s.a(lib_a-impure.o)
                              c:/freescale/kds_v3/toolchain/bin/../lib/gcc/arm-none-eabi/4.8.4/../../../../arm-none-eabi/lib/armv7e-m/fpu\libg_s.a(lib_a-exit.o) (_global_impure_ptr)
c:/freescale/kds_v3/toolchain/bin/../lib/gcc/arm-none-eabi/4.8.4/../../../../arm-none-eabi/lib/armv7e-m/fpu\libg_s.a(lib_a-init.o)
                              c:/freescale/kds_v3/toolchain/bin/../lib/gcc/arm-none-eabi/4.8.4/../../../../arm-none-eabi/lib/armv7e-m/fpu/rdimon-crt0.o (__libc_init_array)
c:/freescale/kds_v3/toolchain/bin/../lib/gcc/arm-none-eabi/4.8.4/../../../../arm-none-eabi/lib/armv7e-m/fpu\libg_s.a(lib_a-malloc.o)
                              ./freertos/Source/portable/MemMang/heap_3.o (malloc)
c:/freescale/kds_v3/toolchain/bin/../lib/gcc/arm-none-eabi/4.8.4/../../../../arm-none-eabi/lib/armv7e-m/fpu\libg_s.a(lib_a-memcmp.o)
                              ./lwip/src/netif/ethernet.o (memcmp)
c:/freescale/kds_v3/toolchain/bin/../lib/gcc/arm-none-eabi/4.8.4/../../../../arm-none-eabi/lib/armv7e-m/fpu\libg_s.a(lib_a-memcpy-stub.o)
                              ./lwip/src/core/ipv4/etharp.o (memcpy)
c:/freescale/kds_v3/toolchain/bin/../lib/gcc/arm-none-eabi/4.8.4/../../../../arm-none-eabi/lib/armv7e-m/fpu\libg_s.a(lib_a-memset.o)
                              c:/freescale/kds_v3/toolchain/bin/../lib/gcc/arm-none-eabi/4.8.4/../../../../arm-none-eabi/lib/armv7e-m/fpu/rdimon-crt0.o (memset)
c:/freescale/kds_v3/toolchain/bin/../lib/gcc/arm-none-eabi/4.8.4/../../../../arm-none-eabi/lib/armv7e-m/fpu\libg_s.a(lib_a-nano-freer.o)
                              c:/freescale/kds_v3/toolchain/bin/../lib/gcc/arm-none-eabi/4.8.4/../../../../arm-none-eabi/lib/armv7e-m/fpu\libg_s.a(lib_a-malloc.o) (_free_r)
c:/freescale/kds_v3/toolchain/bin/../lib/gcc/arm-none-eabi/4.8.4/../../../../arm-none-eabi/lib/armv7e-m/fpu\libg_s.a(lib_a-nano-mallocr.o)
                              c:/freescale/kds_v3/toolchain/bin/../lib/gcc/arm-none-eabi/4.8.4/../../../../arm-none-eabi/lib/armv7e-m/fpu\libg_s.a(lib_a-malloc.o) (_malloc_r)
c:/freescale/kds_v3/toolchain/bin/../lib/gcc/arm-none-eabi/4.8.4/../../../../arm-none-eabi/lib/armv7e-m/fpu\libg_s.a(lib_a-sbrkr.o)
                              c:/freescale/kds_v3/toolchain/bin/../lib/gcc/arm-none-eabi/4.8.4/../../../../arm-none-eabi/lib/armv7e-m/fpu\libg_s.a(lib_a-nano-mallocr.o) (_sbrk_r)
c:/freescale/kds_v3/toolchain/bin/../lib/gcc/arm-none-eabi/4.8.4/../../../../arm-none-eabi/lib/armv7e-m/fpu\libg_s.a(lib_a-sprintf.o)
                              ./freertos/Source/tasks.o (sprintf)
c:/freescale/kds_v3/toolchain/bin/../lib/gcc/arm-none-eabi/4.8.4/../../../../arm-none-eabi/lib/armv7e-m/fpu\libg_s.a(lib_a-strcpy.o)
                              ./freertos/Source/tasks.o (strcpy)
c:/freescale/kds_v3/toolchain/bin/../lib/gcc/arm-none-eabi/4.8.4/../../../../arm-none-eabi/lib/armv7e-m/fpu\libg_s.a(lib_a-strlen.o)
                              ./utilities/fsl_debug_console.o (strlen)
c:/freescale/kds_v3/toolchain/bin/../lib/gcc/arm-none-eabi/4.8.4/../../../../arm-none-eabi/lib/armv7e-m/fpu\libg_s.a(lib_a-svfprintf.o)
                              c:/freescale/kds_v3/toolchain/bin/../lib/gcc/arm-none-eabi/4.8.4/../../../../arm-none-eabi/lib/armv7e-m/fpu\libg_s.a(lib_a-sprintf.o) (_svfprintf_r)
c:/freescale/kds_v3/toolchain/bin/../lib/gcc/arm-none-eabi/4.8.4/../../../../arm-none-eabi/lib/armv7e-m/fpu\libg_s.a(lib_a-vfprintf_i.o)
                              c:/freescale/kds_v3/toolchain/bin/../lib/gcc/arm-none-eabi/4.8.4/../../../../arm-none-eabi/lib/armv7e-m/fpu\libg_s.a(lib_a-svfprintf.o) (_printf_i)
c:/freescale/kds_v3/toolchain/bin/../lib/gcc/arm-none-eabi/4.8.4/../../../../arm-none-eabi/lib/armv7e-m/fpu\libg_s.a(lib_a-memchr-stub.o)
                              c:/freescale/kds_v3/toolchain/bin/../lib/gcc/arm-none-eabi/4.8.4/../../../../arm-none-eabi/lib/armv7e-m/fpu\libg_s.a(lib_a-svfprintf.o) (memchr)
c:/freescale/kds_v3/toolchain/bin/../lib/gcc/arm-none-eabi/4.8.4/../../../../arm-none-eabi/lib/armv7e-m/fpu\libg_s.a(lib_a-memmove.o)
                              c:/freescale/kds_v3/toolchain/bin/../lib/gcc/arm-none-eabi/4.8.4/../../../../arm-none-eabi/lib/armv7e-m/fpu\libg_s.a(lib_a-svfprintf.o) (memmove)
c:/freescale/kds_v3/toolchain/bin/../lib/gcc/arm-none-eabi/4.8.4/../../../../arm-none-eabi/lib/armv7e-m/fpu\libg_s.a(lib_a-nano-reallocr.o)
[...]
Memory Configuration

Name             Origin             Length             Attributes
m_interrupts     0x00000000         0x00000400         xr
m_flash_config   0x00000400         0x00000010         xr
m_text           0x00000410         0x000ffbf0         xr
m_data           0x1fff0000         0x00010000         rw
m_data_2         0x20000000         0x00030000         rw
*default*        0x00000000         0xffffffff

Linker script and memory map

LOAD c:/freescale/kds_v3/toolchain/bin/../lib/gcc/arm-none-eabi/4.8.4/armv7e-m/fpu/crti.o
LOAD c:/freescale/kds_v3/toolchain/bin/../lib/gcc/arm-none-eabi/4.8.4/armv7e-m/fpu/crtbegin.o
LOAD c:/freescale/kds_v3/toolchain/bin/../lib/gcc/arm-none-eabi/4.8.4/../../../../arm-none-eabi/lib/armv7e-m/fpu/rdimon-crt0.o
START GROUP
LOAD ./utilities/fsl_debug_console.o
LOAD ./utilities/fsl_sbrk.o
LOAD ./sources/E131.o
LOAD ./sources/board.o
LOAD ./sources/clock_config.o
LOAD ./sources/fsl_phy.o
LOAD ./sources/main.o
LOAD ./sources/pin_mux.o
LOAD ./lwip/src/netif/ppp/auth.o
LOAD ./lwip/src/netif/ppp/ccp.o
LOAD ./lwip/src/netif/ppp/chap-md5.o
LOAD ./lwip/src/netif/ppp/chap-new.o
LOAD ./lwip/src/netif/ppp/chap_ms.o
LOAD ./lwip/src/netif/ppp/demand.o
LOAD ./lwip/src/netif/ppp/eap.o
LOAD ./lwip/src/netif/ppp/eui64.o
LOAD ./lwip/src/netif/ppp/fsm.o
LOAD ./lwip/src/netif/ppp/ipcp.o
LOAD ./lwip/src/netif/ppp/ipv6cp.o
LOAD ./lwip/src/netif/ppp/lcp.o
LOAD ./lwip/src/netif/ppp/lwip_ecp.o
LOAD ./lwip/src/netif/ppp/magic.o
LOAD ./lwip/src/netif/ppp/mppe.o
LOAD ./lwip/src/netif/ppp/multilink.o
LOAD ./lwip/src/netif/ppp/ppp.o
LOAD ./lwip/src/netif/ppp/pppapi.o
LOAD ./lwip/src/netif/ppp/pppcrypt.o
LOAD ./lwip/src/netif/ppp/pppoe.o
LOAD ./lwip/src/netif/ppp/pppol2tp.o
LOAD ./lwip/src/netif/ppp/pppos.o
LOAD ./lwip/src/netif/ppp/upap.o
LOAD ./lwip/src/netif/ppp/utils.o
LOAD ./lwip/src/netif/ppp/vj.o
LOAD ./lwip/src/netif/ethernet.o
LOAD ./lwip/src/netif/lowpan6.o
LOAD ./lwip/src/netif/slipif.o
LOAD ./lwip/src/core/ipv6/dhcp6.o
LOAD ./lwip/src/core/ipv6/ethip6.o
LOAD ./lwip/src/core/ipv6/icmp6.o
LOAD ./lwip/src/core/ipv6/inet6.o
LOAD ./lwip/src/core/ipv6/ip6.o
LOAD ./lwip/src/core/ipv6/ip6_addr.o
LOAD ./lwip/src/core/ipv6/ip6_frag.o
LOAD ./lwip/src/core/ipv6/mld6.o
LOAD ./lwip/src/core/ipv6/nd6.o
LOAD ./lwip/src/core/ipv4/autoip.o
LOAD ./lwip/src/core/ipv4/dhcp.o
LOAD ./lwip/src/core/ipv4/etharp.o
LOAD ./lwip/src/core/ipv4/icmp.o
LOAD ./lwip/src/core/ipv4/igmp.o
LOAD ./lwip/src/core/ipv4/ip4.o
LOAD ./lwip/src/core/ipv4/ip4_addr.o
LOAD ./lwip/src/core/ipv4/ip4_frag.o
LOAD ./lwip/src/core/def.o
LOAD ./lwip/src/core/dns.o
LOAD ./lwip/src/core/inet_chksum.o
LOAD ./lwip/src/core/init.o
LOAD ./lwip/src/core/ip.o
LOAD ./lwip/src/core/mem.o
LOAD ./lwip/src/core/memp.o
LOAD ./lwip/src/core/netif.o
LOAD ./lwip/src/core/pbuf.o
LOAD ./lwip/src/core/raw.o
LOAD ./lwip/src/core/stats.o
LOAD ./lwip/src/core/sys.o
LOAD ./lwip/src/core/tcp.o
LOAD ./lwip/src/core/tcp_in.o
LOAD ./lwip/src/core/tcp_out.o
LOAD ./lwip/src/core/timeouts.o
LOAD ./lwip/src/core/udp.o
LOAD ./lwip/src/api/api_lib.o
LOAD ./lwip/src/api/api_msg.o
LOAD ./lwip/src/api/err.o
LOAD ./lwip/src/api/netbuf.o
LOAD ./lwip/src/api/netdb.o
LOAD ./lwip/src/api/netifapi.o
LOAD ./lwip/src/api/sockets.o
LOAD ./lwip/src/api/tcpip.o
LOAD ./lwip/port/ethernetif.o
LOAD ./lwip/port/sys_arch.o
LOAD ./lwip/contrib/apps/udpecho/udpecho.o
LOAD ./freertos/Source/portable/MemMang/heap_3.o
LOAD ./freertos/Source/portable/GCC/ARM_CM4F/fsl_tickless_systick.o
LOAD ./freertos/Source/portable/GCC/ARM_CM4F/port.o
LOAD ./freertos/Source/croutine.o
LOAD ./freertos/Source/event_groups.o
LOAD ./freertos/Source/list.o
LOAD ./freertos/Source/queue.o
LOAD ./freertos/Source/tasks.o
LOAD ./freertos/Source/timers.o
LOAD ./drivers/fsl_clock.o
LOAD ./drivers/fsl_common.o
LOAD ./drivers/fsl_enet.o
LOAD ./drivers/fsl_flash.o
LOAD ./drivers/fsl_gpio.o
LOAD ./drivers/fsl_sim.o
LOAD ./drivers/fsl_smc.o
LOAD ./drivers/fsl_uart.o
LOAD ./devices/gcc/startup_MK64F12.o
LOAD ./devices/system_MK64F12.o
LOAD c:/freescale/kds_v3/toolchain/bin/../lib/gcc/arm-none-eabi/4.8.4/../../../../arm-none-eabi/lib/armv7e-m/fpu\libg_s.a
LOAD c:/freescale/kds_v3/toolchain/bin/../lib/gcc/arm-none-eabi/4.8.4/armv7e-m/fpu\libgcc.a
LOAD c:/freescale/kds_v3/toolchain/bin/../lib/gcc/arm-none-eabi/4.8.4/../../../../arm-none-eabi/lib/armv7e-m/fpu\libnosys.a
END GROUP
LOAD c:/freescale/kds_v3/toolchain/bin/../lib/gcc/arm-none-eabi/4.8.4/../../../../arm-none-eabi/lib/armv7e-m/fpu\libstdc++_s.a
LOAD c:/freescale/kds_v3/toolchain/bin/../lib/gcc/arm-none-eabi/4.8.4/../../../../arm-none-eabi/lib/armv7e-m/fpu\libm.a
START GROUP
LOAD c:/freescale/kds_v3/toolchain/bin/../lib/gcc/arm-none-eabi/4.8.4/armv7e-m/fpu\libgcc.a
LOAD c:/freescale/kds_v3/toolchain/bin/../lib/gcc/arm-none-eabi/4.8.4/../../../../arm-none-eabi/lib/armv7e-m/fpu\libg_s.a
LOAD c:/freescale/kds_v3/toolchain/bin/../lib/gcc/arm-none-eabi/4.8.4/../../../../arm-none-eabi/lib/armv7e-m/fpu\libc_s.a
END GROUP
START GROUP
LOAD c:/freescale/kds_v3/toolchain/bin/../lib/gcc/arm-none-eabi/4.8.4/armv7e-m/fpu\libgcc.a
LOAD c:/freescale/kds_v3/toolchain/bin/../lib/gcc/arm-none-eabi/4.8.4/../../../../arm-none-eabi/lib/armv7e-m/fpu\libc_s.a
LOAD c:/freescale/kds_v3/toolchain/bin/../lib/gcc/arm-none-eabi/4.8.4/../../../../arm-none-eabi/lib/armv7e-m/fpu\librdimon_s.a
END GROUP
START GROUP
LOAD c:/freescale/kds_v3/toolchain/bin/../lib/gcc/arm-none-eabi/4.8.4/armv7e-m/fpu\libgcc.a
LOAD c:/freescale/kds_v3/toolchain/bin/../lib/gcc/arm-none-eabi/4.8.4/../../../../arm-none-eabi/lib/armv7e-m/fpu\libc_s.a
LOAD c:/freescale/kds_v3/toolchain/bin/../lib/gcc/arm-none-eabi/4.8.4/../../../../arm-none-eabi/lib/armv7e-m/fpu\librdimon_s.a
END GROUP
LOAD c:/freescale/kds_v3/toolchain/bin/../lib/gcc/arm-none-eabi/4.8.4/armv7e-m/fpu/crtend.o
LOAD c:/freescale/kds_v3/toolchain/bin/../lib/gcc/arm-none-eabi/4.8.4/armv7e-m/fpu/crtn.o
                0x00006000                HEAP_SIZE = DEFINED (__heap_size__)?__heap_size__:0x6000
                0x000003e8                STACK_SIZE = DEFINED (__stack_size__)?__stack_size__:0x3e8
                0x00000000                M_VECTOR_RAM_SIZE = DEFINED (__ram_vector_table__)?0x400:0x0

.interrupts     0x00000000      0x400
                0x00000000                __VECTOR_TABLE = .
                0x00000000                . = ALIGN (0x4)
 *(.isr_vector)
 .isr_vector    0x00000000      0x400 ./devices/gcc/startup_MK64F12.o
                0x00000000                __isr_vector
                0x00000400                . = ALIGN (0x4)

.flash_config   0x00000400       0x10
                0x00000400                . = ALIGN (0x4)
 *(.FlashConfig)
 .FlashConfig   0x00000400       0x10 ./devices/gcc/startup_MK64F12.o
                0x00000410                . = ALIGN (0x4)

.text           0x00000410    0x16440
                0x00000410                . = ALIGN (0x4)
 *(.text)
 .text          0x00000410       0x54 c:/freescale/kds_v3/toolchain/bin/../lib/gcc/arm-none-eabi/4.8.4/armv7e-m/fpu/crtbegin.o
 .text          0x00000464       0xdc c:/freescale/kds_v3/toolchain/bin/../lib/gcc/arm-none-eabi/4.8.4/../../../../arm-none-eabi/lib/armv7e-m/fpu/rdimon-crt0.o
                0x00000464                _start
                0x00000464                _mainCRTStartup
 .text          0x00000540      0x1fc ./devices/gcc/startup_MK64F12.o
                0x00000540                Reset_Handler
                0x0000059c                DebugMon_Handler
                0x0000059c                PORTC_IRQHandler
                0x0000059c                DMA0_DriverIRQHandler
                0x0000059c                DMA12_DriverIRQHandler
                0x0000059c                DMA1_DriverIRQHandler
                0x0000059c                SPI1_DriverIRQHandler
                0x0000059c                DMA_Error_DriverIRQHandler
                0x0000059c                CMP0_IRQHandler
                0x0000059c                UART0_LON_DriverIRQHandler
                0x0000059c                DMA7_DriverIRQHandler
                0x0000059c                I2C0_DriverIRQHandler
                0x0000059c                ENET_Transmit_DriverIRQHandler
                0x0000059c                DMA2_DriverIRQHandler
                0x0000059c                SDHC_DriverIRQHandler
                0x0000059c                PIT0_IRQHandler
                0x0000059c                UART1_ERR_DriverIRQHandler
                0x0000059c                CMP2_IRQHandler
                0x0000059c                LLWU_IRQHandler
                0x0000059c                I2S0_Tx_DriverIRQHandler
                0x0000059c                DMA6_DriverIRQHandler
                0x0000059c                BusFault_Handler
                0x0000059c                LPTMR0_IRQHandler
                0x0000059c                ENET_1588_Timer_DriverIRQHandler
                0x0000059c                I2C2_DriverIRQHandler
                0x0000059c                SWI_IRQHandler
                0x0000059c                ADC0_IRQHandler
                0x0000059c                UsageFault_Handler
                0x0000059c                FTM2_IRQHandler
                0x0000059c                CMT_IRQHandler
                0x0000059c                PORTE_IRQHandler
                0x0000059c                FTM3_IRQHandler
                0x0000059c                DefaultISR
                0x0000059c                CAN0_DriverIRQHandler
                0x0000059c                UART5_ERR_DriverIRQHandler
                0x0000059c                MCM_IRQHandler
                0x0000059c                DMA11_DriverIRQHandler
                0x0000059c                CMP1_IRQHandler
                0x0000059c                Reserved71_IRQHandler
                0x0000059c                PORTD_IRQHandler
                0x0000059c                PORTB_IRQHandler
                0x0000059c                DMA10_DriverIRQHandler
                0x0000059c                DAC1_IRQHandler
                0x0000059c                UART2_ERR_DriverIRQHandler
                0x0000059c                SPI2_DriverIRQHandler
                0x0000059c                ADC1_IRQHandler
                0x0000059c                DMA5_DriverIRQHandler
                0x0000059c                DMA4_DriverIRQHandler
                0x0000059c                PORTA_IRQHandler
                0x0000059c                PIT2_IRQHandler
                0x0000059c                FTM0_IRQHandler
                0x0000059c                LVD_LVW_IRQHandler
                0x0000059c                RTC_IRQHandler
                0x0000059c                UART3_ERR_DriverIRQHandler
                0x0000059c                PDB0_IRQHandler
                0x0000059c                FTFE_IRQHandler
                0x0000059c                FTM1_IRQHandler
                0x0000059c                PIT1_IRQHandler
                0x0000059c                SPI0_DriverIRQHandler
                0x0000059c                DMA3_DriverIRQHandler
                0x0000059c                PIT3_IRQHandler
                0x0000059c                DMA15_DriverIRQHandler
                0x0000059c                RTC_Seconds_IRQHandler
                0x0000059c                MCG_IRQHandler
                0x0000059c                MemManage_Handler
                0x0000059c                DMA9_DriverIRQHandler
                0x0000059c                DMA8_DriverIRQHandler
                0x0000059c                UART0_ERR_DriverIRQHandler
                0x0000059c                ENET_Error_DriverIRQHandler
                0x0000059c                DMA13_DriverIRQHandler
                0x0000059c                DAC0_IRQHandler
                0x0000059c                Read_Collision_IRQHandler
                0x0000059c                DMA14_DriverIRQHandler
                0x0000059c                ENET_Receive_DriverIRQHandler
                0x0000059c                USBDCD_IRQHandler
                0x0000059c                I2S0_Rx_DriverIRQHandler
                0x0000059c                USB0_IRQHandler
                0x0000059c                I2C1_DriverIRQHandler
                0x0000059c                UART4_ERR_DriverIRQHandler
                0x0000059c                WDOG_EWM_IRQHandler
                0x0000059c                RNG_IRQHandler
                0x000005a0                NMI_Handler
                0x000005a4                HardFault_Handler
                0x000005b4                DMA0_IRQHandler
                0x000005b8                DMA1_IRQHandler
                0x000005bc                DMA2_IRQHandler
                0x000005c0                DMA3_IRQHandler
                0x000005c4                DMA4_IRQHandler
                0x000005c8                DMA5_IRQHandler
                0x000005cc                DMA6_IRQHandler
                0x000005d0                DMA7_IRQHandler
                0x000005d4                DMA8_IRQHandler
                0x000005d8                DMA9_IRQHandler
                0x000005dc                DMA10_IRQHandler
                0x000005e0                DMA11_IRQHandler
                0x000005e4                DMA12_IRQHandler
                0x000005e8                DMA13_IRQHandler
                0x000005ec                DMA14_IRQHandler
                0x000005f0                DMA15_IRQHandler
                0x000005f4                DMA_Error_IRQHandler
                0x000005f8                I2C0_IRQHandler
                0x000005fc                I2C1_IRQHandler
                0x00000600                SPI0_IRQHandler
                0x00000604                SPI1_IRQHandler
                0x00000608                I2S0_Tx_IRQHandler
                0x0000060c                I2S0_Rx_IRQHandler
                0x00000610                UART0_LON_IRQHandler
                0x00000614                UART0_RX_TX_IRQHandler
                0x00000618                UART0_ERR_IRQHandler
                0x0000061c                UART1_RX_TX_IRQHandler
                0x00000620                UART1_ERR_IRQHandler
                0x00000624                UART2_RX_TX_IRQHandler
                0x00000628                UART2_ERR_IRQHandler
                0x0000062c                UART3_RX_TX_IRQHandler
                0x00000630                UART3_ERR_IRQHandler
                0x00000634                SPI2_IRQHandler
                0x00000638                UART4_RX_TX_IRQHandler
                0x0000063c                UART4_ERR_IRQHandler
                0x00000640                UART5_RX_TX_IRQHandler
                0x00000644                UART5_ERR_IRQHandler
                0x00000648                I2C2_IRQHandler
                0x0000064c                CAN0_ORed_Message_buffer_IRQHandler
                0x00000650                CAN0_Bus_Off_IRQHandler
                0x00000654                CAN0_Error_IRQHandler
                0x00000658                CAN0_Tx_Warning_IRQHandler
                0x0000065c                CAN0_Rx_Warning_IRQHandler
                0x00000660                CAN0_Wake_Up_IRQHandler
                0x00000664                SDHC_IRQHandler
                0x00000668                ENET_1588_Timer_IRQHandler
 .text          0x0000073c       0x38 c:/freescale/kds_v3/toolchain/bin/../lib/gcc/arm-none-eabi/4.8.4/armv7e-m/fpu\libgcc.a(_aeabi_ldivmod.o)
                0x0000073c                __aeabi_ldivmod
 .text          0x00000774       0x2c c:/freescale/kds_v3/toolchain/bin/../lib/gcc/arm-none-eabi/4.8.4/armv7e-m/fpu\libgcc.a(_aeabi_uldivmod.o)
                0x00000774                __aeabi_uldivmod
 .text          0x000007a0       0x60 c:/freescale/kds_v3/toolchain/bin/../lib/gcc/arm-none-eabi/4.8.4/armv7e-m/fpu\libgcc.a(bpabi.o)
                0x000007a0                __gnu_ldivmod_helper
                0x000007d0                __gnu_uldivmod_helper
 .text          0x00000800        0x4 c:/freescale/kds_v3/toolchain/bin/../lib/gcc/arm-none-eabi/4.8.4/armv7e-m/fpu\libgcc.a(_dvmd_tls.o)
                0x00000800                __aeabi_idiv0
                0x00000800                __aeabi_ldiv0
 .text          0x00000804      0x298 c:/freescale/kds_v3/toolchain/bin/../lib/gcc/arm-none-eabi/4.8.4/armv7e-m/fpu\libgcc.a(_divdi3.o)
                0x00000804                __divdi3
 .text          0x00000a9c      0x284 c:/freescale/kds_v3/toolchain/bin/../lib/gcc/arm-none-eabi/4.8.4/armv7e-m/fpu\libgcc.a(_udivdi3.o)
                0x00000a9c                __udivdi3
 *(.text*)
 .text.UART_EnableTx
                0x00000d20       0x40 ./utilities/fsl_debug_console.o
 .text.UART_EnableRx
                0x00000d60       0x40 ./utilities/fsl_debug_console.o
 .text.DbgConsole_Init
                0x00000da0       0x90 ./utilities/fsl_debug_console.o
                0x00000da0                DbgConsole_Init
 .text.DbgConsole_Printf
                0x00000e30       0x40 ./utilities/fsl_debug_console.o
                0x00000e30                DbgConsole_Printf
 .text.DbgConsole_Putchar
                0x00000e70       0x38 ./utilities/fsl_debug_console.o
                0x00000e70                DbgConsole_Putchar
 .text.DbgConsole_PrintfPaddingCharacter
                0x00000ea8       0x40 ./utilities/fsl_debug_console.o
 .text.DbgConsole_ConvertRadixNumToString
                0x00000ee8      0x1d8 ./utilities/fsl_debug_console.o
 .text.DbgConsole_PrintfFormattedData
                0x000010c0      0x734 ./utilities/fsl_debug_console.o
 .text._sbrk    0x000017f4       0x5c ./utilities/fsl_sbrk.o
                0x000017f4                _sbrk
 .text.BOARD_InitDebugConsole
                0x00001850       0x24 ./sources/board.o
                0x00001850                BOARD_InitDebugConsole
 .text.CLOCK_SetSimSafeDivs
                0x00001874       0x20 ./sources/clock_config.o
 .text.CLOCK_SetXtal0Freq
                0x00001894       0x1c ./sources/clock_config.o
 .text.BOARD_BootClockRUN
                0x000018b0       0x64 ./sources/clock_config.o
                0x000018b0                BOARD_BootClockRUN
 .text.BOARD_InitOsc0
                0x00001914       0x30 ./sources/clock_config.o
                0x00001914                BOARD_InitOsc0
 .text.CLOCK_EnableClock
                0x00001944       0x34 ./sources/fsl_phy.o
 .text.ENET_ReadSMIData
                0x00001978       0x1c ./sources/fsl_phy.o
 .text.ENET_GetInterruptStatus
                0x00001994       0x18 ./sources/fsl_phy.o
 .text.ENET_ClearInterruptStatus
                0x000019ac       0x1c ./sources/fsl_phy.o
 .text.PHY_Init
                0x000019c8       0xc4 ./sources/fsl_phy.o
                0x000019c8                PHY_Init
 .text.PHY_Write
                0x00001a8c       0x70 ./sources/fsl_phy.o
                0x00001a8c                PHY_Write
 .text.PHY_Read
                0x00001afc       0x98 ./sources/fsl_phy.o
                0x00001afc                PHY_Read
 .text.PHY_GetLinkStatus
                0x00001b94       0x68 ./sources/fsl_phy.o
                0x00001b94                PHY_GetLinkStatus
 .text.PHY_GetLinkSpeedDuplex
                0x00001bfc       0x98 ./sources/fsl_phy.o
                0x00001bfc                PHY_GetLinkSpeedDuplex
 .text.main     0x00001c94      0x134 ./sources/main.o
                0x00001c94                main
 .text.CLOCK_EnableClock
                0x00001dc8       0x34 ./sources/pin_mux.o
 .text.PORT_SetPinMux
                0x00001dfc       0x38 ./sources/pin_mux.o
 .text.BOARD_InitPins
                0x00001e34      0x100 ./sources/pin_mux.o
                0x00001e34                BOARD_InitPins
 .text.ethernet_input
                0x00001f34      0x108 ./lwip/src/netif/ethernet.o
                0x00001f34                ethernet_input
 .text.dhcp_check
                0x0000203c       0x64 ./lwip/src/core/ipv4/dhcp.o
 .text.dhcp_select
                0x000020a0      0x150 ./lwip/src/core/ipv4/dhcp.o
 .text.dhcp_coarse_tmr
                0x000021f0       0xa4 ./lwip/src/core/ipv4/dhcp.o
                0x000021f0                dhcp_coarse_tmr
 .text.dhcp_fine_tmr
                0x00002294       0x60 ./lwip/src/core/ipv4/dhcp.o
                0x00002294                dhcp_fine_tmr
 .text.dhcp_timeout
                0x000022f4       0x90 ./lwip/src/core/ipv4/dhcp.o
 .text.dhcp_t1_timeout
                0x00002384       0x60 ./lwip/src/core/ipv4/dhcp.o
 .text.dhcp_t2_timeout
                0x000023e4       0x68 ./lwip/src/core/ipv4/dhcp.o
 .text.dhcp_arp_reply
                0x0000244c       0x48 ./lwip/src/core/ipv4/dhcp.o
                0x0000244c                dhcp_arp_reply
 .text.dhcp_decline
                0x00002494       0xd8 ./lwip/src/core/ipv4/dhcp.o
 .text.dhcp_discover
                0x0000256c      0x11c ./lwip/src/core/ipv4/dhcp.o
 .text.dhcp_bind
                0x00002688      0x1a0 ./lwip/src/core/ipv4/dhcp.o
 .text.dhcp_renew
                0x00002828      0x110 ./lwip/src/core/ipv4/dhcp.o
                0x00002828                dhcp_renew
 .text.dhcp_rebind
                0x00002938      0x110 ./lwip/src/core/ipv4/dhcp.o
 .text.dhcp_reboot
                0x00002a48      0x12c ./lwip/src/core/ipv4/dhcp.o
 .text.dhcp_release
                0x00002b74      0x114 ./lwip/src/core/ipv4/dhcp.o
                0x00002b74                dhcp_release
 .text.dhcp_set_state
                0x00002c88       0x34 ./lwip/src/core/ipv4/dhcp.o
 .text.dhcp_option
                0x00002cbc       0x60 ./lwip/src/core/ipv4/dhcp.o
 .text.dhcp_option_byte
                0x00002d1c       0x3c ./lwip/src/core/ipv4/dhcp.o
 .text.dhcp_option_short
                0x00002d58       0x60 ./lwip/src/core/ipv4/dhcp.o
 .text.dhcp_option_long
                0x00002db8       0x9c ./lwip/src/core/ipv4/dhcp.o
 .text.dhcp_create_msg
                0x00002e54      0x280 ./lwip/src/core/ipv4/dhcp.o
 .text.dhcp_delete_msg
                0x000030d4       0x64 ./lwip/src/core/ipv4/dhcp.o
 .text.dhcp_option_trailer
                0x00003138       0x94 ./lwip/src/core/ipv4/dhcp.o
 .text.dhcp_supplied_address
                0x000031cc       0x3c ./lwip/src/core/ipv4/dhcp.o
                0x000031cc                dhcp_supplied_address
 .text.etharp_free_entry
                0x00003208       0xbc ./lwip/src/core/ipv4/etharp.o
 .text.etharp_tmr
                0x000032c4      0x150 ./lwip/src/core/ipv4/etharp.o
                0x000032c4                etharp_tmr
 .text.etharp_find_entry
                0x00003414      0x258 ./lwip/src/core/ipv4/etharp.o
 .text.etharp_send_ip
                0x0000366c       0x64 ./lwip/src/core/ipv4/etharp.o
 .text.etharp_update_arp_entry
                0x000036d0      0x134 ./lwip/src/core/ipv4/etharp.o
 .text.etharp_arp_input
                0x00003804      0x1a0 ./lwip/src/core/ipv4/etharp.o
                0x00003804                etharp_arp_input
 .text.etharp_output_to_arp_index
                0x000039a4      0x120 ./lwip/src/core/ipv4/etharp.o
 .text.etharp_output
                0x00003ac4      0x1c0 ./lwip/src/core/ipv4/etharp.o
                0x00003ac4                etharp_output
 .text.etharp_query
                0x00003c84      0x26c ./lwip/src/core/ipv4/etharp.o
                0x00003c84                etharp_query
 .text.etharp_raw
                0x00003ef0      0x12c ./lwip/src/core/ipv4/etharp.o
 .text.etharp_request_dst
                0x0000401c       0x40 ./lwip/src/core/ipv4/etharp.o
 .text.etharp_request
                0x0000405c       0x24 ./lwip/src/core/ipv4/etharp.o
                0x0000405c                etharp_request
 .text.icmp_input
                0x00004080      0x23c ./lwip/src/core/ipv4/icmp.o
                0x00004080                icmp_input
 .text.icmp_dest_unreach
                0x000042bc       0x20 ./lwip/src/core/ipv4/icmp.o
                0x000042bc                icmp_dest_unreach
 .text.icmp_time_exceeded
                0x000042dc       0x20 ./lwip/src/core/ipv4/icmp.o
                0x000042dc                icmp_time_exceeded
 .text.icmp_send_response
                0x000042fc       0xd4 ./lwip/src/core/ipv4/icmp.o
 .text.igmp_init
                0x000043d0       0x28 ./lwip/src/core/ipv4/igmp.o
                0x000043d0                igmp_init
 .text.igmp_start
                0x000043f8       0x54 ./lwip/src/core/ipv4/igmp.o
                0x000043f8                igmp_start
 .text.igmp_report_groups
                0x0000444c       0x48 ./lwip/src/core/ipv4/igmp.o
                0x0000444c                igmp_report_groups
 .text.igmp_lookfor_group
                0x00004494       0x4c ./lwip/src/core/ipv4/igmp.o
                0x00004494                igmp_lookfor_group
 .text.igmp_lookup_group
                0x000044e0       0x78 ./lwip/src/core/ipv4/igmp.o
 .text.igmp_input
                0x00004558      0x144 ./lwip/src/core/ipv4/igmp.o
                0x00004558                igmp_input
 .text.igmp_tmr
                0x0000469c       0x48 ./lwip/src/core/ipv4/igmp.o
                0x0000469c                igmp_tmr
 .text.igmp_timeout
                0x000046e4       0x30 ./lwip/src/core/ipv4/igmp.o
 .text.igmp_start_timer
                0x00004714       0x44 ./lwip/src/core/ipv4/igmp.o
 .text.igmp_delaying_member
                0x00004758       0x48 ./lwip/src/core/ipv4/igmp.o
 .text.igmp_ip_output_if
                0x000047a0       0x44 ./lwip/src/core/ipv4/igmp.o
 .text.igmp_send
                0x000047e4       0xd8 ./lwip/src/core/ipv4/igmp.o
 .text.ip4_route
                0x000048bc       0xec ./lwip/src/core/ipv4/ip4.o
                0x000048bc                ip4_route
 .text.ip4_input
                0x000049a8      0x340 ./lwip/src/core/ipv4/ip4.o
                0x000049a8                ip4_input
 .text.ip4_output_if
                0x00004ce8       0x38 ./lwip/src/core/ipv4/ip4.o
                0x00004ce8                ip4_output_if
 .text.ip4_output_if_opt
                0x00004d20       0x5c ./lwip/src/core/ipv4/ip4.o
                0x00004d20                ip4_output_if_opt
 .text.ip4_output_if_src
                0x00004d7c       0x38 ./lwip/src/core/ipv4/ip4.o
                0x00004d7c                ip4_output_if_src
 .text.ip4_output_if_opt_src
                0x00004db4      0x25c ./lwip/src/core/ipv4/ip4.o
                0x00004db4                ip4_output_if_opt_src
 .text.ip4_addr_isbroadcast_u32
                0x00005010       0x84 ./lwip/src/core/ipv4/ip4_addr.o
                0x00005010                ip4_addr_isbroadcast_u32
 .text.ip_reass_tmr
                0x00005094       0x54 ./lwip/src/core/ipv4/ip4_frag.o
                0x00005094                ip_reass_tmr
 .text.ip_reass_free_complete_datagram
                0x000050e8      0x128 ./lwip/src/core/ipv4/ip4_frag.o
 .text.ip_reass_remove_oldest_datagram
                0x00005210       0xc4 ./lwip/src/core/ipv4/ip4_frag.o
 .text.ip_reass_enqueue_new_datagram
                0x000052d4       0x74 ./lwip/src/core/ipv4/ip4_frag.o
 .text.ip_reass_dequeue_datagram
                0x00005348       0x48 ./lwip/src/core/ipv4/ip4_frag.o
 .text.ip_reass_chain_frag_into_datagram_and_validate
                0x00005390      0x274 ./lwip/src/core/ipv4/ip4_frag.o
 .text.ip4_reass
                0x00005604      0x264 ./lwip/src/core/ipv4/ip4_frag.o
                0x00005604                ip4_reass
 .text.ip_frag_alloc_pbuf_custom_ref
                0x00005868       0x10 ./lwip/src/core/ipv4/ip4_frag.o
 .text.ip_frag_free_pbuf_custom_ref
                0x00005878       0x28 ./lwip/src/core/ipv4/ip4_frag.o
 .text.ipfrag_free_pbuf_custom
                0x000058a0       0x4c ./lwip/src/core/ipv4/ip4_frag.o
 .text.ip4_frag
                0x000058ec      0x208 ./lwip/src/core/ipv4/ip4_frag.o
                0x000058ec                ip4_frag
 .text.lwip_htons
                0x00005af4       0x2c ./lwip/src/core/def.o
                0x00005af4                lwip_htons
 .text.lwip_ntohs
                0x00005b20       0x1c ./lwip/src/core/def.o
                0x00005b20                lwip_ntohs
 .text.lwip_htonl
                0x00005b3c       0x34 ./lwip/src/core/def.o
                0x00005b3c                lwip_htonl
 .text.lwip_ntohl
                0x00005b70       0x18 ./lwip/src/core/def.o
                0x00005b70                lwip_ntohl
 .text.lwip_standard_chksum
                0x00005b88       0xb8 ./lwip/src/core/inet_chksum.o
                0x00005b88                lwip_standard_chksum
 .text.inet_cksum_pseudo_base
                0x00005c40       0xd8 ./lwip/src/core/inet_chksum.o
 .text.inet_chksum_pseudo
                0x00005d18       0x74 ./lwip/src/core/inet_chksum.o
                0x00005d18                inet_chksum_pseudo
 .text.ip_chksum_pseudo
                0x00005d8c       0x30 ./lwip/src/core/inet_chksum.o
                0x00005d8c                ip_chksum_pseudo
 .text.inet_chksum
                0x00005dbc       0x24 ./lwip/src/core/inet_chksum.o
                0x00005dbc                inet_chksum
 .text.inet_chksum_pbuf
                0x00005de0       0x98 ./lwip/src/core/inet_chksum.o
                0x00005de0                inet_chksum_pbuf
 .text.lwip_init
                0x00005e78       0x28 ./lwip/src/core/init.o
                0x00005e78                lwip_init
 .text.plug_holes
                0x00005ea0      0x108 ./lwip/src/core/mem.o
 .text.mem_init
                0x00005fa8       0x90 ./lwip/src/core/mem.o
                0x00005fa8                mem_init
 .text.mem_free
                0x00006038       0xbc ./lwip/src/core/mem.o
                0x00006038                mem_free
 .text.mem_trim
                0x000060f4      0x1bc ./lwip/src/core/mem.o
                0x000060f4                mem_trim
 .text.mem_malloc
                0x000062b0      0x1c4 ./lwip/src/core/mem.o
                0x000062b0                mem_malloc
 .text.memp_init_pool
                0x00006474       0x5c ./lwip/src/core/memp.o
                0x00006474                memp_init_pool
 .text.memp_init
                0x000064d0       0x30 ./lwip/src/core/memp.o
                0x000064d0                memp_init
 .text.do_memp_malloc_pool
                0x00006500       0x54 ./lwip/src/core/memp.o
 .text.memp_malloc
                0x00006554       0x3c ./lwip/src/core/memp.o
                0x00006554                memp_malloc
 .text.do_memp_free_pool
                0x00006590       0x48 ./lwip/src/core/memp.o
 .text.memp_free
                0x000065d8       0x38 ./lwip/src/core/memp.o
                0x000065d8                memp_free
 .text.netif_init
                0x00006610        0xc ./lwip/src/core/netif.o
                0x00006610                netif_init
 .text.netif_add
                0x0000661c       0xbc ./lwip/src/core/netif.o
                0x0000661c                netif_add
 .text.netif_set_addr
                0x000066d8       0x54 ./lwip/src/core/netif.o
                0x000066d8                netif_set_addr
 .text.netif_set_ipaddr
                0x0000672c       0x68 ./lwip/src/core/netif.o
                0x0000672c                netif_set_ipaddr
 .text.netif_set_gw
                0x00006794       0x28 ./lwip/src/core/netif.o
                0x00006794                netif_set_gw
 .text.netif_set_netmask
                0x000067bc       0x28 ./lwip/src/core/netif.o
                0x000067bc                netif_set_netmask
 .text.netif_set_default
                0x000067e4       0x1c ./lwip/src/core/netif.o
                0x000067e4                netif_set_default
 .text.netif_set_up
                0x00006800       0x44 ./lwip/src/core/netif.o
                0x00006800                netif_set_up
 .text.netif_issue_reports
                0x00006844       0x54 ./lwip/src/core/netif.o
 .text.pbuf_alloc
                0x00006898      0x2bc ./lwip/src/core/pbuf.o
                0x00006898                pbuf_alloc
 .text.pbuf_alloced_custom
                0x00006b54       0xc4 ./lwip/src/core/pbuf.o
                0x00006b54                pbuf_alloced_custom
 .text.pbuf_realloc
                0x00006c18      0x12c ./lwip/src/core/pbuf.o
                0x00006c18                pbuf_realloc
 .text.pbuf_header_impl
                0x00006d44      0x128 ./lwip/src/core/pbuf.o
 .text.pbuf_header
                0x00006e6c       0x24 ./lwip/src/core/pbuf.o
                0x00006e6c                pbuf_header
 .text.pbuf_header_force
                0x00006e90       0x24 ./lwip/src/core/pbuf.o
                0x00006e90                pbuf_header_force
 .text.pbuf_free
                0x00006eb4      0x10c ./lwip/src/core/pbuf.o
                0x00006eb4                pbuf_free
 .text.pbuf_clen
                0x00006fc0       0x30 ./lwip/src/core/pbuf.o
                0x00006fc0                pbuf_clen
 .text.pbuf_ref
                0x00006ff0       0x2c ./lwip/src/core/pbuf.o
                0x00006ff0                pbuf_ref
 .text.pbuf_cat
                0x0000701c       0x8c ./lwip/src/core/pbuf.o
                0x0000701c                pbuf_cat
 .text.pbuf_chain
                0x000070a8       0x20 ./lwip/src/core/pbuf.o
                0x000070a8                pbuf_chain
 .text.pbuf_copy
                0x000070c8      0x15c ./lwip/src/core/pbuf.o
                0x000070c8                pbuf_copy
 .text.pbuf_copy_partial
                0x00007224       0xd8 ./lwip/src/core/pbuf.o
                0x00007224                pbuf_copy_partial
 .text.tcp_init
                0x000072fc        0xc ./lwip/src/core/tcp.o
                0x000072fc                tcp_init
 .text.tcp_tmr  0x00007308       0x2c ./lwip/src/core/tcp.o
                0x00007308                tcp_tmr
 .text.tcp_remove_listener
                0x00007334       0x38 ./lwip/src/core/tcp.o
 .text.tcp_listen_closed
                0x0000736c       0x58 ./lwip/src/core/tcp.o
 .text.tcp_backlog_accepted
                0x000073c4       0x60 ./lwip/src/core/tcp.o
                0x000073c4                tcp_backlog_accepted
 .text.tcp_close_shutdown
                0x00007424      0x264 ./lwip/src/core/tcp.o
 .text.tcp_close
                0x00007688       0x30 ./lwip/src/core/tcp.o
                0x00007688                tcp_close
 .text.tcp_shutdown
                0x000076b8       0x8c ./lwip/src/core/tcp.o
                0x000076b8                tcp_shutdown
 .text.tcp_abandon
                0x00007744      0x13c ./lwip/src/core/tcp.o
                0x00007744                tcp_abandon
 .text.tcp_abort
                0x00007880       0x18 ./lwip/src/core/tcp.o
                0x00007880                tcp_abort
 .text.tcp_bind
                0x00007898      0x110 ./lwip/src/core/tcp.o
                0x00007898                tcp_bind
 .text.tcp_update_rcv_ann_wnd
                0x000079a8       0x90 ./lwip/src/core/tcp.o
                0x000079a8                tcp_update_rcv_ann_wnd
 .text.tcp_recved
                0x00007a38       0x9c ./lwip/src/core/tcp.o
                0x00007a38                tcp_recved
 .text.tcp_new_port
                0x00007ad4       0x8c ./lwip/src/core/tcp.o
 .text.tcp_slowtmr
                0x00007b60      0x4d8 ./lwip/src/core/tcp.o
                0x00007b60                tcp_slowtmr
 .text.tcp_fasttmr
                0x00008038       0xa4 ./lwip/src/core/tcp.o
                0x00008038                tcp_fasttmr
 .text.tcp_process_refused_data
                0x000080dc       0xcc ./lwip/src/core/tcp.o
                0x000080dc                tcp_process_refused_data
 .text.tcp_segs_free
                0x000081a8       0x28 ./lwip/src/core/tcp.o
                0x000081a8                tcp_segs_free
 .text.tcp_seg_free
                0x000081d0       0x30 ./lwip/src/core/tcp.o
                0x000081d0                tcp_seg_free
 .text.tcp_recv_null
                0x00008200       0x48 ./lwip/src/core/tcp.o
                0x00008200                tcp_recv_null
 .text.tcp_kill_prio
                0x00008248       0x80 ./lwip/src/core/tcp.o
 .text.tcp_kill_state
                0x000082c8       0x84 ./lwip/src/core/tcp.o
 .text.tcp_kill_timewait
                0x0000834c       0x5c ./lwip/src/core/tcp.o
 .text.tcp_alloc
                0x000083a8      0x114 ./lwip/src/core/tcp.o
                0x000083a8                tcp_alloc
 .text.tcp_new  0x000084bc       0x10 ./lwip/src/core/tcp.o
                0x000084bc                tcp_new
 .text.tcp_arg  0x000084cc       0x20 ./lwip/src/core/tcp.o
                0x000084cc                tcp_arg
 .text.tcp_recv
                0x000084ec       0x30 ./lwip/src/core/tcp.o
                0x000084ec                tcp_recv
 .text.tcp_sent
                0x0000851c       0x30 ./lwip/src/core/tcp.o
                0x0000851c                tcp_sent
 .text.tcp_err  0x0000854c       0x30 ./lwip/src/core/tcp.o
                0x0000854c                tcp_err
 .text.tcp_accept
                0x0000857c       0x2c ./lwip/src/core/tcp.o
                0x0000857c                tcp_accept
 .text.tcp_poll
                0x000085a8       0x34 ./lwip/src/core/tcp.o
                0x000085a8                tcp_poll
 .text.tcp_pcb_purge
                0x000085dc       0x78 ./lwip/src/core/tcp.o
                0x000085dc                tcp_pcb_purge
 .text.tcp_pcb_remove
                0x00008654       0xc4 ./lwip/src/core/tcp.o
                0x00008654                tcp_pcb_remove
 .text.tcp_next_iss
                0x00008718       0x28 ./lwip/src/core/tcp.o
                0x00008718                tcp_next_iss
 .text.tcp_eff_send_mss_impl
                0x00008740       0x48 ./lwip/src/core/tcp.o
                0x00008740                tcp_eff_send_mss_impl
 .text.tcp_netif_ipv4_addr_changed_pcblist
                0x00008788       0x40 ./lwip/src/core/tcp.o
 .text.tcp_netif_ipv4_addr_changed
                0x000087c8       0x7c ./lwip/src/core/tcp.o
                0x000087c8                tcp_netif_ipv4_addr_changed
 .text.tcp_input
                0x00008844      0x754 ./lwip/src/core/tcp_in.o
                0x00008844                tcp_input
 .text.tcp_listen_input
                0x00008f98      0x1dc ./lwip/src/core/tcp_in.o
 .text.tcp_timewait_input
                0x00009174       0xd0 ./lwip/src/core/tcp_in.o
 .text.tcp_process
                0x00009244      0x724 ./lwip/src/core/tcp_in.o
 .text.tcp_receive
                0x00009968      0x950 ./lwip/src/core/tcp_in.o
 .text.tcp_getoptbyte
                0x0000a2b8       0x74 ./lwip/src/core/tcp_in.o
 .text.tcp_parseopt
                0x0000a32c       0xc8 ./lwip/src/core/tcp_in.o
 .text.tcp_trigger_input_pcb_close
                0x0000a3f4       0x20 ./lwip/src/core/tcp_in.o
                0x0000a3f4                tcp_trigger_input_pcb_close
 .text.tcp_output_alloc_header
                0x0000a414       0xe8 ./lwip/src/core/tcp_out.o
 .text.tcp_send_fin
                0x0000a4fc       0x80 ./lwip/src/core/tcp_out.o
                0x0000a4fc                tcp_send_fin
 .text.tcp_create_segment
                0x0000a57c      0x10c ./lwip/src/core/tcp_out.o
 .text.tcp_pbuf_prealloc
                0x0000a688       0xb8 ./lwip/src/core/tcp_out.o
 .text.tcp_write_checks
                0x0000a740       0xd0 ./lwip/src/core/tcp_out.o
 .text.tcp_write
                0x0000a810      0x568 ./lwip/src/core/tcp_out.o
                0x0000a810                tcp_write
 .text.tcp_enqueue_flags
                0x0000ad78      0x1c4 ./lwip/src/core/tcp_out.o
                0x0000ad78                tcp_enqueue_flags
 .text.tcp_send_empty_ack
                0x0000af3c       0xd4 ./lwip/src/core/tcp_out.o
                0x0000af3c                tcp_send_empty_ack
 .text.tcp_output
                0x0000b010      0x340 ./lwip/src/core/tcp_out.o
                0x0000b010                tcp_output
 .text.tcp_output_segment
                0x0000b350      0x15c ./lwip/src/core/tcp_out.o
 .text.tcp_rst  0x0000b4ac       0xf8 ./lwip/src/core/tcp_out.o
                0x0000b4ac                tcp_rst
 .text.tcp_rexmit_rto
                0x0000b5a4       0x74 ./lwip/src/core/tcp_out.o
                0x0000b5a4                tcp_rexmit_rto
 .text.tcp_rexmit
                0x0000b618       0x94 ./lwip/src/core/tcp_out.o
                0x0000b618                tcp_rexmit
 .text.tcp_rexmit_fast
                0x0000b6ac       0xac ./lwip/src/core/tcp_out.o
                0x0000b6ac                tcp_rexmit_fast
 .text.tcp_keepalive
                0x0000b758       0x98 ./lwip/src/core/tcp_out.o
                0x0000b758                tcp_keepalive
 .text.tcp_zero_window_probe
                0x0000b7f0      0x130 ./lwip/src/core/tcp_out.o
                0x0000b7f0                tcp_zero_window_probe
 .text.tcpip_tcp_timer
                0x0000b920       0x44 ./lwip/src/core/timeouts.o
 .text.tcp_timer_needed
                0x0000b964       0x40 ./lwip/src/core/timeouts.o
                0x0000b964                tcp_timer_needed
 .text.cyclic_timer
                0x0000b9a4       0x2c ./lwip/src/core/timeouts.o
 .text.sys_timeouts_init
                0x0000b9d0       0x50 ./lwip/src/core/timeouts.o
                0x0000b9d0                sys_timeouts_init
 .text.sys_timeout
                0x0000ba20      0x134 ./lwip/src/core/timeouts.o
                0x0000ba20                sys_timeout
 .text.sys_check_timeouts
                0x0000bb54       0xa0 ./lwip/src/core/timeouts.o
 .text.sys_timeouts_sleeptime
                0x0000bbf4       0x4c ./lwip/src/core/timeouts.o
 .text.sys_timeouts_mbox_fetch
                0x0000bc40       0x4c ./lwip/src/core/timeouts.o
                0x0000bc40                sys_timeouts_mbox_fetch
 .text.udp_init
                0x0000bc8c        0xc ./lwip/src/core/udp.o
                0x0000bc8c                udp_init
 .text.udp_new_port
                0x0000bc98       0x74 ./lwip/src/core/udp.o
 .text.udp_input_local_match
                0x0000bd0c       0x84 ./lwip/src/core/udp.o
 .text.udp_input
                0x0000bd90      0x1f0 ./lwip/src/core/udp.o
                0x0000bd90                udp_input
 .text.udp_send
                0x0000bf80       0x30 ./lwip/src/core/udp.o
                0x0000bf80                udp_send
 .text.udp_sendto
                0x0000bfb0       0x7c ./lwip/src/core/udp.o
                0x0000bfb0                udp_sendto
 .text.udp_sendto_if
                0x0000c02c       0x78 ./lwip/src/core/udp.o
                0x0000c02c                udp_sendto_if
 .text.udp_sendto_if_src
                0x0000c0a4      0x18c ./lwip/src/core/udp.o
                0x0000c0a4                udp_sendto_if_src
 .text.udp_bind
                0x0000c230       0xdc ./lwip/src/core/udp.o
                0x0000c230                udp_bind
 .text.udp_recv
                0x0000c30c       0x24 ./lwip/src/core/udp.o
                0x0000c30c                udp_recv
 .text.udp_new  0x0000c330       0x34 ./lwip/src/core/udp.o
                0x0000c330                udp_new
 .text.udp_netif_ipv4_addr_changed
                0x0000c364       0x5c ./lwip/src/core/udp.o
                0x0000c364                udp_netif_ipv4_addr_changed
 .text.netconn_apimsg
                0x0000c3c0       0x40 ./lwip/src/api/api_lib.o
 .text.netconn_new_with_proto_and_callback
                0x0000c400       0xbc ./lwip/src/api/api_lib.o
                0x0000c400                netconn_new_with_proto_and_callback
 .text.netconn_bind
                0x0000c4bc       0x60 ./lwip/src/api/api_lib.o
                0x0000c4bc                netconn_bind
 .text.netconn_recv_data
                0x0000c51c      0x154 ./lwip/src/api/api_lib.o
 .text.netconn_recv
                0x0000c670       0xc8 ./lwip/src/api/api_lib.o
                0x0000c670                netconn_recv
 .text.netconn_send
                0x0000c738       0x48 ./lwip/src/api/api_lib.o
                0x0000c738                netconn_send
 .text.netconn_close_shutdown
                0x0000c780       0x4c ./lwip/src/api/api_lib.o
 .text.recv_udp
                0x0000c7cc       0xd0 ./lwip/src/api/api_msg.o
 .text.recv_tcp
                0x0000c89c       0xe8 ./lwip/src/api/api_msg.o
 .text.poll_tcp
                0x0000c984       0xc4 ./lwip/src/api/api_msg.o
 .text.sent_tcp
                0x0000ca48       0xa0 ./lwip/src/api/api_msg.o
 .text.err_tcp  0x0000cae8      0x1a4 ./lwip/src/api/api_msg.o
 .text.setup_tcp
                0x0000cc8c       0x50 ./lwip/src/api/api_msg.o
 .text.pcb_new  0x0000ccdc       0xb8 ./lwip/src/api/api_msg.o
 .text.lwip_netconn_do_newconn
                0x0000cd94       0x54 ./lwip/src/api/api_msg.o
                0x0000cd94                lwip_netconn_do_newconn
 .text.netconn_alloc
                0x0000cde8       0xd4 ./lwip/src/api/api_msg.o
                0x0000cde8                netconn_alloc
 .text.netconn_free
                0x0000cebc       0x5c ./lwip/src/api/api_msg.o
                0x0000cebc                netconn_free
 .text.netconn_drain
                0x0000cf18       0xdc ./lwip/src/api/api_msg.o
 .text.lwip_netconn_do_close_internal
                0x0000cff4      0x2b0 ./lwip/src/api/api_msg.o
 .text.lwip_netconn_do_bind
                0x0000d2a4       0xc0 ./lwip/src/api/api_msg.o
                0x0000d2a4                lwip_netconn_do_bind
 .text.lwip_netconn_do_send
                0x0000d364       0xc8 ./lwip/src/api/api_msg.o
                0x0000d364                lwip_netconn_do_send
 .text.lwip_netconn_do_recv
                0x0000d42c       0x94 ./lwip/src/api/api_msg.o
                0x0000d42c                lwip_netconn_do_recv
 .text.lwip_netconn_do_writemore
                0x0000d4c0      0x30c ./lwip/src/api/api_msg.o
 .text.lwip_netconn_do_close
                0x0000d7cc      0x12c ./lwip/src/api/api_msg.o
                0x0000d7cc                lwip_netconn_do_close
 .text.netbuf_delete
                0x0000d8f8       0x3c ./lwip/src/api/netbuf.o
                0x0000d8f8                netbuf_delete
 .text.tcpip_thread
                0x0000d934       0xbc ./lwip/src/api/tcpip.o
 .text.tcpip_inpkt
                0x0000d9f0       0x74 ./lwip/src/api/tcpip.o
                0x0000d9f0                tcpip_inpkt
 .text.tcpip_input
                0x0000da64       0x44 ./lwip/src/api/tcpip.o
                0x0000da64                tcpip_input
 .text.tcpip_send_msg_wait_sem
                0x0000daa8       0x30 ./lwip/src/api/tcpip.o
                0x0000daa8                tcpip_send_msg_wait_sem
 .text.tcpip_init
                0x0000dad8       0x78 ./lwip/src/api/tcpip.o
                0x0000dad8                tcpip_init
 .text.NVIC_SetPriority
                0x0000db50       0x54 ./lwip/port/ethernetif.o
 .text.ENET_ActiveRead
                0x0000dba4       0x1c ./lwip/port/ethernetif.o
 .text.ethernet_callback
                0x0000dbc0       0x8c ./lwip/port/ethernetif.o
                0x0000dbc0                ethernet_callback
 .text.ethernetif_igmp_mac_filter
                0x0000dc4c       0x7c ./lwip/port/ethernetif.o
 .text.low_level_init
                0x0000dcc8      0x19c ./lwip/port/ethernetif.o
 .text.low_level_output
                0x0000de64       0xf8 ./lwip/port/ethernetif.o
 .text.low_level_input
                0x0000df5c       0x9c ./lwip/port/ethernetif.o
 .text.ethernetif_input
                0x0000dff8       0x4c ./lwip/port/ethernetif.o
                0x0000dff8                ethernetif_input
 .text.ethernetif_init
                0x0000e044       0x8c ./lwip/port/ethernetif.o
                0x0000e044                ethernetif_init
 .text.sys_assert
                0x0000e0d0       0x20 ./lwip/port/sys_arch.o
                0x0000e0d0                sys_assert
 .text.lwip_rand
                0x0000e0f0       0x34 ./lwip/port/sys_arch.o
                0x0000e0f0                lwip_rand
 .text.sys_mbox_new
                0x0000e124       0x38 ./lwip/port/sys_arch.o
                0x0000e124                sys_mbox_new
 .text.sys_mbox_free
                0x0000e15c       0x40 ./lwip/port/sys_arch.o
                0x0000e15c                sys_mbox_free
 .text.sys_mbox_trypost
                0x0000e19c       0x94 ./lwip/port/sys_arch.o
                0x0000e19c                sys_mbox_trypost
 .text.sys_arch_mbox_fetch
                0x0000e230       0x9c ./lwip/port/sys_arch.o
                0x0000e230                sys_arch_mbox_fetch
 .text.sys_arch_mbox_tryfetch
                0x0000e2cc       0x44 ./lwip/port/sys_arch.o
                0x0000e2cc                sys_arch_mbox_tryfetch
 .text.sys_sem_new
                0x0000e310       0x68 ./lwip/port/sys_arch.o
                0x0000e310                sys_sem_new
 .text.sys_arch_sem_wait
                0x0000e378       0x88 ./lwip/port/sys_arch.o
                0x0000e378                sys_arch_sem_wait
 .text.sys_mutex_new
                0x0000e400       0x30 ./lwip/port/sys_arch.o
                0x0000e400                sys_mutex_new
 .text.sys_mutex_lock
                0x0000e430       0x28 ./lwip/port/sys_arch.o
                0x0000e430                sys_mutex_lock
 .text.sys_mutex_unlock
                0x0000e458       0x20 ./lwip/port/sys_arch.o
                0x0000e458                sys_mutex_unlock
 .text.sys_sem_signal
                0x0000e478       0x20 ./lwip/port/sys_arch.o
                0x0000e478                sys_sem_signal
 .text.sys_sem_free
                0x0000e498       0x18 ./lwip/port/sys_arch.o
                0x0000e498                sys_sem_free
 .text.sys_init
                0x0000e4b0        0xc ./lwip/port/sys_arch.o
                0x0000e4b0                sys_init
 .text.sys_now  0x0000e4bc       0x10 ./lwip/port/sys_arch.o
                0x0000e4bc                sys_now
 .text.sys_thread_new
                0x0000e4cc       0x44 ./lwip/port/sys_arch.o
                0x0000e4cc                sys_thread_new
 .text.sys_arch_protect
                0x0000e510       0x44 ./lwip/port/sys_arch.o
                0x0000e510                sys_arch_protect
 .text.sys_arch_unprotect
                0x0000e554       0x2c ./lwip/port/sys_arch.o
                0x0000e554                sys_arch_unprotect
 .text.udpecho_thread
                0x0000e580      0x1f4 ./lwip/contrib/apps/udpecho/udpecho.o
 .text.udpecho_init
                0x0000e774       0x24 ./lwip/contrib/apps/udpecho/udpecho.o
                0x0000e774                udpecho_init
 .text.pvPortMalloc
                0x0000e798       0x24 ./freertos/Source/portable/MemMang/heap_3.o
                0x0000e798                pvPortMalloc
 .text.vPortFree
                0x0000e7bc       0x24 ./freertos/Source/portable/MemMang/heap_3.o
                0x0000e7bc                vPortFree
 .text.vPortSetupTimerInterrupt
                0x0000e7e0       0x30 ./freertos/Source/portable/GCC/ARM_CM4F/fsl_tickless_systick.o
                0x0000e7e0                vPortSetupTimerInterrupt
 .text.pxPortInitialiseStack
                0x0000e810       0x68 ./freertos/Source/portable/GCC/ARM_CM4F/port.o
                0x0000e810                pxPortInitialiseStack
 .text.prvTaskExitError
                0x0000e878       0x3c ./freertos/Source/portable/GCC/ARM_CM4F/port.o
 *fill*         0x0000e8b4        0xc 
 .text.SVC_Handler
                0x0000e8c0       0x30 ./freertos/Source/portable/GCC/ARM_CM4F/port.o
                0x0000e8c0                SVC_Handler
 .text.prvPortStartFirstTask
                0x0000e8f0       0x20 ./freertos/Source/portable/GCC/ARM_CM4F/port.o
 .text.xPortStartScheduler
                0x0000e910      0x118 ./freertos/Source/portable/GCC/ARM_CM4F/port.o
                0x0000e910                xPortStartScheduler
 .text.vPortEnterCritical
                0x0000ea28       0x5c ./freertos/Source/portable/GCC/ARM_CM4F/port.o
                0x0000ea28                vPortEnterCritical
 .text.vPortExitCritical
                0x0000ea84       0x4c ./freertos/Source/portable/GCC/ARM_CM4F/port.o
                0x0000ea84                vPortExitCritical
 .text.PendSV_Handler
                0x0000ead0       0x70 ./freertos/Source/portable/GCC/ARM_CM4F/port.o
                0x0000ead0                PendSV_Handler
 .text.SysTick_Handler
                0x0000eb40       0x40 ./freertos/Source/portable/GCC/ARM_CM4F/port.o
                0x0000eb40                SysTick_Handler
 .text.vPortEnableVFP
                0x0000eb80       0x14 ./freertos/Source/portable/GCC/ARM_CM4F/port.o
 .text.vPortValidateInterruptPriority
                0x0000eb94       0x78 ./freertos/Source/portable/GCC/ARM_CM4F/port.o
                0x0000eb94                vPortValidateInterruptPriority
 .text.xEventGroupCreate
                0x0000ec0c       0x30 ./freertos/Source/event_groups.o
                0x0000ec0c                xEventGroupCreate
 .text.xEventGroupWaitBits
                0x0000ec3c      0x194 ./freertos/Source/event_groups.o
                0x0000ec3c                xEventGroupWaitBits
 .text.xEventGroupSetBits
                0x0000edd0      0x114 ./freertos/Source/event_groups.o
                0x0000edd0                xEventGroupSetBits
 .text.vEventGroupSetBitsCallback
                0x0000eee4       0x18 ./freertos/Source/event_groups.o
                0x0000eee4                vEventGroupSetBitsCallback
 .text.prvTestWaitCondition
                0x0000eefc       0x44 ./freertos/Source/event_groups.o
 .text.xEventGroupSetBitsFromISR
                0x0000ef40       0x28 ./freertos/Source/event_groups.o
                0x0000ef40                xEventGroupSetBitsFromISR
 .text.vListInitialise
                0x0000ef68       0x40 ./freertos/Source/list.o
                0x0000ef68                vListInitialise
 .text.vListInitialiseItem
                0x0000efa8       0x18 ./freertos/Source/list.o
                0x0000efa8                vListInitialiseItem
 .text.vListInsertEnd
                0x0000efc0       0x48 ./freertos/Source/list.o
                0x0000efc0                vListInsertEnd
 .text.vListInsert
                0x0000f008       0x70 ./freertos/Source/list.o
                0x0000f008                vListInsert
 .text.uxListRemove
                0x0000f078       0x54 ./freertos/Source/list.o
                0x0000f078                uxListRemove
 .text.xQueueGenericReset
                0x0000f0cc       0xd0 ./freertos/Source/queue.o
                0x0000f0cc                xQueueGenericReset
 .text.xQueueGenericCreate
                0x0000f19c       0x70 ./freertos/Source/queue.o
                0x0000f19c                xQueueGenericCreate
 .text.prvInitialiseNewQueue
                0x0000f20c       0x44 ./freertos/Source/queue.o
 .text.prvInitialiseMutex
                0x0000f250       0x34 ./freertos/Source/queue.o
 .text.xQueueCreateMutex
                0x0000f284       0x30 ./freertos/Source/queue.o
                0x0000f284                xQueueCreateMutex
 .text.xQueueGenericSend
                0x0000f2b4      0x1fc ./freertos/Source/queue.o
                0x0000f2b4                xQueueGenericSend
 .text.xQueueGenericSendFromISR
                0x0000f4b0      0x128 ./freertos/Source/queue.o
                0x0000f4b0                xQueueGenericSendFromISR
 .text.xQueueGenericReceive
                0x0000f5d8      0x22c ./freertos/Source/queue.o
                0x0000f5d8                xQueueGenericReceive
 .text.uxQueueMessagesWaiting
                0x0000f804       0x3c ./freertos/Source/queue.o
                0x0000f804                uxQueueMessagesWaiting
 .text.vQueueDelete
                0x0000f840       0x38 ./freertos/Source/queue.o
                0x0000f840                vQueueDelete
 .text.prvCopyDataToQueue
                0x0000f878       0xd8 ./freertos/Source/queue.o
 .text.prvCopyDataFromQueue
                0x0000f950       0x4c ./freertos/Source/queue.o
 .text.prvUnlockQueue
                0x0000f99c       0xa0 ./freertos/Source/queue.o
 .text.prvIsQueueEmpty
                0x0000fa3c       0x2c ./freertos/Source/queue.o
 .text.prvIsQueueFull
                0x0000fa68       0x30 ./freertos/Source/queue.o
 .text.xQueueIsQueueFullFromISR
                0x0000fa98       0x48 ./freertos/Source/queue.o
                0x0000fa98                xQueueIsQueueFullFromISR
 .text.vQueueAddToRegistry
                0x0000fae0       0x50 ./freertos/Source/queue.o
                0x0000fae0                vQueueAddToRegistry
 .text.vQueueUnregisterQueue
                0x0000fb30       0x50 ./freertos/Source/queue.o
                0x0000fb30                vQueueUnregisterQueue
 .text.vQueueWaitForMessageRestricted
                0x0000fb80       0x6c ./freertos/Source/queue.o
                0x0000fb80                vQueueWaitForMessageRestricted
 .text.xTaskCreate
                0x0000fbec       0x84 ./freertos/Source/tasks.o
                0x0000fbec                xTaskCreate
 .text.prvInitialiseNewTask
                0x0000fc70      0x108 ./freertos/Source/tasks.o
 .text.prvAddNewTaskToReadyList
                0x0000fd78       0xdc ./freertos/Source/tasks.o
 .text.vTaskStartScheduler
                0x0000fe54       0x94 ./freertos/Source/tasks.o
                0x0000fe54                vTaskStartScheduler
 .text.vTaskSuspendAll
                0x0000fee8       0x1c ./freertos/Source/tasks.o
                0x0000fee8                vTaskSuspendAll
 .text.xTaskResumeAll
                0x0000ff04      0x138 ./freertos/Source/tasks.o
                0x0000ff04                xTaskResumeAll
 .text.xTaskGetTickCount
                0x0001003c       0x20 ./freertos/Source/tasks.o
                0x0001003c                xTaskGetTickCount
 .text.xTaskIncrementTick
                0x0001005c      0x15c ./freertos/Source/tasks.o
                0x0001005c                xTaskIncrementTick
 .text.vTaskSwitchContext
                0x000101b8       0xb4 ./freertos/Source/tasks.o
                0x000101b8                vTaskSwitchContext
 .text.vTaskPlaceOnEventList
                0x0001026c       0x44 ./freertos/Source/tasks.o
                0x0001026c                vTaskPlaceOnEventList
 .text.vTaskPlaceOnUnorderedEventList
                0x000102b0       0x74 ./freertos/Source/tasks.o
                0x000102b0                vTaskPlaceOnUnorderedEventList
 .text.vTaskPlaceOnEventListRestricted
                0x00010324       0x54 ./freertos/Source/tasks.o
                0x00010324                vTaskPlaceOnEventListRestricted
 .text.xTaskRemoveFromEventList
                0x00010378       0xc4 ./freertos/Source/tasks.o
                0x00010378                xTaskRemoveFromEventList
 .text.xTaskRemoveFromUnorderedEventList
                0x0001043c       0xcc ./freertos/Source/tasks.o
                0x0001043c                xTaskRemoveFromUnorderedEventList
 .text.vTaskSetTimeOutState
                0x00010508       0x44 ./freertos/Source/tasks.o
                0x00010508                vTaskSetTimeOutState
 .text.xTaskCheckForTimeOut
                0x0001054c       0xbc ./freertos/Source/tasks.o
                0x0001054c                xTaskCheckForTimeOut
 .text.vTaskMissedYield
                0x00010608       0x18 ./freertos/Source/tasks.o
                0x00010608                vTaskMissedYield
 .text.prvIdleTask
                0x00010620       0x30 ./freertos/Source/tasks.o
 .text.prvInitialiseTaskLists
                0x00010650       0x7c ./freertos/Source/tasks.o
 .text.prvCheckTasksWaitingTermination
                0x000106cc       0x74 ./freertos/Source/tasks.o
 .text.prvDeleteTCB
                0x00010740       0x20 ./freertos/Source/tasks.o
 .text.prvResetNextTaskUnblockTime
                0x00010760       0x48 ./freertos/Source/tasks.o
 .text.xTaskGetSchedulerState
                0x000107a8       0x3c ./freertos/Source/tasks.o
                0x000107a8                xTaskGetSchedulerState
 .text.vTaskPriorityInherit
                0x000107e4       0xec ./freertos/Source/tasks.o
                0x000107e4                vTaskPriorityInherit
 .text.xTaskPriorityDisinherit
                0x000108d0      0x108 ./freertos/Source/tasks.o
                0x000108d0                xTaskPriorityDisinherit
 .text.uxTaskResetEventItemValue
                0x000109d8       0x30 ./freertos/Source/tasks.o
                0x000109d8                uxTaskResetEventItemValue
 .text.pvTaskIncrementMutexHeldCount
                0x00010a08       0x28 ./freertos/Source/tasks.o
                0x00010a08                pvTaskIncrementMutexHeldCount
 .text.prvAddCurrentTaskToDelayedList
                0x00010a30       0xc8 ./freertos/Source/tasks.o
 .text.xTimerCreateTimerTask
                0x00010af8       0x60 ./freertos/Source/timers.o
                0x00010af8                xTimerCreateTimerTask
 .text.xTimerGenericCommand
                0x00010b58       0xa4 ./freertos/Source/timers.o
                0x00010b58                xTimerGenericCommand
 .text.prvProcessExpiredTimer
                0x00010bfc       0x80 ./freertos/Source/timers.o
 .text.prvTimerTask
                0x00010c7c       0x24 ./freertos/Source/timers.o
 .text.prvProcessTimerOrBlockTask
                0x00010ca0       0x9c ./freertos/Source/timers.o
 .text.prvGetNextExpireTime
                0x00010d3c       0x48 ./freertos/Source/timers.o
 .text.prvSampleTimeNow
                0x00010d84       0x40 ./freertos/Source/timers.o
 .text.prvInsertTimerInActiveList
                0x00010dc4       0x84 ./freertos/Source/timers.o
 .text.prvProcessReceivedCommands
                0x00010e48      0x164 ./freertos/Source/timers.o
 .text.prvSwitchTimerLists
                0x00010fac       0xc0 ./freertos/Source/timers.o
 .text.prvCheckForValidListAndQueue
                0x0001106c       0x6c ./freertos/Source/timers.o
 .text.xTimerPendFunctionCallFromISR
                0x000110d8       0x44 ./freertos/Source/timers.o
                0x000110d8                xTimerPendFunctionCallFromISR
 .text.CLOCK_SetEr32kClock
                0x0001111c       0x2c ./drivers/fsl_clock.o
 .text.CLOCK_SetPllFllSelClock
                0x00011148       0x38 ./drivers/fsl_clock.o
 .text.OSC_SetExtRefClkConfig
                0x00011180       0x34 ./drivers/fsl_clock.o
 .text.OSC_SetCapLoad
                0x000111b4       0x34 ./drivers/fsl_clock.o
 .text.CLOCK_GetMcgExtClkFreq
                0x000111e8       0x8c ./drivers/fsl_clock.o
 .text.CLOCK_GetFllExtRefClkFreq
                0x00011274       0xc8 ./drivers/fsl_clock.o
 .text.CLOCK_GetInternalRefClkSelectFreq
                0x0001133c       0x44 ./drivers/fsl_clock.o
 .text.CLOCK_GetFllRefClkFreq
                0x00011380       0x2c ./drivers/fsl_clock.o
 .text.CLOCK_GetPll0RefFreq
                0x000113ac       0x10 ./drivers/fsl_clock.o
 .text.CLOCK_GetOscRangeFromFreq
                0x000113bc       0x3c ./drivers/fsl_clock.o
 .text.CLOCK_GetOsc0ErClkFreq
                0x000113f8       0x48 ./drivers/fsl_clock.o
                0x000113f8                CLOCK_GetOsc0ErClkFreq
 .text.CLOCK_GetEr32kClkFreq
                0x00011440       0x80 ./drivers/fsl_clock.o
                0x00011440                CLOCK_GetEr32kClkFreq
 .text.CLOCK_GetPllFllSelClkFreq
                0x000114c0       0x54 ./drivers/fsl_clock.o
                0x000114c0                CLOCK_GetPllFllSelClkFreq
 .text.CLOCK_GetCoreSysClkFreq
                0x00011514       0x24 ./drivers/fsl_clock.o
                0x00011514                CLOCK_GetCoreSysClkFreq
 .text.CLOCK_GetFreq
                0x00011538      0x144 ./drivers/fsl_clock.o
                0x00011538                CLOCK_GetFreq
 .text.CLOCK_SetSimConfig
                0x0001167c       0x34 ./drivers/fsl_clock.o
                0x0001167c                CLOCK_SetSimConfig
 .text.CLOCK_GetOutClkFreq
                0x000116b0       0x64 ./drivers/fsl_clock.o
                0x000116b0                CLOCK_GetOutClkFreq
 .text.CLOCK_GetFllFreq
                0x00011714       0x74 ./drivers/fsl_clock.o
                0x00011714                CLOCK_GetFllFreq
 .text.CLOCK_GetInternalRefClkFreq
                0x00011788       0x24 ./drivers/fsl_clock.o
                0x00011788                CLOCK_GetInternalRefClkFreq
 .text.CLOCK_GetFixedFreqClkFreq
                0x000117ac       0x30 ./drivers/fsl_clock.o
                0x000117ac                CLOCK_GetFixedFreqClkFreq
 .text.CLOCK_GetPll0Freq
                0x000117dc       0x78 ./drivers/fsl_clock.o
                0x000117dc                CLOCK_GetPll0Freq
 .text.CLOCK_SetExternalRefClkConfig
                0x00011854       0x90 ./drivers/fsl_clock.o
                0x00011854                CLOCK_SetExternalRefClkConfig
 .text.CLOCK_SetInternalRefClkConfig
                0x000118e4      0x104 ./drivers/fsl_clock.o
                0x000118e4                CLOCK_SetInternalRefClkConfig
 .text.CLOCK_EnablePll0
                0x000119e8       0x94 ./drivers/fsl_clock.o
                0x000119e8                CLOCK_EnablePll0
 .text.CLOCK_InitOsc0
                0x00011a7c       0x8c ./drivers/fsl_clock.o
                0x00011a7c                CLOCK_InitOsc0
 .text.CLOCK_SetPbeMode
                0x00011b08       0xb8 ./drivers/fsl_clock.o
                0x00011b08                CLOCK_SetPbeMode
 .text.CLOCK_BootToPeeMode
                0x00011bc0       0x74 ./drivers/fsl_clock.o
                0x00011bc0                CLOCK_BootToPeeMode
 .text.__assert_func
                0x00011c34       0x28 ./drivers/fsl_common.o
                0x00011c34                __assert_func
 .text.NVIC_EnableIRQ
                0x00011c5c       0x30 ./drivers/fsl_enet.o
 .text.CLOCK_EnableClock
                0x00011c8c       0x34 ./drivers/fsl_enet.o
 .text.EnableIRQ
                0x00011cc0       0x28 ./drivers/fsl_enet.o
 .text.ENET_Reset
                0x00011ce8       0x20 ./drivers/fsl_enet.o
 .text.ENET_GetSMI
                0x00011d08       0x28 ./drivers/fsl_enet.o
 .text.ENET_EnableSleepMode
                0x00011d30       0x38 ./drivers/fsl_enet.o
 .text.ENET_EnableInterrupts
                0x00011d68       0x20 ./drivers/fsl_enet.o
 .text.ENET_GetInstance
                0x00011d88       0x54 ./drivers/fsl_enet.o
                0x00011d88                ENET_GetInstance
 .text.ENET_GetDefaultConfig
                0x00011ddc       0x54 ./drivers/fsl_enet.o
                0x00011ddc                ENET_GetDefaultConfig
 .text.ENET_Init
                0x00011e30      0x25c ./drivers/fsl_enet.o
                0x00011e30                ENET_Init
 .text.ENET_SetCallback
                0x0001208c       0x40 ./drivers/fsl_enet.o
                0x0001208c                ENET_SetCallback
 .text.ENET_SetMacController
                0x000120cc      0x2b8 ./drivers/fsl_enet.o
 .text.ENET_SetTxBufferDescriptors
                0x00012384       0xa4 ./drivers/fsl_enet.o
 .text.ENET_SetRxBufferDescriptors
                0x00012428       0xa8 ./drivers/fsl_enet.o
 .text.ENET_SetMacAddr
                0x000124d0       0x5c ./drivers/fsl_enet.o
                0x000124d0                ENET_SetMacAddr
 .text.ENET_SetSMI
                0x0001252c       0x94 ./drivers/fsl_enet.o
                0x0001252c                ENET_SetSMI
 .text.ENET_StartSMIWrite
                0x000125c0       0x50 ./drivers/fsl_enet.o
                0x000125c0                ENET_StartSMIWrite
 .text.ENET_StartSMIRead
                0x00012610       0x48 ./drivers/fsl_enet.o
                0x00012610                ENET_StartSMIRead
 .text.ENET_GetRxFrameSize
                0x00012658       0xec ./drivers/fsl_enet.o
                0x00012658                ENET_GetRxFrameSize
 .text.ENET_ReadFrame
                0x00012744      0x148 ./drivers/fsl_enet.o
                0x00012744                ENET_ReadFrame
 .text.ENET_UpdateReadBuffers
                0x0001288c       0x8c ./drivers/fsl_enet.o
 .text.ENET_SendFrame
                0x00012918      0x1ec ./drivers/fsl_enet.o
                0x00012918                ENET_SendFrame
 .text.ENET_AddMulticastGroup
                0x00012b04       0xe0 ./drivers/fsl_enet.o
                0x00012b04                ENET_AddMulticastGroup
 .text.ENET_TransmitIRQHandler
                0x00012be4       0x60 ./drivers/fsl_enet.o
                0x00012be4                ENET_TransmitIRQHandler
 .text.ENET_ReceiveIRQHandler
                0x00012c44       0x60 ./drivers/fsl_enet.o
                0x00012c44                ENET_ReceiveIRQHandler
 .text.ENET_ErrorIRQHandler
                0x00012ca4       0x98 ./drivers/fsl_enet.o
                0x00012ca4                ENET_ErrorIRQHandler
 .text.ENET_Transmit_IRQHandler
                0x00012d3c       0x20 ./drivers/fsl_enet.o
                0x00012d3c                ENET_Transmit_IRQHandler
 .text.ENET_Receive_IRQHandler
                0x00012d5c       0x20 ./drivers/fsl_enet.o
                0x00012d5c                ENET_Receive_IRQHandler
 .text.ENET_Error_IRQHandler
                0x00012d7c       0x20 ./drivers/fsl_enet.o
                0x00012d7c                ENET_Error_IRQHandler
 .text.CLOCK_EnableClock
                0x00012d9c       0x34 ./drivers/fsl_uart.o
 .text.UART_GetInstance
                0x00012dd0       0x60 ./drivers/fsl_uart.o
                0x00012dd0                UART_GetInstance
 .text.UART_Init
                0x00012e30      0x2d8 ./drivers/fsl_uart.o
                0x00012e30                UART_Init
 .text.UART_GetDefaultConfig
                0x00013108       0x5c ./drivers/fsl_uart.o
                0x00013108                UART_GetDefaultConfig
 .text.UART_GetStatusFlags
                0x00013164       0x48 ./drivers/fsl_uart.o
                0x00013164                UART_GetStatusFlags
 .text.UART_WriteBlocking
                0x000131ac       0x40 ./drivers/fsl_uart.o
                0x000131ac                UART_WriteBlocking
 .text.UART_ReadBlocking
                0x000131ec       0xa4 ./drivers/fsl_uart.o
                0x000131ec                UART_ReadBlocking
 .text.UART0_DriverIRQHandler
                0x00013290       0x20 ./drivers/fsl_uart.o
                0x00013290                UART0_DriverIRQHandler
 .text.UART0_RX_TX_DriverIRQHandler
                0x000132b0        0xc ./drivers/fsl_uart.o
                0x000132b0                UART0_RX_TX_DriverIRQHandler
 .text.UART1_DriverIRQHandler
                0x000132bc       0x20 ./drivers/fsl_uart.o
                0x000132bc                UART1_DriverIRQHandler
 .text.UART1_RX_TX_DriverIRQHandler
                0x000132dc        0xc ./drivers/fsl_uart.o
                0x000132dc                UART1_RX_TX_DriverIRQHandler
 .text.UART2_DriverIRQHandler
                0x000132e8       0x20 ./drivers/fsl_uart.o
                0x000132e8                UART2_DriverIRQHandler
 .text.UART2_RX_TX_DriverIRQHandler
                0x00013308        0xc ./drivers/fsl_uart.o
                0x00013308                UART2_RX_TX_DriverIRQHandler
 .text.UART3_DriverIRQHandler
                0x00013314       0x20 ./drivers/fsl_uart.o
                0x00013314                UART3_DriverIRQHandler
 .text.UART3_RX_TX_DriverIRQHandler
                0x00013334        0xc ./drivers/fsl_uart.o
                0x00013334                UART3_RX_TX_DriverIRQHandler
 .text.UART4_DriverIRQHandler
                0x00013340       0x20 ./drivers/fsl_uart.o
                0x00013340                UART4_DriverIRQHandler
 .text.UART4_RX_TX_DriverIRQHandler
                0x00013360        0xc ./drivers/fsl_uart.o
                0x00013360                UART4_RX_TX_DriverIRQHandler
 .text.UART5_DriverIRQHandler
                0x0001336c       0x20 ./drivers/fsl_uart.o
                0x0001336c                UART5_DriverIRQHandler
 .text.UART5_RX_TX_DriverIRQHandler
                0x0001338c        0xc ./drivers/fsl_uart.o
                0x0001338c                UART5_RX_TX_DriverIRQHandler
 .text.SystemInit
                0x00013398       0x3c ./devices/system_MK64F12.o
                0x00013398                SystemInit
 .text.__errno  0x000133d4        0xc c:/freescale/kds_v3/toolchain/bin/../lib/gcc/arm-none-eabi/4.8.4/../../../../arm-none-eabi/lib/armv7e-m/fpu\libg_s.a(lib_a-errno.o)
                0x000133d4                __errno
 .text.exit     0x000133e0       0x28 c:/freescale/kds_v3/toolchain/bin/../lib/gcc/arm-none-eabi/4.8.4/../../../../arm-none-eabi/lib/armv7e-m/fpu\libg_s.a(lib_a-exit.o)
                0x000133e0                exit
 .text.__libc_init_array
                0x00013408       0x4c c:/freescale/kds_v3/toolchain/bin/../lib/gcc/arm-none-eabi/4.8.4/../../../../arm-none-eabi/lib/armv7e-m/fpu\libg_s.a(lib_a-init.o)
                0x00013408                __libc_init_array
 .text.malloc   0x00013454       0x10 c:/freescale/kds_v3/toolchain/bin/../lib/gcc/arm-none-eabi/4.8.4/../../../../arm-none-eabi/lib/armv7e-m/fpu\libg_s.a(lib_a-malloc.o)
                0x00013454                malloc
 .text.free     0x00013464       0x10 c:/freescale/kds_v3/toolchain/bin/../lib/gcc/arm-none-eabi/4.8.4/../../../../arm-none-eabi/lib/armv7e-m/fpu\libg_s.a(lib_a-malloc.o)
                0x00013464                free
 .text.memcmp   0x00013474       0x1e c:/freescale/kds_v3/toolchain/bin/../lib/gcc/arm-none-eabi/4.8.4/../../../../arm-none-eabi/lib/armv7e-m/fpu\libg_s.a(lib_a-memcmp.o)
                0x00013474                memcmp
 .text.memcpy   0x00013492       0x12 c:/freescale/kds_v3/toolchain/bin/../lib/gcc/arm-none-eabi/4.8.4/../../../../arm-none-eabi/lib/armv7e-m/fpu\libg_s.a(lib_a-memcpy-stub.o)
                0x00013492                memcpy
 .text.memset   0x000134a4       0x10 c:/freescale/kds_v3/toolchain/bin/../lib/gcc/arm-none-eabi/4.8.4/../../../../arm-none-eabi/lib/armv7e-m/fpu\libg_s.a(lib_a-memset.o)
                0x000134a4                memset
 .text._free_r  0x000134b4       0x88 c:/freescale/kds_v3/toolchain/bin/../lib/gcc/arm-none-eabi/4.8.4/../../../../arm-none-eabi/lib/armv7e-m/fpu\libg_s.a(lib_a-nano-freer.o)
                0x000134b4                _free_r
 .text._malloc_r
                0x0001353c       0xa8 c:/freescale/kds_v3/toolchain/bin/../lib/gcc/arm-none-eabi/4.8.4/../../../../arm-none-eabi/lib/armv7e-m/fpu\libg_s.a(lib_a-nano-mallocr.o)
                0x0001353c                _malloc_r
 .text._sbrk_r  0x000135e4       0x20 c:/freescale/kds_v3/toolchain/bin/../lib/gcc/arm-none-eabi/4.8.4/../../../../arm-none-eabi/lib/armv7e-m/fpu\libg_s.a(lib_a-sbrkr.o)
                0x000135e4                _sbrk_r
 .text.strlen   0x00013604       0x10 c:/freescale/kds_v3/toolchain/bin/../lib/gcc/arm-none-eabi/4.8.4/../../../../arm-none-eabi/lib/armv7e-m/fpu\libg_s.a(lib_a-strlen.o)
                0x00013604                strlen
 .text._exit    0x00013614        0x4 c:/freescale/kds_v3/toolchain/bin/../lib/gcc/arm-none-eabi/4.8.4/../../../../arm-none-eabi/lib/armv7e-m/fpu\libnosys.a(_exit.o)
                0x00013614                _exit
 .text.initialise_monitor_handles
                0x00013618       0x9c c:/freescale/kds_v3/toolchain/bin/../lib/gcc/arm-none-eabi/4.8.4/../../../../arm-none-eabi/lib/armv7e-m/fpu\librdimon_s.a(rdimon-syscalls.o)
                0x00013618                initialise_monitor_handles
 *(.rodata)
 .rodata        0x000136b4       0x1c ./sources/clock_config.o
 .rodata        0x000136d0       0x30 ./sources/fsl_phy.o
 .rodata        0x00013700       0xec ./sources/main.o
 .rodata        0x000137ec      0x494 ./lwip/src/core/ipv4/dhcp.o
 .rodata        0x00013c80      0x208 ./lwip/src/core/ipv4/etharp.o
 .rodata        0x00013e88       0x98 ./lwip/src/core/ipv4/icmp.o
 .rodata        0x00013f20      0x280 ./lwip/src/core/ipv4/igmp.o
 .rodata        0x000141a0       0x3c ./lwip/src/core/ipv4/ip4.o
 .rodata        0x000141dc      0x178 ./lwip/src/core/ipv4/ip4_frag.o
 .rodata        0x00014354      0x1c0 ./lwip/src/core/mem.o
 .rodata        0x00014514      0x138 ./lwip/src/core/memp.o
 .rodata        0x0001464c       0x18 ./lwip/src/core/netif.o
 .rodata        0x00014664      0x4a0 ./lwip/src/core/pbuf.o
 .rodata        0x00014b04      0x424 ./lwip/src/core/tcp.o
 .rodata        0x00014f28      0x2c8 ./lwip/src/core/tcp_in.o
 .rodata        0x000151f0      0x3e0 ./lwip/src/core/tcp_out.o
 .rodata        0x000155d0       0x40 ./lwip/src/core/timeouts.o
 .rodata        0x00015610       0x44 ./lwip/src/core/udp.o
 .rodata        0x00015654      0x2b0 ./lwip/src/api/api_lib.o
 .rodata        0x00015904      0x49c ./lwip/src/api/api_msg.o
 .rodata        0x00015da0       0x88 ./lwip/src/api/tcpip.o
 .rodata        0x00015e28       0x2c ./lwip/port/ethernetif.o
 .rodata        0x00015e54        0x4 ./lwip/port/sys_arch.o
 .rodata        0x00015e58       0x84 ./lwip/contrib/apps/udpecho/udpecho.o
 .rodata        0x00015edc       0x18 ./freertos/Source/tasks.o
 .rodata        0x00015ef4       0x10 ./freertos/Source/timers.o
 .rodata        0x00015f04       0x48 ./drivers/fsl_clock.o
 .rodata        0x00015f4c       0x40 ./drivers/fsl_common.o
 .rodata        0x00015f8c      0x2f0 ./drivers/fsl_enet.o
 .rodata        0x0001627c      0x12c ./drivers/fsl_uart.o
 *(.rodata*)
 .rodata.__func__.6598
                0x000163a8        0xc ./sources/fsl_phy.o
 .rodata.__func__.6616
                0x000163b4       0x14 ./sources/fsl_phy.o
 .rodata.__func__.6625
                0x000163c8       0x18 ./sources/fsl_phy.o
 .rodata.ethbroadcast
                0x000163e0        0x8 ./lwip/src/netif/ethernet.o
                0x000163e0                ethbroadcast
 .rodata.ethzero
                0x000163e8        0x8 ./lwip/src/netif/ethernet.o
                0x000163e8                ethzero
 .rodata.ip_addr_any
                0x000163f0        0x4 ./lwip/src/core/ipv4/ip4_addr.o
                0x000163f0                ip_addr_any
 .rodata.ip_addr_broadcast
                0x000163f4        0x4 ./lwip/src/core/ipv4/ip4_addr.o
                0x000163f4                ip_addr_broadcast
 .rodata.memp_UDP_PCB
                0x000163f8       0x10 ./lwip/src/core/memp.o
                0x000163f8                memp_UDP_PCB
 .rodata.memp_TCP_PCB
                0x00016408       0x10 ./lwip/src/core/memp.o
                0x00016408                memp_TCP_PCB
 .rodata.memp_TCP_PCB_LISTEN
                0x00016418       0x10 ./lwip/src/core/memp.o
                0x00016418                memp_TCP_PCB_LISTEN
 .rodata.memp_TCP_SEG
                0x00016428       0x10 ./lwip/src/core/memp.o
                0x00016428                memp_TCP_SEG
 .rodata.memp_REASSDATA
                0x00016438       0x10 ./lwip/src/core/memp.o
                0x00016438                memp_REASSDATA
 .rodata.memp_FRAG_PBUF
                0x00016448       0x10 ./lwip/src/core/memp.o
                0x00016448                memp_FRAG_PBUF
 .rodata.memp_NETBUF
                0x00016458       0x10 ./lwip/src/core/memp.o
                0x00016458                memp_NETBUF
 .rodata.memp_NETCONN
                0x00016468       0x10 ./lwip/src/core/memp.o
                0x00016468                memp_NETCONN
 .rodata.memp_TCPIP_MSG_API
                0x00016478       0x10 ./lwip/src/core/memp.o
                0x00016478                memp_TCPIP_MSG_API
 .rodata.memp_TCPIP_MSG_INPKT
                0x00016488       0x10 ./lwip/src/core/memp.o
                0x00016488                memp_TCPIP_MSG_INPKT
 .rodata.memp_IGMP_GROUP
                0x00016498       0x10 ./lwip/src/core/memp.o
                0x00016498                memp_IGMP_GROUP
 .rodata.memp_SYS_TIMEOUT
                0x000164a8       0x10 ./lwip/src/core/memp.o
                0x000164a8                memp_SYS_TIMEOUT
 .rodata.memp_PBUF
                0x000164b8       0x10 ./lwip/src/core/memp.o
                0x000164b8                memp_PBUF
 .rodata.memp_PBUF_POOL
                0x000164c8       0x10 ./lwip/src/core/memp.o
                0x000164c8                memp_PBUF_POOL
 .rodata.memp_pools
                0x000164d8       0x38 ./lwip/src/core/memp.o
                0x000164d8                memp_pools
 .rodata.tcp_backoff
                0x00016510       0x10 ./lwip/src/core/tcp.o
                0x00016510                tcp_backoff
 .rodata.tcp_persist_backoff
                0x00016520        0x8 ./lwip/src/core/tcp.o
                0x00016520                tcp_persist_backoff
 .rodata.tcp_pcb_lists
                0x00016528       0x10 ./lwip/src/core/tcp.o
                0x00016528                tcp_pcb_lists
 .rodata.lwip_cyclic_timers
                0x00016538       0x30 ./lwip/src/core/timeouts.o
                0x00016538                lwip_cyclic_timers
 .rodata.__func__.6318
                0x00016568       0x18 ./drivers/fsl_clock.o
 .rodata.__func__.6363
                0x00016580       0x18 ./drivers/fsl_clock.o
 .rodata.__func__.6371
                0x00016598       0x18 ./drivers/fsl_clock.o
 .rodata.fllFactorTable.6446
                0x000165b0       0x10 ./drivers/fsl_clock.o
 .rodata.__func__.6461
                0x000165c0       0x14 ./drivers/fsl_clock.o
 .rodata.__func__.6509
                0x000165d4       0x14 ./drivers/fsl_clock.o
 .rodata.__func__.6645
                0x000165e8       0x14 ./drivers/fsl_clock.o
 .rodata.__func__.6709
                0x000165fc       0x14 ./drivers/fsl_clock.o
 .rodata.s_enetClock
                0x00016610        0x4 ./drivers/fsl_enet.o
                0x00016610                s_enetClock
 .rodata.__func__.6565
                0x00016614       0x14 ./drivers/fsl_enet.o
 .rodata.__func__.6569
                0x00016628       0x18 ./drivers/fsl_enet.o
 .rodata.__func__.6578
                0x00016640        0xc ./drivers/fsl_enet.o
 .rodata.__func__.6588
                0x0001664c       0x14 ./drivers/fsl_enet.o
 .rodata.__func__.6608
                0x00016660       0x1c ./drivers/fsl_enet.o
 .rodata.__func__.6621
                0x0001667c       0x1c ./drivers/fsl_enet.o
 .rodata.__func__.6650
                0x00016698        0xc ./drivers/fsl_enet.o
 .rodata.__func__.6682
                0x000166a4       0x14 ./drivers/fsl_enet.o
 .rodata.__func__.6693
                0x000166b8       0x10 ./drivers/fsl_enet.o
 .rodata.__func__.6709
                0x000166c8       0x18 ./drivers/fsl_enet.o
 .rodata.__func__.6716
                0x000166e0       0x10 ./drivers/fsl_enet.o
 .rodata.__func__.6726
                0x000166f0       0x18 ./drivers/fsl_enet.o
 .rodata.__func__.6756
                0x00016708       0x18 ./drivers/fsl_enet.o
 .rodata.__func__.6764
                0x00016720       0x18 ./drivers/fsl_enet.o
 .rodata.__func__.6772
                0x00016738       0x18 ./drivers/fsl_enet.o
 .rodata.s_uartBases
                0x00016750       0x18 ./drivers/fsl_uart.o
 .rodata.s_uartClock
                0x00016768       0x18 ./drivers/fsl_uart.o
 .rodata.__func__.6517
                0x00016780       0x14 ./drivers/fsl_uart.o
 .rodata.__func__.6533
                0x00016794        0xc ./drivers/fsl_uart.o
 .rodata.__func__.6551
                0x000167a0       0x18 ./drivers/fsl_uart.o
 .rodata.__func__.6611
                0x000167b8       0x14 ./drivers/fsl_uart.o
 .rodata.str1.1
                0x000167cc        0x2 c:/freescale/kds_v3/toolchain/bin/../lib/gcc/arm-none-eabi/4.8.4/../../../../arm-none-eabi/lib/armv7e-m/fpu\libg_s.a(lib_a-impure.o)
 *fill*         0x000167ce        0x2 
 .rodata._global_impure_ptr
                0x000167d0        0x4 c:/freescale/kds_v3/toolchain/bin/../lib/gcc/arm-none-eabi/4.8.4/../../../../arm-none-eabi/lib/armv7e-m/fpu\libg_s.a(lib_a-impure.o)
                0x000167d0                _global_impure_ptr
 .rodata.str1.1
                0x000167d4        0x4 c:/freescale/kds_v3/toolchain/bin/../lib/gcc/arm-none-eabi/4.8.4/../../../../arm-none-eabi/lib/armv7e-m/fpu\librdimon_s.a(rdimon-syscalls.o)
 .rodata.__sf_fake_stdin
                0x000167d8       0x20 c:/freescale/kds_v3/toolchain/bin/../lib/gcc/arm-none-eabi/4.8.4/../../../../arm-none-eabi/lib/armv7e-m/fpu\libc_s.a(lib_a-findfp.o)
                0x000167d8                __sf_fake_stdin
 .rodata.__sf_fake_stdout
                0x000167f8       0x20 c:/freescale/kds_v3/toolchain/bin/../lib/gcc/arm-none-eabi/4.8.4/../../../../arm-none-eabi/lib/armv7e-m/fpu\libc_s.a(lib_a-findfp.o)
                0x000167f8                __sf_fake_stdout
 .rodata.__sf_fake_stderr
                0x00016818       0x20 c:/freescale/kds_v3/toolchain/bin/../lib/gcc/arm-none-eabi/4.8.4/../../../../arm-none-eabi/lib/armv7e-m/fpu\libc_s.a(lib_a-findfp.o)
                0x00016818                __sf_fake_stderr
 *(.glue_7)
 .glue_7        0x00000000        0x0 linker stubs
 *(.glue_7t)
 .glue_7t       0x00000000        0x0 linker stubs
 *(.eh_frame)
 .eh_frame      0x00016838        0x0 c:/freescale/kds_v3/toolchain/bin/../lib/gcc/arm-none-eabi/4.8.4/armv7e-m/fpu/crtbegin.o
 *(.init)
 .init          0x00016838        0x4 c:/freescale/kds_v3/toolchain/bin/../lib/gcc/arm-none-eabi/4.8.4/armv7e-m/fpu/crti.o
                0x00016838                _init
 .init          0x0001683c        0x8 c:/freescale/kds_v3/toolchain/bin/../lib/gcc/arm-none-eabi/4.8.4/armv7e-m/fpu/crtn.o
 *(.fini)
 .fini          0x00016844        0x4 c:/freescale/kds_v3/toolchain/bin/../lib/gcc/arm-none-eabi/4.8.4/armv7e-m/fpu/crti.o
                0x00016844                _fini
 .fini          0x00016848        0x8 c:/freescale/kds_v3/toolchain/bin/../lib/gcc/arm-none-eabi/4.8.4/armv7e-m/fpu/crtn.o
                0x00016850                . = ALIGN (0x4)

.vfp11_veneer   0x00016850        0x0
 .vfp11_veneer  0x00000000        0x0 linker stubs

.v4_bx          0x00016850        0x0
 .v4_bx         0x00000000        0x0 linker stubs

.iplt           0x00016850        0x0
 .iplt          0x00000000        0x0 c:/freescale/kds_v3/toolchain/bin/../lib/gcc/arm-none-eabi/4.8.4/armv7e-m/fpu/crtbegin.o

.ARM.extab
 *(.ARM.extab* .gnu.linkonce.armextab.*)

.ARM            0x00016850        0x8
                0x00016850                __exidx_start = .
 *(.ARM.exidx*)
 .ARM.exidx     0x00016850        0x8 c:/freescale/kds_v3/toolchain/bin/../lib/gcc/arm-none-eabi/4.8.4/../../../../arm-none-eabi/lib/armv7e-m/fpu/rdimon-crt0.o
 .ARM.exidx     0x00016858        0x0 c:/freescale/kds_v3/toolchain/bin/../lib/gcc/arm-none-eabi/4.8.4/armv7e-m/fpu\libgcc.a(_divdi3.o)
                                  0x8 (size before relaxing)
 .ARM.exidx     0x00016858        0x0 c:/freescale/kds_v3/toolchain/bin/../lib/gcc/arm-none-eabi/4.8.4/armv7e-m/fpu\libgcc.a(_udivdi3.o)
                                  0x8 (size before relaxing)
                0x00016858                __exidx_end = .

.rel.dyn        0x00016858        0x0
 .rel.iplt      0x00000000        0x0 c:/freescale/kds_v3/toolchain/bin/../lib/gcc/arm-none-eabi/4.8.4/armv7e-m/fpu/crtbegin.o

.ctors          0x00016858        0x0
                0x00016858                __CTOR_LIST__ = .
 *crtbegin.o(.ctors)
 *crtbegin?.o(.ctors)
 *(EXCLUDE_FILE(*crtend.o *crtend?.o) .ctors)
 *(SORT(.ctors.*))
 *(.ctors)
                0x00016858                __CTOR_END__ = .

.dtors          0x00016858        0x0
                0x00016858                __DTOR_LIST__ = .
 *crtbegin.o(.dtors)
 *crtbegin?.o(.dtors)
 *(EXCLUDE_FILE(*crtend.o *crtend?.o) .dtors)
 *(SORT(.dtors.*))
 *(.dtors)
                0x00016858                __DTOR_END__ = .

.preinit_array  0x00016858        0x0
                0x00016858                PROVIDE (__preinit_array_start, .)
 *(.preinit_array*)
                0x00016858                PROVIDE (__preinit_array_end, .)

.init_array     0x00016858        0x4
                0x00016858                PROVIDE (__init_array_start, .)
 *(SORT(.init_array.*))
 *(.init_array*)
 .init_array    0x00016858        0x4 c:/freescale/kds_v3/toolchain/bin/../lib/gcc/arm-none-eabi/4.8.4/armv7e-m/fpu/crtbegin.o
                0x0001685c                PROVIDE (__init_array_end, .)

.fini_array     0x0001685c        0x4
                0x0001685c                PROVIDE (__fini_array_start, .)
 *(SORT(.fini_array.*))
 *(.fini_array*)
 .fini_array    0x0001685c        0x4 c:/freescale/kds_v3/toolchain/bin/../lib/gcc/arm-none-eabi/4.8.4/armv7e-m/fpu/crtbegin.o
                0x00016860                PROVIDE (__fini_array_end, .)
                0x00016860                __etext = .
                0x00016860                __DATA_ROM = .

.interrupts_ram
                0x1fff0000        0x0
                0x1fff0000                . = ALIGN (0x4)
                0x1fff0000                __VECTOR_RAM__ = .
                0x1fff0000                __interrupts_ram_start__ = .
 *(.m_interrupts_ram)
                0x1fff0000                . = (. + M_VECTOR_RAM_SIZE)
                0x1fff0000                . = ALIGN (0x4)
                0x1fff0000                __interrupts_ram_end__ = .
                0x00000000                __VECTOR_RAM = DEFINED (__ram_vector_table__)?__VECTOR_RAM__:ORIGIN (m_interrupts)
                0x00000000                __RAM_VECTOR_TABLE_SIZE_BYTES = DEFINED (__ram_vector_table__)?(__interrupts_ram_end__ - __interrupts_ram_start__):0x0

.data           0x1fff0000      0x198 load address 0x00016860
                0x1fff0000                . = ALIGN (0x4)
                0x1fff0000                __DATA_RAM = .
                0x1fff0000                __data_start__ = .
 *(.data)
 .data          0x1fff0000      0x110 c:/freescale/kds_v3/toolchain/bin/../lib/gcc/arm-none-eabi/4.8.4/../../../../arm-none-eabi/lib/armv7e-m/fpu/rdimon-crt0.o
                0x1fff0008                __stack_base__
 *(.data*)
 .data.dhcp_discover_request_options
                0x1fff0110        0x4 ./lwip/src/core/ipv4/dhcp.o
 .data.tcp_port
                0x1fff0114        0x2 ./lwip/src/core/tcp.o
 *fill*         0x1fff0116        0x2 
 .data.iss.7777
                0x1fff0118        0x4 ./lwip/src/core/tcp.o
 .data.udp_port
                0x1fff011c        0x2 ./lwip/src/core/udp.o
 *fill*         0x1fff011e        0x2 
 .data.uxCriticalNesting
                0x1fff0120        0x4 ./freertos/Source/portable/GCC/ARM_CM4F/port.o
 .data.s_slowIrcFreq
                0x1fff0124        0x4 ./drivers/fsl_clock.o
 .data.s_fastIrcFreq
                0x1fff0128        0x4 ./drivers/fsl_clock.o
 .data.SystemCoreClock
                0x1fff012c        0x4 ./devices/system_MK64F12.o
                0x1fff012c                SystemCoreClock
 .data.impure_data
                0x1fff0130       0x60 c:/freescale/kds_v3/toolchain/bin/../lib/gcc/arm-none-eabi/4.8.4/../../../../arm-none-eabi/lib/armv7e-m/fpu\libg_s.a(lib_a-impure.o)
 .data._impure_ptr
                0x1fff0190        0x4 c:/freescale/kds_v3/toolchain/bin/../lib/gcc/arm-none-eabi/4.8.4/../../../../arm-none-eabi/lib/armv7e-m/fpu\libg_s.a(lib_a-impure.o)
                0x1fff0190                _impure_ptr
 *(.jcr*)
 .jcr           0x1fff0194        0x0 c:/freescale/kds_v3/toolchain/bin/../lib/gcc/arm-none-eabi/4.8.4/armv7e-m/fpu/crtbegin.o
 .jcr           0x1fff0194        0x4 c:/freescale/kds_v3/toolchain/bin/../lib/gcc/arm-none-eabi/4.8.4/armv7e-m/fpu/crtend.o
                0x1fff0198                . = ALIGN (0x4)
                0x1fff0198                __data_end__ = .
                0x000169f8                __DATA_END = (__DATA_ROM + (__data_end__ - __data_start__))
                0x00100000                text_end = (ORIGIN (m_text) + 0xffbf0)
                0x00000001                ASSERT ((__DATA_END <= text_end), region m_text overflowed with text and data)
                0x00000000                USB_RAM_GAP = DEFINED (__usb_ram_size__)?__usb_ram_size__:0x0

.igot.plt       0x1fff0198        0x0 load address 0x000169f8
 .igot.plt      0x00000000        0x0 c:/freescale/kds_v3/toolchain/bin/../lib/gcc/arm-none-eabi/4.8.4/armv7e-m/fpu/crtbegin.o

.bss            0x1fff0198     0xdc68 load address 0x000169f8
                0x1fff0198                . = ALIGN (0x4)
                0x1fff0198                __START_BSS = .
                0x1fff0198                __bss_start__ = .
 *(.bss)
 .bss           0x1fff0198       0x1c c:/freescale/kds_v3/toolchain/bin/../lib/gcc/arm-none-eabi/4.8.4/armv7e-m/fpu/crtbegin.o
 *(.bss*)
 .bss.s_debugConsole
                0x1fff01b4       0x10 ./utilities/fsl_debug_console.o
 .bss.heap_end.4522
                0x1fff01c4        0x4 ./utilities/fsl_sbrk.o
 .bss.fsl_netif0.7496
                0x1fff01c8       0x38 ./sources/main.o
 .bss.dhcp_pcb  0x1fff0200        0x4 ./lwip/src/core/ipv4/dhcp.o
 .bss.xid.7725  0x1fff0204        0x4 ./lwip/src/core/ipv4/dhcp.o
 .bss.arp_table
                0x1fff0208       0xf0 ./lwip/src/core/ipv4/etharp.o
 .bss.etharp_cached_entry
                0x1fff02f8        0x1 ./lwip/src/core/ipv4/etharp.o
 *fill*         0x1fff02f9        0x3 
 .bss.igmp_group_list
                0x1fff02fc        0x4 ./lwip/src/core/ipv4/igmp.o
 .bss.allsystems
                0x1fff0300        0x4 ./lwip/src/core/ipv4/igmp.o
 .bss.allrouters
                0x1fff0304        0x4 ./lwip/src/core/ipv4/igmp.o
 .bss.ip_id     0x1fff0308        0x2 ./lwip/src/core/ipv4/ip4.o
 *fill*         0x1fff030a        0x2 
 .bss.ip4_default_multicast_netif
                0x1fff030c        0x4 ./lwip/src/core/ipv4/ip4.o
 .bss.reassdatagrams
                0x1fff0310        0x4 ./lwip/src/core/ipv4/ip4_frag.o
 .bss.ip_reass_pbufcount
                0x1fff0314        0x2 ./lwip/src/core/ipv4/ip4_frag.o
 *fill*         0x1fff0316        0x2 
 .bss.ip_data   0x1fff0318       0x18 ./lwip/src/core/ip.o
                0x1fff0318                ip_data
 .bss.ram_heap  0x1fff0330     0x5814 ./lwip/src/core/mem.o
                0x1fff0330                ram_heap
 .bss.ram       0x1fff5b44        0x4 ./lwip/src/core/mem.o
 .bss.ram_end   0x1fff5b48        0x4 ./lwip/src/core/mem.o
 .bss.lfree     0x1fff5b4c        0x4 ./lwip/src/core/mem.o
 .bss.mem_mutex
                0x1fff5b50        0x4 ./lwip/src/core/mem.o
 .bss.memp_memory_UDP_PCB_base
                0x1fff5b54       0xf4 ./lwip/src/core/memp.o
                0x1fff5b54                memp_memory_UDP_PCB_base
 .bss.memp_tab_UDP_PCB
                0x1fff5c48        0x4 ./lwip/src/core/memp.o
 .bss.memp_memory_TCP_PCB_base